stm32f1xx_it.c:75:6:NMI_Handler	8	static
stm32f1xx_it.c:89:6:HardFault_Handler	4	static
stm32f1xx_it.c:104:6:MemManage_Handler	4	static
stm32f1xx_it.c:119:6:BusFault_Handler	4	static
stm32f1xx_it.c:134:6:UsageFault_Handler	4	static
stm32f1xx_it.c:149:6:DebugMon_Handler	4	static
stm32f1xx_it.c:169:6:DMA1_Channel4_IRQHandler	8	static
stm32f1xx_it.c:183:6:DMA1_Channel5_IRQHandler	8	static
stm32f1xx_it.c:197:6:USB_LP_CAN1_RX0_IRQHandler	8	static
stm32f1xx_it.c:211:6:TIM1_UP_IRQHandler	8	static
stm32f1xx_it.c:225:6:USART1_IRQHandler	8	static
