Archive member included to satisfy reference by file (symbol)

c:/st/stm32cubeide_1.4.0/stm32cubeide/plugins/com.st.stm32cube.ide.mcu.externaltools.gnu-tools-for-stm32.7-2018-q2-update.win32_1.4.0.202007081208/tools/bin/../lib/gcc/arm-none-eabi/7.3.1/../../../../arm-none-eabi/lib/thumb/v7-m\libc_nano.a(lib_a-errno.o)
                              Core/Src/syscalls.o (__errno)
c:/st/stm32cubeide_1.4.0/stm32cubeide/plugins/com.st.stm32cube.ide.mcu.externaltools.gnu-tools-for-stm32.7-2018-q2-update.win32_1.4.0.202007081208/tools/bin/../lib/gcc/arm-none-eabi/7.3.1/../../../../arm-none-eabi/lib/thumb/v7-m\libc_nano.a(lib_a-exit.o)
                              c:/st/stm32cubeide_1.4.0/stm32cubeide/plugins/com.st.stm32cube.ide.mcu.externaltools.gnu-tools-for-stm32.7-2018-q2-update.win32_1.4.0.202007081208/tools/bin/../lib/gcc/arm-none-eabi/7.3.1/../../../../arm-none-eabi/lib/thumb/v7-m/crt0.o (exit)
c:/st/stm32cubeide_1.4.0/stm32cubeide/plugins/com.st.stm32cube.ide.mcu.externaltools.gnu-tools-for-stm32.7-2018-q2-update.win32_1.4.0.202007081208/tools/bin/../lib/gcc/arm-none-eabi/7.3.1/../../../../arm-none-eabi/lib/thumb/v7-m\libc_nano.a(lib_a-impure.o)
                              c:/st/stm32cubeide_1.4.0/stm32cubeide/plugins/com.st.stm32cube.ide.mcu.externaltools.gnu-tools-for-stm32.7-2018-q2-update.win32_1.4.0.202007081208/tools/bin/../lib/gcc/arm-none-eabi/7.3.1/../../../../arm-none-eabi/lib/thumb/v7-m\libc_nano.a(lib_a-exit.o) (_global_impure_ptr)
c:/st/stm32cubeide_1.4.0/stm32cubeide/plugins/com.st.stm32cube.ide.mcu.externaltools.gnu-tools-for-stm32.7-2018-q2-update.win32_1.4.0.202007081208/tools/bin/../lib/gcc/arm-none-eabi/7.3.1/../../../../arm-none-eabi/lib/thumb/v7-m\libc_nano.a(lib_a-init.o)
                              c:/st/stm32cubeide_1.4.0/stm32cubeide/plugins/com.st.stm32cube.ide.mcu.externaltools.gnu-tools-for-stm32.7-2018-q2-update.win32_1.4.0.202007081208/tools/bin/../lib/gcc/arm-none-eabi/7.3.1/../../../../arm-none-eabi/lib/thumb/v7-m/crt0.o (__libc_init_array)
c:/st/stm32cubeide_1.4.0/stm32cubeide/plugins/com.st.stm32cube.ide.mcu.externaltools.gnu-tools-for-stm32.7-2018-q2-update.win32_1.4.0.202007081208/tools/bin/../lib/gcc/arm-none-eabi/7.3.1/../../../../arm-none-eabi/lib/thumb/v7-m\libc_nano.a(lib_a-memcpy-stub.o)
                              Middlewares/Third_Party/FreeRTOS/Source/CMSIS_RTOS_V2/cmsis_os2.o (memcpy)
c:/st/stm32cubeide_1.4.0/stm32cubeide/plugins/com.st.stm32cube.ide.mcu.externaltools.gnu-tools-for-stm32.7-2018-q2-update.win32_1.4.0.202007081208/tools/bin/../lib/gcc/arm-none-eabi/7.3.1/../../../../arm-none-eabi/lib/thumb/v7-m\libc_nano.a(lib_a-memset.o)
                              c:/st/stm32cubeide_1.4.0/stm32cubeide/plugins/com.st.stm32cube.ide.mcu.externaltools.gnu-tools-for-stm32.7-2018-q2-update.win32_1.4.0.202007081208/tools/bin/../lib/gcc/arm-none-eabi/7.3.1/../../../../arm-none-eabi/lib/thumb/v7-m/crt0.o (memset)

Allocating common symbols
Common symbol       size              file

QueueRgbLedHandle   0x4               Core/Src/freertos.o
defaultTaskHandle   0x4               Core/Src/freertos.o
QueueMPU6050Handle  0x4               Core/Src/freertos.o
QueueRightWheelDireHandle
                    0x4               Core/Src/freertos.o
htim4               0x48              Core/Src/tim.o
QueueVL6180XHandle  0x4               Core/Src/freertos.o
hi2c1               0x54              Core/Src/i2c.o
TaskLeftWheelSpeedHandle
                    0x4               Core/Src/freertos.o
hcrc                0x8               Core/Src/crc.o
TaskRightEncoderHandle
                    0x4               Core/Src/freertos.o
TaskUsartDateHandle
                    0x4               Core/Src/freertos.o
TaskUpdateHandle    0x4               Core/Src/freertos.o
TaskVL6180XHandle   0x4               Core/Src/freertos.o
Right_Encoder       0x14              Core/Src/adc.o
uwTick              0x4               Drivers/STM32F1xx_HAL_Driver/Src/stm32f1xx_hal.o
QueuePowerButtonHandle
                    0x4               Core/Src/freertos.o
xQueueRegistry      0x40              Middlewares/Third_Party/FreeRTOS/Source/queue.o
PC_SerialPort       0x18              Core/Src/adc.o
pFlash              0x20              Drivers/STM32F1xx_HAL_Driver/Src/stm32f1xx_hal_flash.o
QueueTouchHandle    0x4               Core/Src/freertos.o
QueueGoHomeHandle   0x4               Core/Src/freertos.o
htim3               0x48              Core/Src/tim.o
TaskLeftWheelDireHandle
                    0x4               Core/Src/freertos.o
QueueRightEncoderHandle
                    0x4               Core/Src/freertos.o
TaskRightWheelSpeedHandle
                    0x4               Core/Src/freertos.o
TaskVL53L0Handle    0x4               Core/Src/freertos.o
hadc1               0x30              Core/Src/adc.o
GoHome_Button       0x8               Core/Src/adc.o
Left_Encoder        0x14              Core/Src/adc.o
huart1              0x40              Core/Src/usart.o
[...]
Memory Configuration

Name             Origin             Length             Attributes
RAM              0x0000000020000000 0x0000000000005000 xrw
FLASH            0x0000000008000000 0x0000000000010000 xr
*default*        0x0000000000000000 0xffffffffffffffff

Linker script and memory map

LOAD c:/st/stm32cubeide_1.4.0/stm32cubeide/plugins/com.st.stm32cube.ide.mcu.externaltools.gnu-tools-for-stm32.7-2018-q2-update.win32_1.4.0.202007081208/tools/bin/../lib/gcc/arm-none-eabi/7.3.1/thumb/v7-m/crti.o
LOAD c:/st/stm32cubeide_1.4.0/stm32cubeide/plugins/com.st.stm32cube.ide.mcu.externaltools.gnu-tools-for-stm32.7-2018-q2-update.win32_1.4.0.202007081208/tools/bin/../lib/gcc/arm-none-eabi/7.3.1/thumb/v7-m/crtbegin.o
LOAD c:/st/stm32cubeide_1.4.0/stm32cubeide/plugins/com.st.stm32cube.ide.mcu.externaltools.gnu-tools-for-stm32.7-2018-q2-update.win32_1.4.0.202007081208/tools/bin/../lib/gcc/arm-none-eabi/7.3.1/../../../../arm-none-eabi/lib/thumb/v7-m/crt0.o
LOAD Core/Src/adc.o
LOAD Core/Src/crc.o
LOAD Core/Src/freertos.o
LOAD Core/Src/gpio.o
LOAD Core/Src/i2c.o
LOAD Core/Src/main.o
LOAD Core/Src/stm32f1xx_hal_msp.o
LOAD Core/Src/stm32f1xx_hal_timebase_tim.o
LOAD Core/Src/stm32f1xx_it.o
LOAD Core/Src/syscalls.o
LOAD Core/Src/sysmem.o
LOAD Core/Src/system_stm32f1xx.o
LOAD Core/Src/tim.o
LOAD Core/Src/usart.o
LOAD Core/Startup/startup_stm32f103c8tx.o
LOAD Drivers/STM32F1xx_HAL_Driver/Src/stm32f1xx_hal.o
LOAD Drivers/STM32F1xx_HAL_Driver/Src/stm32f1xx_hal_adc.o
LOAD Drivers/STM32F1xx_HAL_Driver/Src/stm32f1xx_hal_adc_ex.o
LOAD Drivers/STM32F1xx_HAL_Driver/Src/stm32f1xx_hal_cortex.o
LOAD Drivers/STM32F1xx_HAL_Driver/Src/stm32f1xx_hal_crc.o
LOAD Drivers/STM32F1xx_HAL_Driver/Src/stm32f1xx_hal_dma.o
LOAD Drivers/STM32F1xx_HAL_Driver/Src/stm32f1xx_hal_exti.o
LOAD Drivers/STM32F1xx_HAL_Driver/Src/stm32f1xx_hal_flash.o
LOAD Drivers/STM32F1xx_HAL_Driver/Src/stm32f1xx_hal_flash_ex.o
LOAD Drivers/STM32F1xx_HAL_Driver/Src/stm32f1xx_hal_gpio.o
LOAD Drivers/STM32F1xx_HAL_Driver/Src/stm32f1xx_hal_gpio_ex.o
LOAD Drivers/STM32F1xx_HAL_Driver/Src/stm32f1xx_hal_i2c.o
LOAD Drivers/STM32F1xx_HAL_Driver/Src/stm32f1xx_hal_pwr.o
LOAD Drivers/STM32F1xx_HAL_Driver/Src/stm32f1xx_hal_rcc.o
LOAD Drivers/STM32F1xx_HAL_Driver/Src/stm32f1xx_hal_rcc_ex.o
LOAD Drivers/STM32F1xx_HAL_Driver/Src/stm32f1xx_hal_tim.o
LOAD Drivers/STM32F1xx_HAL_Driver/Src/stm32f1xx_hal_tim_ex.o
LOAD Drivers/STM32F1xx_HAL_Driver/Src/stm32f1xx_hal_uart.o
LOAD Middlewares/Third_Party/FreeRTOS/Source/CMSIS_RTOS_V2/cmsis_os2.o
LOAD Middlewares/Third_Party/FreeRTOS/Source/croutine.o
LOAD Middlewares/Third_Party/FreeRTOS/Source/event_groups.o
LOAD Middlewares/Third_Party/FreeRTOS/Source/list.o
LOAD Middlewares/Third_Party/FreeRTOS/Source/queue.o
LOAD Middlewares/Third_Party/FreeRTOS/Source/stream_buffer.o
LOAD Middlewares/Third_Party/FreeRTOS/Source/tasks.o
LOAD Middlewares/Third_Party/FreeRTOS/Source/timers.o
LOAD Middlewares/Third_Party/FreeRTOS/Source/portable/GCC/ARM_CM3/port.o
LOAD Middlewares/Third_Party/FreeRTOS/Source/portable/MemMang/heap_4.o
LOAD MyCode/Src/board.o
START GROUP
LOAD c:/st/stm32cubeide_1.4.0/stm32cubeide/plugins/com.st.stm32cube.ide.mcu.externaltools.gnu-tools-for-stm32.7-2018-q2-update.win32_1.4.0.202007081208/tools/bin/../lib/gcc/arm-none-eabi/7.3.1/../../../../arm-none-eabi/lib/thumb/v7-m\libc_nano.a
LOAD c:/st/stm32cubeide_1.4.0/stm32cubeide/plugins/com.st.stm32cube.ide.mcu.externaltools.gnu-tools-for-stm32.7-2018-q2-update.win32_1.4.0.202007081208/tools/bin/../lib/gcc/arm-none-eabi/7.3.1/../../../../arm-none-eabi/lib/thumb/v7-m\libm.a
END GROUP
START GROUP
LOAD c:/st/stm32cubeide_1.4.0/stm32cubeide/plugins/com.st.stm32cube.ide.mcu.externaltools.gnu-tools-for-stm32.7-2018-q2-update.win32_1.4.0.202007081208/tools/bin/../lib/gcc/arm-none-eabi/7.3.1/thumb/v7-m\libgcc.a
LOAD c:/st/stm32cubeide_1.4.0/stm32cubeide/plugins/com.st.stm32cube.ide.mcu.externaltools.gnu-tools-for-stm32.7-2018-q2-update.win32_1.4.0.202007081208/tools/bin/../lib/gcc/arm-none-eabi/7.3.1/../../../../arm-none-eabi/lib/thumb/v7-m\libc_nano.a
END GROUP
START GROUP
LOAD c:/st/stm32cubeide_1.4.0/stm32cubeide/plugins/com.st.stm32cube.ide.mcu.externaltools.gnu-tools-for-stm32.7-2018-q2-update.win32_1.4.0.202007081208/tools/bin/../lib/gcc/arm-none-eabi/7.3.1/thumb/v7-m\libgcc.a
LOAD c:/st/stm32cubeide_1.4.0/stm32cubeide/plugins/com.st.stm32cube.ide.mcu.externaltools.gnu-tools-for-stm32.7-2018-q2-update.win32_1.4.0.202007081208/tools/bin/../lib/gcc/arm-none-eabi/7.3.1/../../../../arm-none-eabi/lib/thumb/v7-m\libc_nano.a
LOAD c:/st/stm32cubeide_1.4.0/stm32cubeide/plugins/com.st.stm32cube.ide.mcu.externaltools.gnu-tools-for-stm32.7-2018-q2-update.win32_1.4.0.202007081208/tools/bin/../lib/gcc/arm-none-eabi/7.3.1/../../../../arm-none-eabi/lib/thumb/v7-m\libnosys.a
END GROUP
START GROUP
LOAD c:/st/stm32cubeide_1.4.0/stm32cubeide/plugins/com.st.stm32cube.ide.mcu.externaltools.gnu-tools-for-stm32.7-2018-q2-update.win32_1.4.0.202007081208/tools/bin/../lib/gcc/arm-none-eabi/7.3.1/thumb/v7-m\libgcc.a
LOAD c:/st/stm32cubeide_1.4.0/stm32cubeide/plugins/com.st.stm32cube.ide.mcu.externaltools.gnu-tools-for-stm32.7-2018-q2-update.win32_1.4.0.202007081208/tools/bin/../lib/gcc/arm-none-eabi/7.3.1/../../../../arm-none-eabi/lib/thumb/v7-m\libc_nano.a
LOAD c:/st/stm32cubeide_1.4.0/stm32cubeide/plugins/com.st.stm32cube.ide.mcu.externaltools.gnu-tools-for-stm32.7-2018-q2-update.win32_1.4.0.202007081208/tools/bin/../lib/gcc/arm-none-eabi/7.3.1/../../../../arm-none-eabi/lib/thumb/v7-m\libnosys.a
END GROUP
LOAD c:/st/stm32cubeide_1.4.0/stm32cubeide/plugins/com.st.stm32cube.ide.mcu.externaltools.gnu-tools-for-stm32.7-2018-q2-update.win32_1.4.0.202007081208/tools/bin/../lib/gcc/arm-none-eabi/7.3.1/thumb/v7-m/crtend.o
LOAD c:/st/stm32cubeide_1.4.0/stm32cubeide/plugins/com.st.stm32cube.ide.mcu.externaltools.gnu-tools-for-stm32.7-2018-q2-update.win32_1.4.0.202007081208/tools/bin/../lib/gcc/arm-none-eabi/7.3.1/thumb/v7-m/crtn.o
                0x0000000020005000                _estack = (ORIGIN (RAM) + LENGTH (RAM))
                0x0000000000000200                _Min_Heap_Size = 0x200
                0x0000000000000400                _Min_Stack_Size = 0x400

.isr_vector     0x0000000008000000      0x10c
                0x0000000008000000                . = ALIGN (0x4)
 *(.isr_vector)
 .isr_vector    0x0000000008000000      0x10c Core/Startup/startup_stm32f103c8tx.o
                0x0000000008000000                g_pfnVectors
                0x000000000800010c                . = ALIGN (0x4)

.text           0x0000000008000110     0x6ac4
                0x0000000008000110                . = ALIGN (0x4)
 *(.text)
 .text          0x0000000008000110       0x40 c:/st/stm32cubeide_1.4.0/stm32cubeide/plugins/com.st.stm32cube.ide.mcu.externaltools.gnu-tools-for-stm32.7-2018-q2-update.win32_1.4.0.202007081208/tools/bin/../lib/gcc/arm-none-eabi/7.3.1/thumb/v7-m/crtbegin.o
 *(.text*)
 .text.MX_ADC1_Init
                0x0000000008000150       0x7c Core/Src/adc.o
                0x0000000008000150                MX_ADC1_Init
 .text.HAL_ADC_MspInit
                0x00000000080001cc       0x78 Core/Src/adc.o
                0x00000000080001cc                HAL_ADC_MspInit
 .text.MX_CRC_Init
                0x0000000008000244       0x28 Core/Src/crc.o
                0x0000000008000244                MX_CRC_Init
 .text.HAL_CRC_MspInit
                0x000000000800026c       0x3c Core/Src/crc.o
                0x000000000800026c                HAL_CRC_MspInit
 .text.MX_FREERTOS_Init
                0x00000000080002a8      0x318 Core/Src/freertos.o
                0x00000000080002a8                MX_FREERTOS_Init
 .text.StartDefaultTask
                0x00000000080005c0      0x148 Core/Src/freertos.o
                0x00000000080005c0                StartDefaultTask
 .text.StartTaskLeftWheelSpeed
                0x0000000008000708       0x38 Core/Src/freertos.o
                0x0000000008000708                StartTaskLeftWheelSpeed
 .text.StartTaskRightWheelSpeed
                0x0000000008000740       0x38 Core/Src/freertos.o
                0x0000000008000740                StartTaskRightWheelSpeed
 .text.StartTaskLeftEncoder
                0x0000000008000778       0x40 Core/Src/freertos.o
                0x0000000008000778                StartTaskLeftEncoder
 .text.StartTaskRightEncoder
                0x00000000080007b8       0x40 Core/Src/freertos.o
                0x00000000080007b8                StartTaskRightEncoder
 .text.StartTaskMPU6050
                0x00000000080007f8       0x10 Core/Src/freertos.o
                0x00000000080007f8                StartTaskMPU6050
 .text.StartTaskVL53L0
                0x0000000008000808       0x10 Core/Src/freertos.o
                0x0000000008000808                StartTaskVL53L0
 .text.StartTaskVL6180X
                0x0000000008000818       0x10 Core/Src/freertos.o
                0x0000000008000818                StartTaskVL6180X
 .text.StartTaskTouch
                0x0000000008000828       0x38 Core/Src/freertos.o
                0x0000000008000828                StartTaskTouch
 .text.StartTaskGoHome
                0x0000000008000860       0x38 Core/Src/freertos.o
                0x0000000008000860                StartTaskGoHome
 .text.StartTaskUpdate
                0x0000000008000898       0x10 Core/Src/freertos.o
                0x0000000008000898                StartTaskUpdate
 .text.StartTaskUsartDate
                0x00000000080008a8       0x10 Core/Src/freertos.o
                0x00000000080008a8                StartTaskUsartDate
 .text.StartTaskLeftWheelDire
                0x00000000080008b8       0x38 Core/Src/freertos.o
                0x00000000080008b8                StartTaskLeftWheelDire
 .text.StartTaskRightWheelDire
                0x00000000080008f0       0x38 Core/Src/freertos.o
                0x00000000080008f0                StartTaskRightWheelDire
 .text.StartTaskPowerButton
                0x0000000008000928       0x38 Core/Src/freertos.o
                0x0000000008000928                StartTaskPowerButton
 .text.StartTaskRgbLed
                0x0000000008000960       0x38 Core/Src/freertos.o
                0x0000000008000960                StartTaskRgbLed
 .text.MX_GPIO_Init
                0x0000000008000998      0x124 Core/Src/gpio.o
                0x0000000008000998                MX_GPIO_Init
 .text.MX_I2C1_Init
                0x0000000008000abc       0x5c Core/Src/i2c.o
                0x0000000008000abc                MX_I2C1_Init
 .text.HAL_I2C_MspInit
                0x0000000008000b18       0xa0 Core/Src/i2c.o
                0x0000000008000b18                HAL_I2C_MspInit
 .text.main     0x0000000008000bb8       0x3a Core/Src/main.o
                0x0000000008000bb8                main
 .text.SystemClock_Config
                0x0000000008000bf2       0xb6 Core/Src/main.o
                0x0000000008000bf2                SystemClock_Config
 .text.HAL_TIM_PeriodElapsedCallback
                0x0000000008000ca8       0x24 Core/Src/main.o
                0x0000000008000ca8                HAL_TIM_PeriodElapsedCallback
 .text.Error_Handler
                0x0000000008000ccc        0xc Core/Src/main.o
                0x0000000008000ccc                Error_Handler
 .text.HAL_MspInit
                0x0000000008000cd8       0x64 Core/Src/stm32f1xx_hal_msp.o
                0x0000000008000cd8                HAL_MspInit
 .text.HAL_InitTick
                0x0000000008000d3c       0xac Core/Src/stm32f1xx_hal_timebase_tim.o
                0x0000000008000d3c                HAL_InitTick
 .text.NMI_Handler
                0x0000000008000de8        0xc Core/Src/stm32f1xx_it.o
                0x0000000008000de8                NMI_Handler
 .text.HardFault_Handler
                0x0000000008000df4        0x6 Core/Src/stm32f1xx_it.o
                0x0000000008000df4                HardFault_Handler
 .text.MemManage_Handler
                0x0000000008000dfa        0x6 Core/Src/stm32f1xx_it.o
                0x0000000008000dfa                MemManage_Handler
 .text.BusFault_Handler
                0x0000000008000e00        0x6 Core/Src/stm32f1xx_it.o
                0x0000000008000e00                BusFault_Handler
 .text.UsageFault_Handler
                0x0000000008000e06        0x6 Core/Src/stm32f1xx_it.o
                0x0000000008000e06                UsageFault_Handler
 .text.DebugMon_Handler
                0x0000000008000e0c        0xc Core/Src/stm32f1xx_it.o
                0x0000000008000e0c                DebugMon_Handler
 .text.TIM1_UP_IRQHandler
                0x0000000008000e18       0x14 Core/Src/stm32f1xx_it.o
                0x0000000008000e18                TIM1_UP_IRQHandler
 .text.SystemInit
                0x0000000008000e2c        0xc Core/Src/system_stm32f1xx.o
                0x0000000008000e2c                SystemInit
 .text.MX_TIM2_Init
                0x0000000008000e38      0x100 Core/Src/tim.o
                0x0000000008000e38                MX_TIM2_Init
 .text.MX_TIM3_Init
                0x0000000008000f38       0xa8 Core/Src/tim.o
                0x0000000008000f38                MX_TIM3_Init
 .text.MX_TIM4_Init
                0x0000000008000fe0       0xa8 Core/Src/tim.o
                0x0000000008000fe0                MX_TIM4_Init
 .text.HAL_TIM_Base_MspInit
                0x0000000008001088       0x38 Core/Src/tim.o
                0x0000000008001088                HAL_TIM_Base_MspInit
 .text.HAL_TIM_Encoder_MspInit
                0x00000000080010c0       0xfc Core/Src/tim.o
                0x00000000080010c0                HAL_TIM_Encoder_MspInit
 .text.HAL_TIM_MspPostInit
                0x00000000080011bc       0xc0 Core/Src/tim.o
                0x00000000080011bc                HAL_TIM_MspPostInit
 .text.MX_USART1_UART_Init
                0x000000000800127c       0x54 Core/Src/usart.o
                0x000000000800127c                MX_USART1_UART_Init
 .text.HAL_UART_MspInit
                0x00000000080012d0       0x98 Core/Src/usart.o
                0x00000000080012d0                HAL_UART_MspInit
 .text.Reset_Handler
                0x0000000008001368       0x48 Core/Startup/startup_stm32f103c8tx.o
                0x0000000008001368                Reset_Handler
 .text.Default_Handler
                0x00000000080013b0        0x2 Core/Startup/startup_stm32f103c8tx.o
                0x00000000080013b0                RTC_Alarm_IRQHandler
                0x00000000080013b0                EXTI2_IRQHandler
                0x00000000080013b0                TIM1_CC_IRQHandler
                0x00000000080013b0                PVD_IRQHandler
                0x00000000080013b0                EXTI3_IRQHandler
                0x00000000080013b0                EXTI0_IRQHandler
                0x00000000080013b0                I2C2_EV_IRQHandler
                0x00000000080013b0                ADC1_2_IRQHandler
                0x00000000080013b0                SPI1_IRQHandler
                0x00000000080013b0                TAMPER_IRQHandler
                0x00000000080013b0                DMA1_Channel4_IRQHandler
                0x00000000080013b0                USART3_IRQHandler
                0x00000000080013b0                RTC_IRQHandler
                0x00000000080013b0                DMA1_Channel7_IRQHandler
                0x00000000080013b0                CAN1_RX1_IRQHandler
                0x00000000080013b0                TIM4_IRQHandler
                0x00000000080013b0                I2C1_EV_IRQHandler
                0x00000000080013b0                DMA1_Channel6_IRQHandler
                0x00000000080013b0                TIM3_IRQHandler
                0x00000000080013b0                RCC_IRQHandler
                0x00000000080013b0                TIM1_TRG_COM_IRQHandler
                0x00000000080013b0                DMA1_Channel1_IRQHandler
                0x00000000080013b0                Default_Handler
                0x00000000080013b0                EXTI15_10_IRQHandler
                0x00000000080013b0                EXTI9_5_IRQHandler
                0x00000000080013b0                SPI2_IRQHandler
                0x00000000080013b0                DMA1_Channel5_IRQHandler
                0x00000000080013b0                EXTI4_IRQHandler
                0x00000000080013b0                USB_LP_CAN1_RX0_IRQHandler
                0x00000000080013b0                USB_HP_CAN1_TX_IRQHandler
                0x00000000080013b0                DMA1_Channel3_IRQHandler
                0x00000000080013b0                WWDG_IRQHandler
                0x00000000080013b0                TIM2_IRQHandler
                0x00000000080013b0                TIM1_BRK_IRQHandler
                0x00000000080013b0                EXTI1_IRQHandler
                0x00000000080013b0                USART2_IRQHandler
                0x00000000080013b0                I2C2_ER_IRQHandler
                0x00000000080013b0                DMA1_Channel2_IRQHandler
                0x00000000080013b0                CAN1_SCE_IRQHandler
                0x00000000080013b0                FLASH_IRQHandler
                0x00000000080013b0                USART1_IRQHandler
                0x00000000080013b0                I2C1_ER_IRQHandler
                0x00000000080013b0                USBWakeUp_IRQHandler
 *fill*         0x00000000080013b2        0x2 
 .text.HAL_Init
                0x00000000080013b4       0x2c Drivers/STM32F1xx_HAL_Driver/Src/stm32f1xx_hal.o
                0x00000000080013b4                HAL_Init
 .text.HAL_IncTick
                0x00000000080013e0       0x24 Drivers/STM32F1xx_HAL_Driver/Src/stm32f1xx_hal.o
                0x00000000080013e0                HAL_IncTick
 .text.HAL_GetTick
                0x0000000008001404       0x14 Drivers/STM32F1xx_HAL_Driver/Src/stm32f1xx_hal.o
                0x0000000008001404                HAL_GetTick
 .text.HAL_ADC_Init
                0x0000000008001418      0x1b0 Drivers/STM32F1xx_HAL_Driver/Src/stm32f1xx_hal_adc.o
                0x0000000008001418                HAL_ADC_Init
 .text.HAL_ADC_ConfigChannel
                0x00000000080015c8      0x1f0 Drivers/STM32F1xx_HAL_Driver/Src/stm32f1xx_hal_adc.o
                0x00000000080015c8                HAL_ADC_ConfigChannel
 .text.ADC_ConversionStop_Disable
                0x00000000080017b8       0x74 Drivers/STM32F1xx_HAL_Driver/Src/stm32f1xx_hal_adc.o
                0x00000000080017b8                ADC_ConversionStop_Disable
 .text.__NVIC_SetPriorityGrouping
                0x000000000800182c       0x48 Drivers/STM32F1xx_HAL_Driver/Src/stm32f1xx_hal_cortex.o
 .text.__NVIC_GetPriorityGrouping
                0x0000000008001874       0x1c Drivers/STM32F1xx_HAL_Driver/Src/stm32f1xx_hal_cortex.o
 .text.__NVIC_EnableIRQ
                0x0000000008001890       0x38 Drivers/STM32F1xx_HAL_Driver/Src/stm32f1xx_hal_cortex.o
 .text.__NVIC_SetPriority
                0x00000000080018c8       0x54 Drivers/STM32F1xx_HAL_Driver/Src/stm32f1xx_hal_cortex.o
 .text.NVIC_EncodePriority
                0x000000000800191c       0x64 Drivers/STM32F1xx_HAL_Driver/Src/stm32f1xx_hal_cortex.o
 .text.HAL_NVIC_SetPriorityGrouping
                0x0000000008001980       0x16 Drivers/STM32F1xx_HAL_Driver/Src/stm32f1xx_hal_cortex.o
                0x0000000008001980                HAL_NVIC_SetPriorityGrouping
 .text.HAL_NVIC_SetPriority
                0x0000000008001996       0x38 Drivers/STM32F1xx_HAL_Driver/Src/stm32f1xx_hal_cortex.o
                0x0000000008001996                HAL_NVIC_SetPriority
 .text.HAL_NVIC_EnableIRQ
                0x00000000080019ce       0x1c Drivers/STM32F1xx_HAL_Driver/Src/stm32f1xx_hal_cortex.o
                0x00000000080019ce                HAL_NVIC_EnableIRQ
 .text.HAL_CRC_Init
                0x00000000080019ea       0x38 Drivers/STM32F1xx_HAL_Driver/Src/stm32f1xx_hal_crc.o
                0x00000000080019ea                HAL_CRC_Init
 *fill*         0x0000000008001a22        0x2 
 .text.HAL_GPIO_Init
                0x0000000008001a24      0x2b4 Drivers/STM32F1xx_HAL_Driver/Src/stm32f1xx_hal_gpio.o
                0x0000000008001a24                HAL_GPIO_Init
 .text.HAL_GPIO_WritePin
                0x0000000008001cd8       0x30 Drivers/STM32F1xx_HAL_Driver/Src/stm32f1xx_hal_gpio.o
                0x0000000008001cd8                HAL_GPIO_WritePin
 .text.HAL_I2C_Init
                0x0000000008001d08      0x270 Drivers/STM32F1xx_HAL_Driver/Src/stm32f1xx_hal_i2c.o
                0x0000000008001d08                HAL_I2C_Init
 .text.HAL_RCC_OscConfig
                0x0000000008001f78      0x500 Drivers/STM32F1xx_HAL_Driver/Src/stm32f1xx_hal_rcc.o
                0x0000000008001f78                HAL_RCC_OscConfig
 .text.HAL_RCC_ClockConfig
                0x0000000008002478      0x1d4 Drivers/STM32F1xx_HAL_Driver/Src/stm32f1xx_hal_rcc.o
                0x0000000008002478                HAL_RCC_ClockConfig
 .text.HAL_RCC_EnableCSS
                0x000000000800264c       0x18 Drivers/STM32F1xx_HAL_Driver/Src/stm32f1xx_hal_rcc.o
                0x000000000800264c                HAL_RCC_EnableCSS
 .text.HAL_RCC_GetSysClockFreq
                0x0000000008002664       0xc4 Drivers/STM32F1xx_HAL_Driver/Src/stm32f1xx_hal_rcc.o
                0x0000000008002664                HAL_RCC_GetSysClockFreq
 .text.HAL_RCC_GetHCLKFreq
                0x0000000008002728       0x14 Drivers/STM32F1xx_HAL_Driver/Src/stm32f1xx_hal_rcc.o
                0x0000000008002728                HAL_RCC_GetHCLKFreq
 .text.HAL_RCC_GetPCLK1Freq
                0x000000000800273c       0x28 Drivers/STM32F1xx_HAL_Driver/Src/stm32f1xx_hal_rcc.o
                0x000000000800273c                HAL_RCC_GetPCLK1Freq
 .text.HAL_RCC_GetPCLK2Freq
                0x0000000008002764       0x28 Drivers/STM32F1xx_HAL_Driver/Src/stm32f1xx_hal_rcc.o
                0x0000000008002764                HAL_RCC_GetPCLK2Freq
 .text.HAL_RCC_GetClockConfig
                0x000000000800278c       0x60 Drivers/STM32F1xx_HAL_Driver/Src/stm32f1xx_hal_rcc.o
                0x000000000800278c                HAL_RCC_GetClockConfig
 .text.HAL_RCC_NMI_IRQHandler
                0x00000000080027ec       0x28 Drivers/STM32F1xx_HAL_Driver/Src/stm32f1xx_hal_rcc.o
                0x00000000080027ec                HAL_RCC_NMI_IRQHandler
 .text.RCC_Delay
                0x0000000008002814       0x3c Drivers/STM32F1xx_HAL_Driver/Src/stm32f1xx_hal_rcc.o
 .text.HAL_RCC_CSSCallback
                0x0000000008002850        0xc Drivers/STM32F1xx_HAL_Driver/Src/stm32f1xx_hal_rcc.o
                0x0000000008002850                HAL_RCC_CSSCallback
 .text.HAL_RCCEx_PeriphCLKConfig
                0x000000000800285c      0x16c Drivers/STM32F1xx_HAL_Driver/Src/stm32f1xx_hal_rcc_ex.o
                0x000000000800285c                HAL_RCCEx_PeriphCLKConfig
 .text.HAL_TIM_Base_Init
                0x00000000080029c8       0x9e Drivers/STM32F1xx_HAL_Driver/Src/stm32f1xx_hal_tim.o
                0x00000000080029c8                HAL_TIM_Base_Init
 *fill*         0x0000000008002a66        0x2 
 .text.HAL_TIM_Base_Start_IT
                0x0000000008002a68       0xa4 Drivers/STM32F1xx_HAL_Driver/Src/stm32f1xx_hal_tim.o
                0x0000000008002a68                HAL_TIM_Base_Start_IT
 .text.HAL_TIM_PWM_Init
                0x0000000008002b0c       0x9e Drivers/STM32F1xx_HAL_Driver/Src/stm32f1xx_hal_tim.o
                0x0000000008002b0c                HAL_TIM_PWM_Init
 .text.HAL_TIM_PWM_MspInit
                0x0000000008002baa       0x12 Drivers/STM32F1xx_HAL_Driver/Src/stm32f1xx_hal_tim.o
                0x0000000008002baa                HAL_TIM_PWM_MspInit
 .text.HAL_TIM_Encoder_Init
                0x0000000008002bbc      0x144 Drivers/STM32F1xx_HAL_Driver/Src/stm32f1xx_hal_tim.o
                0x0000000008002bbc                HAL_TIM_Encoder_Init
 .text.HAL_TIM_IRQHandler
                0x0000000008002d00      0x210 Drivers/STM32F1xx_HAL_Driver/Src/stm32f1xx_hal_tim.o
                0x0000000008002d00                HAL_TIM_IRQHandler
 .text.HAL_TIM_PWM_ConfigChannel
                0x0000000008002f10      0x17c Drivers/STM32F1xx_HAL_Driver/Src/stm32f1xx_hal_tim.o
                0x0000000008002f10                HAL_TIM_PWM_ConfigChannel
 .text.HAL_TIM_ConfigClockSource
                0x000000000800308c      0x16e Drivers/STM32F1xx_HAL_Driver/Src/stm32f1xx_hal_tim.o
                0x000000000800308c                HAL_TIM_ConfigClockSource
 .text.HAL_TIM_OC_DelayElapsedCallback
                0x00000000080031fa       0x12 Drivers/STM32F1xx_HAL_Driver/Src/stm32f1xx_hal_tim.o
                0x00000000080031fa                HAL_TIM_OC_DelayElapsedCallback
 .text.HAL_TIM_IC_CaptureCallback
                0x000000000800320c       0x12 Drivers/STM32F1xx_HAL_Driver/Src/stm32f1xx_hal_tim.o
                0x000000000800320c                HAL_TIM_IC_CaptureCallback
 .text.HAL_TIM_PWM_PulseFinishedCallback
                0x000000000800321e       0x12 Drivers/STM32F1xx_HAL_Driver/Src/stm32f1xx_hal_tim.o
                0x000000000800321e                HAL_TIM_PWM_PulseFinishedCallback
 .text.HAL_TIM_TriggerCallback
                0x0000000008003230       0x12 Drivers/STM32F1xx_HAL_Driver/Src/stm32f1xx_hal_tim.o
                0x0000000008003230                HAL_TIM_TriggerCallback
 *fill*         0x0000000008003242        0x2 
 .text.TIM_Base_SetConfig
                0x0000000008003244       0xc4 Drivers/STM32F1xx_HAL_Driver/Src/stm32f1xx_hal_tim.o
                0x0000000008003244                TIM_Base_SetConfig
 .text.TIM_OC1_SetConfig
                0x0000000008003308       0xcc Drivers/STM32F1xx_HAL_Driver/Src/stm32f1xx_hal_tim.o
 .text.TIM_OC2_SetConfig
                0x00000000080033d4       0xd4 Drivers/STM32F1xx_HAL_Driver/Src/stm32f1xx_hal_tim.o
                0x00000000080033d4                TIM_OC2_SetConfig
 .text.TIM_OC3_SetConfig
                0x00000000080034a8       0xd4 Drivers/STM32F1xx_HAL_Driver/Src/stm32f1xx_hal_tim.o
 .text.TIM_OC4_SetConfig
                0x000000000800357c       0x9c Drivers/STM32F1xx_HAL_Driver/Src/stm32f1xx_hal_tim.o
 .text.TIM_TI1_ConfigInputStage
                0x0000000008003618       0x5c Drivers/STM32F1xx_HAL_Driver/Src/stm32f1xx_hal_tim.o
 .text.TIM_TI2_ConfigInputStage
                0x0000000008003674       0x5e Drivers/STM32F1xx_HAL_Driver/Src/stm32f1xx_hal_tim.o
 .text.TIM_ITRx_SetConfig
                0x00000000080036d2       0x34 Drivers/STM32F1xx_HAL_Driver/Src/stm32f1xx_hal_tim.o
 .text.TIM_ETR_SetConfig
                0x0000000008003706       0x3e Drivers/STM32F1xx_HAL_Driver/Src/stm32f1xx_hal_tim.o
                0x0000000008003706                TIM_ETR_SetConfig
 .text.HAL_TIMEx_MasterConfigSynchronization
                0x0000000008003744       0xbc Drivers/STM32F1xx_HAL_Driver/Src/stm32f1xx_hal_tim_ex.o
                0x0000000008003744                HAL_TIMEx_MasterConfigSynchronization
 .text.HAL_TIMEx_CommutCallback
                0x0000000008003800       0x12 Drivers/STM32F1xx_HAL_Driver/Src/stm32f1xx_hal_tim_ex.o
                0x0000000008003800                HAL_TIMEx_CommutCallback
 .text.HAL_TIMEx_BreakCallback
                0x0000000008003812       0x12 Drivers/STM32F1xx_HAL_Driver/Src/stm32f1xx_hal_tim_ex.o
                0x0000000008003812                HAL_TIMEx_BreakCallback
 .text.HAL_UART_Init
                0x0000000008003824       0x9a Drivers/STM32F1xx_HAL_Driver/Src/stm32f1xx_hal_uart.o
                0x0000000008003824                HAL_UART_Init
 *fill*         0x00000000080038be        0x2 
 .text.UART_SetConfig
                0x00000000080038c0      0x11c Drivers/STM32F1xx_HAL_Driver/Src/stm32f1xx_hal_uart.o
 .text.osKernelInitialize
                0x00000000080039dc       0x64 Middlewares/Third_Party/FreeRTOS/Source/CMSIS_RTOS_V2/cmsis_os2.o
                0x00000000080039dc                osKernelInitialize
 .text.osKernelStart
                0x0000000008003a40       0x68 Middlewares/Third_Party/FreeRTOS/Source/CMSIS_RTOS_V2/cmsis_os2.o
                0x0000000008003a40                osKernelStart
 .text.osThreadNew
                0x0000000008003aa8      0x154 Middlewares/Third_Party/FreeRTOS/Source/CMSIS_RTOS_V2/cmsis_os2.o
                0x0000000008003aa8                osThreadNew
 .text.osDelay  0x0000000008003bfc       0x5c Middlewares/Third_Party/FreeRTOS/Source/CMSIS_RTOS_V2/cmsis_os2.o
                0x0000000008003bfc                osDelay
 .text.osDelayUntil
                0x0000000008003c58       0x68 Middlewares/Third_Party/FreeRTOS/Source/CMSIS_RTOS_V2/cmsis_os2.o
                0x0000000008003c58                osDelayUntil
 .text.osSemaphoreNew
                0x0000000008003cc0      0x13c Middlewares/Third_Party/FreeRTOS/Source/CMSIS_RTOS_V2/cmsis_os2.o
                0x0000000008003cc0                osSemaphoreNew
 .text.osMessageQueueNew
                0x0000000008003dfc      0x10c Middlewares/Third_Party/FreeRTOS/Source/CMSIS_RTOS_V2/cmsis_os2.o
                0x0000000008003dfc                osMessageQueueNew
 .text.osMessageQueuePut
                0x0000000008003f08       0xe8 Middlewares/Third_Party/FreeRTOS/Source/CMSIS_RTOS_V2/cmsis_os2.o
                0x0000000008003f08                osMessageQueuePut
 .text.osMessageQueueGet
                0x0000000008003ff0       0xe4 Middlewares/Third_Party/FreeRTOS/Source/CMSIS_RTOS_V2/cmsis_os2.o
                0x0000000008003ff0                osMessageQueueGet
 .text.vApplicationGetIdleTaskMemory
                0x00000000080040d4       0x30 Middlewares/Third_Party/FreeRTOS/Source/CMSIS_RTOS_V2/cmsis_os2.o
                0x00000000080040d4                vApplicationGetIdleTaskMemory
 .text.vApplicationGetTimerTaskMemory
                0x0000000008004104       0x30 Middlewares/Third_Party/FreeRTOS/Source/CMSIS_RTOS_V2/cmsis_os2.o
                0x0000000008004104                vApplicationGetTimerTaskMemory
 .text.vListInitialise
                0x0000000008004134       0x3e Middlewares/Third_Party/FreeRTOS/Source/list.o
                0x0000000008004134                vListInitialise
 .text.vListInitialiseItem
                0x0000000008004172       0x18 Middlewares/Third_Party/FreeRTOS/Source/list.o
                0x0000000008004172                vListInitialiseItem
 .text.vListInsertEnd
                0x000000000800418a       0x46 Middlewares/Third_Party/FreeRTOS/Source/list.o
                0x000000000800418a                vListInsertEnd
 .text.vListInsert
                0x00000000080041d0       0x70 Middlewares/Third_Party/FreeRTOS/Source/list.o
                0x00000000080041d0                vListInsert
 .text.uxListRemove
                0x0000000008004240       0x52 Middlewares/Third_Party/FreeRTOS/Source/list.o
                0x0000000008004240                uxListRemove
 *fill*         0x0000000008004292        0x2 
 .text.xQueueGenericReset
                0x0000000008004294       0xd0 Middlewares/Third_Party/FreeRTOS/Source/queue.o
                0x0000000008004294                xQueueGenericReset
 .text.xQueueGenericCreateStatic
                0x0000000008004364       0xe4 Middlewares/Third_Party/FreeRTOS/Source/queue.o
                0x0000000008004364                xQueueGenericCreateStatic
 .text.xQueueGenericCreate
                0x0000000008004448       0x7a Middlewares/Third_Party/FreeRTOS/Source/queue.o
                0x0000000008004448                xQueueGenericCreate
 .text.prvInitialiseNewQueue
                0x00000000080044c2       0x46 Middlewares/Third_Party/FreeRTOS/Source/queue.o
 .text.xQueueCreateCountingSemaphoreStatic
                0x0000000008004508       0x6a Middlewares/Third_Party/FreeRTOS/Source/queue.o
                0x0000000008004508                xQueueCreateCountingSemaphoreStatic
 .text.xQueueCreateCountingSemaphore
                0x0000000008004572       0x62 Middlewares/Third_Party/FreeRTOS/Source/queue.o
                0x0000000008004572                xQueueCreateCountingSemaphore
 .text.xQueueGenericSend
                0x00000000080045d4      0x1f4 Middlewares/Third_Party/FreeRTOS/Source/queue.o
                0x00000000080045d4                xQueueGenericSend
 .text.xQueueGenericSendFromISR
                0x00000000080047c8      0x128 Middlewares/Third_Party/FreeRTOS/Source/queue.o
                0x00000000080047c8                xQueueGenericSendFromISR
 .text.xQueueReceive
                0x00000000080048f0      0x1b8 Middlewares/Third_Party/FreeRTOS/Source/queue.o
                0x00000000080048f0                xQueueReceive
 .text.xQueueReceiveFromISR
                0x0000000008004aa8       0xfa Middlewares/Third_Party/FreeRTOS/Source/queue.o
                0x0000000008004aa8                xQueueReceiveFromISR
 .text.vQueueDelete
                0x0000000008004ba2       0x44 Middlewares/Third_Party/FreeRTOS/Source/queue.o
                0x0000000008004ba2                vQueueDelete
 .text.prvCopyDataToQueue
                0x0000000008004be6       0xd4 Middlewares/Third_Party/FreeRTOS/Source/queue.o
 .text.prvCopyDataFromQueue
                0x0000000008004cba       0x4c Middlewares/Third_Party/FreeRTOS/Source/queue.o
 .text.prvUnlockQueue
                0x0000000008004d06       0xa4 Middlewares/Third_Party/FreeRTOS/Source/queue.o
 .text.prvIsQueueEmpty
                0x0000000008004daa       0x2c Middlewares/Third_Party/FreeRTOS/Source/queue.o
 .text.prvIsQueueFull
                0x0000000008004dd6       0x30 Middlewares/Third_Party/FreeRTOS/Source/queue.o
 *fill*         0x0000000008004e06        0x2 
 .text.vQueueAddToRegistry
                0x0000000008004e08       0x50 Middlewares/Third_Party/FreeRTOS/Source/queue.o
                0x0000000008004e08                vQueueAddToRegistry
 .text.vQueueUnregisterQueue
                0x0000000008004e58       0x50 Middlewares/Third_Party/FreeRTOS/Source/queue.o
                0x0000000008004e58                vQueueUnregisterQueue
 .text.vQueueWaitForMessageRestricted
                0x0000000008004ea8       0x68 Middlewares/Third_Party/FreeRTOS/Source/queue.o
                0x0000000008004ea8                vQueueWaitForMessageRestricted
 .text.xTaskCreateStatic
                0x0000000008004f10       0xb2 Middlewares/Third_Party/FreeRTOS/Source/tasks.o
                0x0000000008004f10                xTaskCreateStatic
 .text.xTaskCreate
                0x0000000008004fc2       0x8a Middlewares/Third_Party/FreeRTOS/Source/tasks.o
                0x0000000008004fc2                xTaskCreate
 .text.prvInitialiseNewTask
                0x000000000800504c      0x10c Middlewares/Third_Party/FreeRTOS/Source/tasks.o
 .text.prvAddNewTaskToReadyList
                0x0000000008005158       0xe0 Middlewares/Third_Party/FreeRTOS/Source/tasks.o
 .text.vTaskDelayUntil
                0x0000000008005238       0xf4 Middlewares/Third_Party/FreeRTOS/Source/tasks.o
                0x0000000008005238                vTaskDelayUntil
 .text.vTaskDelay
                0x000000000800532c       0x68 Middlewares/Third_Party/FreeRTOS/Source/tasks.o
                0x000000000800532c                vTaskDelay
 .text.vTaskStartScheduler
                0x0000000008005394       0xc8 Middlewares/Third_Party/FreeRTOS/Source/tasks.o
                0x0000000008005394                vTaskStartScheduler
 .text.vTaskSuspendAll
                0x000000000800545c       0x1c Middlewares/Third_Party/FreeRTOS/Source/tasks.o
                0x000000000800545c                vTaskSuspendAll
 .text.xTaskResumeAll
                0x0000000008005478      0x138 Middlewares/Third_Party/FreeRTOS/Source/tasks.o
                0x0000000008005478                xTaskResumeAll
 .text.xTaskGetTickCount
                0x00000000080055b0       0x1c Middlewares/Third_Party/FreeRTOS/Source/tasks.o
                0x00000000080055b0                xTaskGetTickCount
 .text.xTaskIncrementTick
                0x00000000080055cc      0x17c Middlewares/Third_Party/FreeRTOS/Source/tasks.o
                0x00000000080055cc                xTaskIncrementTick
 .text.vTaskSwitchContext
                0x0000000008005748       0xb8 Middlewares/Third_Party/FreeRTOS/Source/tasks.o
                0x0000000008005748                vTaskSwitchContext
 .text.vTaskPlaceOnEventList
                0x0000000008005800       0x48 Middlewares/Third_Party/FreeRTOS/Source/tasks.o
                0x0000000008005800                vTaskPlaceOnEventList
 .text.vTaskPlaceOnEventListRestricted
                0x0000000008005848       0x54 Middlewares/Third_Party/FreeRTOS/Source/tasks.o
                0x0000000008005848                vTaskPlaceOnEventListRestricted
 .text.xTaskRemoveFromEventList
                0x000000000800589c       0xc4 Middlewares/Third_Party/FreeRTOS/Source/tasks.o
                0x000000000800589c                xTaskRemoveFromEventList
 .text.vTaskInternalSetTimeOutState
                0x0000000008005960       0x2c Middlewares/Third_Party/FreeRTOS/Source/tasks.o
                0x0000000008005960                vTaskInternalSetTimeOutState
 .text.xTaskCheckForTimeOut
                0x000000000800598c       0xc0 Middlewares/Third_Party/FreeRTOS/Source/tasks.o
                0x000000000800598c                xTaskCheckForTimeOut
 .text.vTaskMissedYield
                0x0000000008005a4c       0x18 Middlewares/Third_Party/FreeRTOS/Source/tasks.o
                0x0000000008005a4c                vTaskMissedYield
 .text.prvIdleTask
                0x0000000008005a64       0x30 Middlewares/Third_Party/FreeRTOS/Source/tasks.o
 .text.prvInitialiseTaskLists
                0x0000000008005a94       0x80 Middlewares/Third_Party/FreeRTOS/Source/tasks.o
 .text.prvCheckTasksWaitingTermination
                0x0000000008005b14       0x58 Middlewares/Third_Party/FreeRTOS/Source/tasks.o
 .text.prvDeleteTCB
                0x0000000008005b6c       0x5c Middlewares/Third_Party/FreeRTOS/Source/tasks.o
 .text.prvResetNextTaskUnblockTime
                0x0000000008005bc8       0x48 Middlewares/Third_Party/FreeRTOS/Source/tasks.o
 .text.xTaskGetSchedulerState
                0x0000000008005c10       0x3c Middlewares/Third_Party/FreeRTOS/Source/tasks.o
                0x0000000008005c10                xTaskGetSchedulerState
 .text.xTaskPriorityDisinherit
                0x0000000008005c4c       0xd8 Middlewares/Third_Party/FreeRTOS/Source/tasks.o
                0x0000000008005c4c                xTaskPriorityDisinherit
 .text.prvAddCurrentTaskToDelayedList
                0x0000000008005d24       0xa8 Middlewares/Third_Party/FreeRTOS/Source/tasks.o
 .text.xTimerCreateTimerTask
                0x0000000008005dcc       0x90 Middlewares/Third_Party/FreeRTOS/Source/timers.o
                0x0000000008005dcc                xTimerCreateTimerTask
 .text.xTimerGenericCommand
                0x0000000008005e5c       0x98 Middlewares/Third_Party/FreeRTOS/Source/timers.o
                0x0000000008005e5c                xTimerGenericCommand
 .text.prvProcessExpiredTimer
                0x0000000008005ef4       0x80 Middlewares/Third_Party/FreeRTOS/Source/timers.o
 .text.prvTimerTask
                0x0000000008005f74       0x24 Middlewares/Third_Party/FreeRTOS/Source/timers.o
 .text.prvProcessTimerOrBlockTask
                0x0000000008005f98       0x9c Middlewares/Third_Party/FreeRTOS/Source/timers.o
 .text.prvGetNextExpireTime
                0x0000000008006034       0x48 Middlewares/Third_Party/FreeRTOS/Source/timers.o
 .text.prvSampleTimeNow
                0x000000000800607c       0x40 Middlewares/Third_Party/FreeRTOS/Source/timers.o
 .text.prvInsertTimerInActiveList
                0x00000000080060bc       0x84 Middlewares/Third_Party/FreeRTOS/Source/timers.o
 .text.prvProcessReceivedCommands
                0x0000000008006140      0x160 Middlewares/Third_Party/FreeRTOS/Source/timers.o
 .text.prvSwitchTimerLists
                0x00000000080062a0       0xc0 Middlewares/Third_Party/FreeRTOS/Source/timers.o
 .text.prvCheckForValidListAndQueue
                0x0000000008006360       0x80 Middlewares/Third_Party/FreeRTOS/Source/timers.o
 .text.pxPortInitialiseStack
                0x00000000080063e0       0x58 Middlewares/Third_Party/FreeRTOS/Source/portable/GCC/ARM_CM3/port.o
                0x00000000080063e0                pxPortInitialiseStack
 .text.prvTaskExitError
                0x0000000008006438       0x50 Middlewares/Third_Party/FreeRTOS/Source/portable/GCC/ARM_CM3/port.o
 *fill*         0x0000000008006488        0x8 
 .text.SVC_Handler
                0x0000000008006490       0x28 Middlewares/Third_Party/FreeRTOS/Source/portable/GCC/ARM_CM3/port.o
                0x0000000008006490                SVC_Handler
 .text.prvPortStartFirstTask
                0x00000000080064b8       0x20 Middlewares/Third_Party/FreeRTOS/Source/portable/GCC/ARM_CM3/port.o
 .text.xPortStartScheduler
                0x00000000080064d8       0xe0 Middlewares/Third_Party/FreeRTOS/Source/portable/GCC/ARM_CM3/port.o
                0x00000000080064d8                xPortStartScheduler
 .text.vPortEnterCritical
                0x00000000080065b8       0x5c Middlewares/Third_Party/FreeRTOS/Source/portable/GCC/ARM_CM3/port.o
                0x00000000080065b8                vPortEnterCritical
 .text.vPortExitCritical
                0x0000000008006614       0x4c Middlewares/Third_Party/FreeRTOS/Source/portable/GCC/ARM_CM3/port.o
                0x0000000008006614                vPortExitCritical
 .text.PendSV_Handler
                0x0000000008006660       0x48 Middlewares/Third_Party/FreeRTOS/Source/portable/GCC/ARM_CM3/port.o
                0x0000000008006660                PendSV_Handler
 .text.SysTick_Handler
                0x00000000080066a8       0x40 Middlewares/Third_Party/FreeRTOS/Source/portable/GCC/ARM_CM3/port.o
                0x00000000080066a8                SysTick_Handler
 .text.vPortSetupTimerInterrupt
                0x00000000080066e8       0x44 Middlewares/Third_Party/FreeRTOS/Source/portable/GCC/ARM_CM3/port.o
                0x00000000080066e8                vPortSetupTimerInterrupt
 .text.vPortValidateInterruptPriority
                0x000000000800672c       0x78 Middlewares/Third_Party/FreeRTOS/Source/portable/GCC/ARM_CM3/port.o
                0x000000000800672c                vPortValidateInterruptPriority
 .text.pvPortMalloc
                0x00000000080067a4      0x184 Middlewares/Third_Party/FreeRTOS/Source/portable/MemMang/heap_4.o
                0x00000000080067a4                pvPortMalloc
 .text.vPortFree
                0x0000000008006928       0xb0 Middlewares/Third_Party/FreeRTOS/Source/portable/MemMang/heap_4.o
                0x0000000008006928                vPortFree
 .text.prvHeapInit
                0x00000000080069d8       0xc4 Middlewares/Third_Party/FreeRTOS/Source/portable/MemMang/heap_4.o
 .text.prvInsertBlockIntoFreeList
                0x0000000008006a9c       0xb0 Middlewares/Third_Party/FreeRTOS/Source/portable/MemMang/heap_4.o
 .text.__libc_init_array
                0x0000000008006b4c       0x48 c:/st/stm32cubeide_1.4.0/stm32cubeide/plugins/com.st.stm32cube.ide.mcu.externaltools.gnu-tools-for-stm32.7-2018-q2-update.win32_1.4.0.202007081208/tools/bin/../lib/gcc/arm-none-eabi/7.3.1/../../../../arm-none-eabi/lib/thumb/v7-m\libc_nano.a(lib_a-init.o)
                0x0000000008006b4c                __libc_init_array
 .text.memcpy   0x0000000008006b94       0x16 c:/st/stm32cubeide_1.4.0/stm32cubeide/plugins/com.st.stm32cube.ide.mcu.externaltools.gnu-tools-for-stm32.7-2018-q2-update.win32_1.4.0.202007081208/tools/bin/../lib/gcc/arm-none-eabi/7.3.1/../../../../arm-none-eabi/lib/thumb/v7-m\libc_nano.a(lib_a-memcpy-stub.o)
                0x0000000008006b94                memcpy
 .text.memset   0x0000000008006baa       0x10 c:/st/stm32cubeide_1.4.0/stm32cubeide/plugins/com.st.stm32cube.ide.mcu.externaltools.gnu-tools-for-stm32.7-2018-q2-update.win32_1.4.0.202007081208/tools/bin/../lib/gcc/arm-none-eabi/7.3.1/../../../../arm-none-eabi/lib/thumb/v7-m\libc_nano.a(lib_a-memset.o)
                0x0000000008006baa                memset
 *(.glue_7)
 .glue_7        0x0000000008006bba        0x0 linker stubs
 *(.glue_7t)
 .glue_7t       0x0000000008006bba        0x0 linker stubs
 *(.eh_frame)
 *fill*         0x0000000008006bba        0x2 
 .eh_frame      0x0000000008006bbc        0x0 c:/st/stm32cubeide_1.4.0/stm32cubeide/plugins/com.st.stm32cube.ide.mcu.externaltools.gnu-tools-for-stm32.7-2018-q2-update.win32_1.4.0.202007081208/tools/bin/../lib/gcc/arm-none-eabi/7.3.1/thumb/v7-m/crtbegin.o
 *(.init)
 .init          0x0000000008006bbc        0x4 c:/st/stm32cubeide_1.4.0/stm32cubeide/plugins/com.st.stm32cube.ide.mcu.externaltools.gnu-tools-for-stm32.7-2018-q2-update.win32_1.4.0.202007081208/tools/bin/../lib/gcc/arm-none-eabi/7.3.1/thumb/v7-m/crti.o
                0x0000000008006bbc                _init
 .init          0x0000000008006bc0        0x8 c:/st/stm32cubeide_1.4.0/stm32cubeide/plugins/com.st.stm32cube.ide.mcu.externaltools.gnu-tools-for-stm32.7-2018-q2-update.win32_1.4.0.202007081208/tools/bin/../lib/gcc/arm-none-eabi/7.3.1/thumb/v7-m/crtn.o
 *(.fini)
 .fini          0x0000000008006bc8        0x4 c:/st/stm32cubeide_1.4.0/stm32cubeide/plugins/com.st.stm32cube.ide.mcu.externaltools.gnu-tools-for-stm32.7-2018-q2-update.win32_1.4.0.202007081208/tools/bin/../lib/gcc/arm-none-eabi/7.3.1/thumb/v7-m/crti.o
                0x0000000008006bc8                _fini
 .fini          0x0000000008006bcc        0x8 c:/st/stm32cubeide_1.4.0/stm32cubeide/plugins/com.st.stm32cube.ide.mcu.externaltools.gnu-tools-for-stm32.7-2018-q2-update.win32_1.4.0.202007081208/tools/bin/../lib/gcc/arm-none-eabi/7.3.1/thumb/v7-m/crtn.o
                0x0000000008006bd4                . = ALIGN (0x4)
                0x0000000008006bd4                _etext = .

.vfp11_veneer   0x0000000008006bd4        0x0
 .vfp11_veneer  0x0000000008006bd4        0x0 linker stubs

.v4_bx          0x0000000008006bd4        0x0
 .v4_bx         0x0000000008006bd4        0x0 linker stubs

.iplt           0x0000000008006bd4        0x0
 .iplt          0x0000000008006bd4        0x0 c:/st/stm32cubeide_1.4.0/stm32cubeide/plugins/com.st.stm32cube.ide.mcu.externaltools.gnu-tools-for-stm32.7-2018-q2-update.win32_1.4.0.202007081208/tools/bin/../lib/gcc/arm-none-eabi/7.3.1/thumb/v7-m/crtbegin.o

.rodata         0x0000000008006bd4      0x5b0
                0x0000000008006bd4                . = ALIGN (0x4)
 *(.rodata)
 .rodata        0x0000000008006bd4      0x1e4 Core/Src/freertos.o
 .rodata        0x0000000008006db8       0x12 Drivers/STM32F1xx_HAL_Driver/Src/stm32f1xx_hal_rcc.o
 *fill*         0x0000000008006dca        0x2 
 .rodata        0x0000000008006dcc        0x5 Middlewares/Third_Party/FreeRTOS/Source/tasks.o
 *fill*         0x0000000008006dd1        0x3 
 .rodata        0x0000000008006dd4        0xd Middlewares/Third_Party/FreeRTOS/Source/timers.o
 *(.rodata*)
 *fill*         0x0000000008006de1        0x3 
 .rodata.defaultTask_attributes
                0x0000000008006de4       0x24 Core/Src/freertos.o
                0x0000000008006de4                defaultTask_attributes
 .rodata.TaskLeftWheelSpeed_attributes
                0x0000000008006e08       0x24 Core/Src/freertos.o
                0x0000000008006e08                TaskLeftWheelSpeed_attributes
 .rodata.TaskRightWheelSpeed_attributes
                0x0000000008006e2c       0x24 Core/Src/freertos.o
                0x0000000008006e2c                TaskRightWheelSpeed_attributes
 .rodata.TaskLeftEncoder_attributes
                0x0000000008006e50       0x24 Core/Src/freertos.o
                0x0000000008006e50                TaskLeftEncoder_attributes
 .rodata.TaskRightEncoder_attributes
                0x0000000008006e74       0x24 Core/Src/freertos.o
                0x0000000008006e74                TaskRightEncoder_attributes
 .rodata.TaskMPU6050_attributes
                0x0000000008006e98       0x24 Core/Src/freertos.o
                0x0000000008006e98                TaskMPU6050_attributes
 .rodata.TaskVL53L0_attributes
                0x0000000008006ebc       0x24 Core/Src/freertos.o
                0x0000000008006ebc                TaskVL53L0_attributes
 .rodata.TaskVL6180X_attributes
                0x0000000008006ee0       0x24 Core/Src/freertos.o
                0x0000000008006ee0                TaskVL6180X_attributes
 .rodata.TaskTouch_attributes
                0x0000000008006f04       0x24 Core/Src/freertos.o
                0x0000000008006f04                TaskTouch_attributes
 .rodata.TaskGoHome_attributes
                0x0000000008006f28       0x24 Core/Src/freertos.o
                0x0000000008006f28                TaskGoHome_attributes
 .rodata.TaskUpdate_attributes
                0x0000000008006f4c       0x24 Core/Src/freertos.o
                0x0000000008006f4c                TaskUpdate_attributes
 .rodata.TaskUsartDate_attributes
                0x0000000008006f70       0x24 Core/Src/freertos.o
                0x0000000008006f70                TaskUsartDate_attributes
 .rodata.TaskLeftWheelDire_attributes
                0x0000000008006f94       0x24 Core/Src/freertos.o
                0x0000000008006f94                TaskLeftWheelDire_attributes
 .rodata.TaskRightWheelDire_attributes
                0x0000000008006fb8       0x24 Core/Src/freertos.o
                0x0000000008006fb8                TaskRightWheelDire_attributes
 .rodata.TaskPowerButton_attributes
                0x0000000008006fdc       0x24 Core/Src/freertos.o
                0x0000000008006fdc                TaskPowerButton_attributes
 .rodata.TaskRgbLed_attributes
                0x0000000008007000       0x24 Core/Src/freertos.o
                0x0000000008007000                TaskRgbLed_attributes
 .rodata.QueueLeftWheelSpeed_attributes
                0x0000000008007024       0x18 Core/Src/freertos.o
                0x0000000008007024                QueueLeftWheelSpeed_attributes
 .rodata.QueueRightWheelSpeed_attributes
                0x000000000800703c       0x18 Core/Src/freertos.o
                0x000000000800703c                QueueRightWheelSpeed_attributes
 .rodata.QueueLeftEncoder_attributes
                0x0000000008007054       0x18 Core/Src/freertos.o
                0x0000000008007054                QueueLeftEncoder_attributes
 .rodata.QueueRightEncoder_attributes
                0x000000000800706c       0x18 Core/Src/freertos.o
                0x000000000800706c                QueueRightEncoder_attributes
 .rodata.QueueMPU6050_attributes
                0x0000000008007084       0x18 Core/Src/freertos.o
                0x0000000008007084                QueueMPU6050_attributes
 .rodata.QueueVL53L0_attributes
                0x000000000800709c       0x18 Core/Src/freertos.o
                0x000000000800709c                QueueVL53L0_attributes
 .rodata.QueueVL6180X_attributes
                0x00000000080070b4       0x18 Core/Src/freertos.o
                0x00000000080070b4                QueueVL6180X_attributes
 .rodata.QueueTouch_attributes
                0x00000000080070cc       0x18 Core/Src/freertos.o
                0x00000000080070cc                QueueTouch_attributes
 .rodata.QueueGoHome_attributes
                0x00000000080070e4       0x18 Core/Src/freertos.o
                0x00000000080070e4                QueueGoHome_attributes
 .rodata.QueueLeftWheelDire_attributes
                0x00000000080070fc       0x18 Core/Src/freertos.o
                0x00000000080070fc                QueueLeftWheelDire_attributes
 .rodata.QueueRightWheelDire_attributes
                0x0000000008007114       0x18 Core/Src/freertos.o
                0x0000000008007114                QueueRightWheelDire_attributes
 .rodata.QueuePowerButton_attributes
                0x000000000800712c       0x18 Core/Src/freertos.o
                0x000000000800712c                QueuePowerButton_attributes
 .rodata.QueueRgbLed_attributes
                0x0000000008007144       0x18 Core/Src/freertos.o
                0x0000000008007144                QueueRgbLed_attributes
 .rodata.BinarySemUpdate_attributes
                0x000000000800715c       0x10 Core/Src/freertos.o
                0x000000000800715c                BinarySemUpdate_attributes
 .rodata.AHBPrescTable
                0x000000000800716c       0x10 Core/Src/system_stm32f1xx.o
                0x000000000800716c                AHBPrescTable
 .rodata.APBPrescTable
                0x000000000800717c        0x8 Core/Src/system_stm32f1xx.o
                0x000000000800717c                APBPrescTable
                0x0000000008007184                . = ALIGN (0x4)

.rel.dyn        0x0000000008007184        0x0
 .rel.iplt      0x0000000008007184        0x0 c:/st/stm32cubeide_1.4.0/stm32cubeide/plugins/com.st.stm32cube.ide.mcu.externaltools.gnu-tools-for-stm32.7-2018-q2-update.win32_1.4.0.202007081208/tools/bin/../lib/gcc/arm-none-eabi/7.3.1/thumb/v7-m/crtbegin.o

.ARM.extab      0x0000000008007184        0x0
                0x0000000008007184                . = ALIGN (0x4)
 *(.ARM.extab* .gnu.linkonce.armextab.*)
                0x0000000008007184                . = ALIGN (0x4)

.ARM            0x0000000008007184        0x0
                0x0000000008007184                . = ALIGN (0x4)
                0x0000000008007184                __exidx_start = .
 *(.ARM.exidx*)
                0x0000000008007184                __exidx_end = .
                0x0000000008007184                . = ALIGN (0x4)

.preinit_array  0x0000000008007184        0x0
                0x0000000008007184                . = ALIGN (0x4)
                0x0000000008007184                PROVIDE (__preinit_array_start = .)
 *(.preinit_array*)
                0x0000000008007184                PROVIDE (__preinit_array_end = .)
                0x0000000008007184                . = ALIGN (0x4)

.init_array     0x0000000008007184        0x4
                0x0000000008007184                . = ALIGN (0x4)
                0x0000000008007184                PROVIDE (__init_array_start = .)
 *(SORT_BY_NAME(.init_array.*))
 *(.init_array*)
 .init_array    0x0000000008007184        0x4 c:/st/stm32cubeide_1.4.0/stm32cubeide/plugins/com.st.stm32cube.ide.mcu.externaltools.gnu-tools-for-stm32.7-2018-q2-update.win32_1.4.0.202007081208/tools/bin/../lib/gcc/arm-none-eabi/7.3.1/thumb/v7-m/crtbegin.o
                0x0000000008007188                PROVIDE (__init_array_end = .)
                0x0000000008007188                . = ALIGN (0x4)

.fini_array     0x0000000008007188        0x4
                0x0000000008007188                . = ALIGN (0x4)
                [!provide]                        PROVIDE (__fini_array_start = .)
 *(SORT_BY_NAME(.fini_array.*))
 *(.fini_array*)
 .fini_array    0x0000000008007188        0x4 c:/st/stm32cubeide_1.4.0/stm32cubeide/plugins/com.st.stm32cube.ide.mcu.externaltools.gnu-tools-for-stm32.7-2018-q2-update.win32_1.4.0.202007081208/tools/bin/../lib/gcc/arm-none-eabi/7.3.1/thumb/v7-m/crtbegin.o
                [!provide]                        PROVIDE (__fini_array_end = .)
                0x000000000800718c                . = ALIGN (0x4)
                0x000000000800718c                _sidata = LOADADDR (.data)

.data           0x0000000020000000       0x10 load address 0x000000000800718c
                0x0000000020000000                . = ALIGN (0x4)
                0x0000000020000000                _sdata = .
 *(.data)
 *(.data*)
 .data.SystemCoreClock
                0x0000000020000000        0x4 Core/Src/system_stm32f1xx.o
                0x0000000020000000                SystemCoreClock
 .data.uwTickPrio
                0x0000000020000004        0x4 Drivers/STM32F1xx_HAL_Driver/Src/stm32f1xx_hal.o
                0x0000000020000004                uwTickPrio
 .data.uwTickFreq
                0x0000000020000008        0x1 Drivers/STM32F1xx_HAL_Driver/Src/stm32f1xx_hal.o
                0x0000000020000008                uwTickFreq
 *fill*         0x0000000020000009        0x3 
 .data.uxCriticalNesting
                0x000000002000000c        0x4 Middlewares/Third_Party/FreeRTOS/Source/portable/GCC/ARM_CM3/port.o
                0x0000000020000010                . = ALIGN (0x4)
                0x0000000020000010                _edata = .

.igot.plt       0x0000000020000010        0x0 load address 0x000000000800719c
 .igot.plt      0x0000000020000010        0x0 c:/st/stm32cubeide_1.4.0/stm32cubeide/plugins/com.st.stm32cube.ide.mcu.externaltools.gnu-tools-for-stm32.7-2018-q2-update.win32_1.4.0.202007081208/tools/bin/../lib/gcc/arm-none-eabi/7.3.1/thumb/v7-m/crtbegin.o
                0x0000000020000010                . = ALIGN (0x4)

.bss            0x0000000020000010     0x3584 load address 0x000000000800719c
                0x0000000020000010                _sbss = .
                0x0000000020000010                __bss_start__ = _sbss
 *(.bss)
 .bss           0x0000000020000010       0x1c c:/st/stm32cubeide_1.4.0/stm32cubeide/plugins/com.st.stm32cube.ide.mcu.externaltools.gnu-tools-for-stm32.7-2018-q2-update.win32_1.4.0.202007081208/tools/bin/../lib/gcc/arm-none-eabi/7.3.1/thumb/v7-m/crtbegin.o
 *(.bss*)
 .bss.KernelState
                0x000000002000002c        0x4 Middlewares/Third_Party/FreeRTOS/Source/CMSIS_RTOS_V2/cmsis_os2.o
 .bss.Idle_TCB  0x0000000020000030       0x64 Middlewares/Third_Party/FreeRTOS/Source/CMSIS_RTOS_V2/cmsis_os2.o
 .bss.Idle_Stack
                0x0000000020000094      0x100 Middlewares/Third_Party/FreeRTOS/Source/CMSIS_RTOS_V2/cmsis_os2.o
 .bss.Timer_TCB
                0x0000000020000194       0x64 Middlewares/Third_Party/FreeRTOS/Source/CMSIS_RTOS_V2/cmsis_os2.o
 .bss.Timer_Stack
                0x00000000200001f8      0x200 Middlewares/Third_Party/FreeRTOS/Source/CMSIS_RTOS_V2/cmsis_os2.o
 .bss.pxCurrentTCB
                0x00000000200003f8        0x4 Middlewares/Third_Party/FreeRTOS/Source/tasks.o
                0x00000000200003f8                pxCurrentTCB
 .bss.pxReadyTasksLists
                0x00000000200003fc      0x460 Middlewares/Third_Party/FreeRTOS/Source/tasks.o
 .bss.xDelayedTaskList1
                0x000000002000085c       0x14 Middlewares/Third_Party/FreeRTOS/Source/tasks.o
 .bss.xDelayedTaskList2
                0x0000000020000870       0x14 Middlewares/Third_Party/FreeRTOS/Source/tasks.o
 .bss.pxDelayedTaskList
                0x0000000020000884        0x4 Middlewares/Third_Party/FreeRTOS/Source/tasks.o
 .bss.pxOverflowDelayedTaskList
                0x0000000020000888        0x4 Middlewares/Third_Party/FreeRTOS/Source/tasks.o
 .bss.xPendingReadyList
                0x000000002000088c       0x14 Middlewares/Third_Party/FreeRTOS/Source/tasks.o
 .bss.xTasksWaitingTermination
                0x00000000200008a0       0x14 Middlewares/Third_Party/FreeRTOS/Source/tasks.o
 .bss.uxDeletedTasksWaitingCleanUp
                0x00000000200008b4        0x4 Middlewares/Third_Party/FreeRTOS/Source/tasks.o
 .bss.xSuspendedTaskList
                0x00000000200008b8       0x14 Middlewares/Third_Party/FreeRTOS/Source/tasks.o
 .bss.uxCurrentNumberOfTasks
                0x00000000200008cc        0x4 Middlewares/Third_Party/FreeRTOS/Source/tasks.o
 .bss.xTickCount
                0x00000000200008d0        0x4 Middlewares/Third_Party/FreeRTOS/Source/tasks.o
 .bss.uxTopReadyPriority
                0x00000000200008d4        0x4 Middlewares/Third_Party/FreeRTOS/Source/tasks.o
 .bss.xSchedulerRunning
                0x00000000200008d8        0x4 Middlewares/Third_Party/FreeRTOS/Source/tasks.o
 .bss.uxPendedTicks
                0x00000000200008dc        0x4 Middlewares/Third_Party/FreeRTOS/Source/tasks.o
 .bss.xYieldPending
                0x00000000200008e0        0x4 Middlewares/Third_Party/FreeRTOS/Source/tasks.o
 .bss.xNumOfOverflows
                0x00000000200008e4        0x4 Middlewares/Third_Party/FreeRTOS/Source/tasks.o
 .bss.uxTaskNumber
                0x00000000200008e8        0x4 Middlewares/Third_Party/FreeRTOS/Source/tasks.o
 .bss.xNextTaskUnblockTime
                0x00000000200008ec        0x4 Middlewares/Third_Party/FreeRTOS/Source/tasks.o
 .bss.xIdleTaskHandle
                0x00000000200008f0        0x4 Middlewares/Third_Party/FreeRTOS/Source/tasks.o
 .bss.uxSchedulerSuspended
                0x00000000200008f4        0x4 Middlewares/Third_Party/FreeRTOS/Source/tasks.o
 .bss.xActiveTimerList1
                0x00000000200008f8       0x14 Middlewares/Third_Party/FreeRTOS/Source/timers.o
 .bss.xActiveTimerList2
                0x000000002000090c       0x14 Middlewares/Third_Party/FreeRTOS/Source/timers.o
 .bss.pxCurrentTimerList
                0x0000000020000920        0x4 Middlewares/Third_Party/FreeRTOS/Source/timers.o
 .bss.pxOverflowTimerList
                0x0000000020000924        0x4 Middlewares/Third_Party/FreeRTOS/Source/timers.o
 .bss.xTimerQueue
                0x0000000020000928        0x4 Middlewares/Third_Party/FreeRTOS/Source/timers.o
 .bss.xTimerTaskHandle
                0x000000002000092c        0x4 Middlewares/Third_Party/FreeRTOS/Source/timers.o
 .bss.xLastTime.5452
                0x0000000020000930        0x4 Middlewares/Third_Party/FreeRTOS/Source/timers.o
 .bss.ucStaticTimerQueueStorage.5503
                0x0000000020000934       0xa0 Middlewares/Third_Party/FreeRTOS/Source/timers.o
 .bss.xStaticTimerQueue.5502
                0x00000000200009d4       0x50 Middlewares/Third_Party/FreeRTOS/Source/timers.o
 .bss.ucMaxSysCallPriority
                0x0000000020000a24        0x1 Middlewares/Third_Party/FreeRTOS/Source/portable/GCC/ARM_CM3/port.o
 *fill*         0x0000000020000a25        0x3 
 .bss.ulMaxPRIGROUPValue
                0x0000000020000a28        0x4 Middlewares/Third_Party/FreeRTOS/Source/portable/GCC/ARM_CM3/port.o
 .bss.ucHeap    0x0000000020000a2c     0x2800 Middlewares/Third_Party/FreeRTOS/Source/portable/MemMang/heap_4.o
 .bss.xStart    0x000000002000322c        0x8 Middlewares/Third_Party/FreeRTOS/Source/portable/MemMang/heap_4.o
 .bss.pxEnd     0x0000000020003234        0x4 Middlewares/Third_Party/FreeRTOS/Source/portable/MemMang/heap_4.o
 .bss.xFreeBytesRemaining
                0x0000000020003238        0x4 Middlewares/Third_Party/FreeRTOS/Source/portable/MemMang/heap_4.o
 .bss.xMinimumEverFreeBytesRemaining
                0x000000002000323c        0x4 Middlewares/Third_Party/FreeRTOS/Source/portable/MemMang/heap_4.o
 .bss.xBlockAllocatedBit
                0x0000000020003240        0x4 Middlewares/Third_Party/FreeRTOS/Source/portable/MemMang/heap_4.o
 *(COMMON)
 COMMON         0x0000000020003244       0xd8 Core/Src/adc.o
                0x0000000020003244                Right_Encoder
                0x0000000020003258                PC_SerialPort
                0x0000000020003270                hadc1
                0x00000000200032a0                GoHome_Button
                0x00000000200032a8                Left_Encoder
                0x00000000200032bc                Right_Wheel
                0x00000000200032cc                Power_Button
                0x00000000200032d4                Led_B
                0x00000000200032dc                Led_R
                0x00000000200032e4                Touch_Button
                0x00000000200032ec                Left_Wheel
                0x00000000200032fc                Board
                0x000000002000330c                Led_G
                0x0000000020003314                Led
 COMMON         0x000000002000331c        0x8 Core/Src/crc.o
                0x000000002000331c                hcrc
 COMMON         0x0000000020003324       0x78 Core/Src/freertos.o
                0x0000000020003324                QueueRgbLedHandle
                0x0000000020003328                defaultTaskHandle
                0x000000002000332c                QueueMPU6050Handle
                0x0000000020003330                QueueRightWheelDireHandle
                0x0000000020003334                QueueVL6180XHandle
                0x0000000020003338                TaskLeftWheelSpeedHandle
                0x000000002000333c                TaskRightEncoderHandle
                0x0000000020003340                TaskUsartDateHandle
                0x0000000020003344                TaskUpdateHandle
                0x0000000020003348                TaskVL6180XHandle
                0x000000002000334c                QueuePowerButtonHandle
                0x0000000020003350                QueueTouchHandle
                0x0000000020003354                QueueGoHomeHandle
                0x0000000020003358                TaskLeftWheelDireHandle
                0x000000002000335c                QueueRightEncoderHandle
                0x0000000020003360                TaskRightWheelSpeedHandle
                0x0000000020003364                TaskVL53L0Handle
                0x0000000020003368                TaskLeftEncoderHandle
                0x000000002000336c                QueueLeftWheelSpeedHandle
                0x0000000020003370                QueueLeftEncoderHandle
                0x0000000020003374                QueueRightWheelSpeedHandle
                0x0000000020003378                QueueLeftWheelDireHandle
                0x000000002000337c                QueueVL53L0Handle
                0x0000000020003380                TaskRightWheelDireHandle
                0x0000000020003384                TaskTouchHandle
                0x0000000020003388                TaskGoHomeHandle
                0x000000002000338c                TaskRgbLedHandle
                0x0000000020003390                BinarySemUpdateHandle
                0x0000000020003394                TaskPowerButtonHandle
                0x0000000020003398                TaskMPU6050Handle
 COMMON         0x000000002000339c       0x54 Core/Src/i2c.o
                0x000000002000339c                hi2c1
 COMMON         0x00000000200033f0       0x48 Core/Src/stm32f1xx_hal_timebase_tim.o
                0x00000000200033f0                htim1
 COMMON         0x0000000020003438       0xd8 Core/Src/tim.o
                0x0000000020003438                htim4
                0x0000000020003480                htim3
                0x00000000200034c8                htim2
 COMMON         0x0000000020003510       0x40 Core/Src/usart.o
                0x0000000020003510                huart1
 COMMON         0x0000000020003550        0x4 Drivers/STM32F1xx_HAL_Driver/Src/stm32f1xx_hal.o
                0x0000000020003550                uwTick
 COMMON         0x0000000020003554       0x40 Middlewares/Third_Party/FreeRTOS/Source/queue.o
                0x0000000020003554                xQueueRegistry
                0x0000000020003594                . = ALIGN (0x4)
                0x0000000020003594                _ebss = .
                0x0000000020003594                __bss_end__ = _ebss

._user_heap_stack
                0x0000000020003594      0x604 load address 0x000000000800719c
                0x0000000020003598                . = ALIGN (0x8)
 *fill*         0x0000000020003594        0x4 
                [!provide]                        PROVIDE (end = .)
                0x0000000020003598                PROVIDE (_end = .)
                0x0000000020003798                . = (. + _Min_Heap_Size)
 *fill*         0x0000000020003598      0x200 
                0x0000000020003b98                . = (. + _Min_Stack_Size)
 *fill*         0x0000000020003798      0x400 
                0x0000000020003b98                . = ALIGN (0x8)

/DISCARD/
 libc.a(*)
 libm.a(*)
 libgcc.a(*)

.ARM.attributes
                0x0000000000000000       0x29
 *(.ARM.attributes)
 .ARM.attributes
                0x0000000000000000       0x1d c:/st/stm32cubeide_1.4.0/stm32cubeide/plugins/com.st.stm32cube.ide.mcu.externaltools.gnu-tools-for-stm32.7-2018-q2-update.win32_1.4.0.202007081208/tools/bin/../lib/gcc/arm-none-eabi/7.3.1/thumb/v7-m/crti.o
 .ARM.attributes
                0x000000000000001d       0x2d c:/st/stm32cubeide_1.4.0/stm32cubeide/plugins/com.st.stm32cube.ide.mcu.externaltools.gnu-tools-for-stm32.7-2018-q2-update.win32_1.4.0.202007081208/tools/bin/../lib/gcc/arm-none-eabi/7.3.1/thumb/v7-m/crtbegin.o
 .ARM.attributes
                0x000000000000004a       0x33 Core/Src/adc.o
 .ARM.attributes
                0x000000000000007d       0x33 Core/Src/crc.o
 .ARM.attributes
                0x00000000000000b0       0x33 Core/Src/freertos.o
 .ARM.attributes
                0x00000000000000e3       0x33 Core/Src/gpio.o
 .ARM.attributes
                0x0000000000000116       0x33 Core/Src/i2c.o
 .ARM.attributes
                0x0000000000000149       0x33 Core/Src/main.o
 .ARM.attributes
                0x000000000000017c       0x33 Core/Src/stm32f1xx_hal_msp.o
 .ARM.attributes
                0x00000000000001af       0x33 Core/Src/stm32f1xx_hal_timebase_tim.o
 .ARM.attributes
                0x00000000000001e2       0x33 Core/Src/stm32f1xx_it.o
 .ARM.attributes
                0x0000000000000215       0x33 Core/Src/system_stm32f1xx.o
 .ARM.attributes
                0x0000000000000248       0x33 Core/Src/tim.o
 .ARM.attributes
                0x000000000000027b       0x33 Core/Src/usart.o
 .ARM.attributes
                0x00000000000002ae       0x21 Core/Startup/startup_stm32f103c8tx.o
 .ARM.attributes
                0x00000000000002cf       0x33 Drivers/STM32F1xx_HAL_Driver/Src/stm32f1xx_hal.o
 .ARM.attributes
                0x0000000000000302       0x33 Drivers/STM32F1xx_HAL_Driver/Src/stm32f1xx_hal_adc.o
 .ARM.attributes
                0x0000000000000335       0x33 Drivers/STM32F1xx_HAL_Driver/Src/stm32f1xx_hal_cortex.o
 .ARM.attributes
                0x0000000000000368       0x33 Drivers/STM32F1xx_HAL_Driver/Src/stm32f1xx_hal_crc.o
 .ARM.attributes
                0x000000000000039b       0x33 Drivers/STM32F1xx_HAL_Driver/Src/stm32f1xx_hal_gpio.o
 .ARM.attributes
                0x00000000000003ce       0x33 Drivers/STM32F1xx_HAL_Driver/Src/stm32f1xx_hal_i2c.o
 .ARM.attributes
                0x0000000000000401       0x33 Drivers/STM32F1xx_HAL_Driver/Src/stm32f1xx_hal_rcc.o
 .ARM.attributes
                0x0000000000000434       0x33 Drivers/STM32F1xx_HAL_Driver/Src/stm32f1xx_hal_rcc_ex.o
 .ARM.attributes
                0x0000000000000467       0x33 Drivers/STM32F1xx_HAL_Driver/Src/stm32f1xx_hal_tim.o
 .ARM.attributes
                0x000000000000049a       0x33 Drivers/STM32F1xx_HAL_Driver/Src/stm32f1xx_hal_tim_ex.o
 .ARM.attributes
                0x00000000000004cd       0x33 Drivers/STM32F1xx_HAL_Driver/Src/stm32f1xx_hal_uart.o
 .ARM.attributes
                0x0000000000000500       0x33 Middlewares/Third_Party/FreeRTOS/Source/CMSIS_RTOS_V2/cmsis_os2.o
 .ARM.attributes
                0x0000000000000533       0x33 Middlewares/Third_Party/FreeRTOS/Source/list.o
 .ARM.attributes
                0x0000000000000566       0x33 Middlewares/Third_Party/FreeRTOS/Source/queue.o
 .ARM.attributes
                0x0000000000000599       0x33 Middlewares/Third_Party/FreeRTOS/Source/tasks.o
 .ARM.attributes
                0x00000000000005cc       0x33 Middlewares/Third_Party/FreeRTOS/Source/timers.o
 .ARM.attributes
                0x00000000000005ff       0x33 Middlewares/Third_Party/FreeRTOS/Source/portable/GCC/ARM_CM3/port.o
 .ARM.attributes
                0x0000000000000632       0x33 Middlewares/Third_Party/FreeRTOS/Source/portable/MemMang/heap_4.o
 .ARM.attributes
                0x0000000000000665       0x2d c:/st/stm32cubeide_1.4.0/stm32cubeide/plugins/com.st.stm32cube.ide.mcu.externaltools.gnu-tools-for-stm32.7-2018-q2-update.win32_1.4.0.202007081208/tools/bin/../lib/gcc/arm-none-eabi/7.3.1/../../../../arm-none-eabi/lib/thumb/v7-m\libc_nano.a(lib_a-init.o)
 .ARM.attributes
                0x0000000000000692       0x2d c:/st/stm32cubeide_1.4.0/stm32cubeide/plugins/com.st.stm32cube.ide.mcu.externaltools.gnu-tools-for-stm32.7-2018-q2-update.win32_1.4.0.202007081208/tools/bin/../lib/gcc/arm-none-eabi/7.3.1/../../../../arm-none-eabi/lib/thumb/v7-m\libc_nano.a(lib_a-memcpy-stub.o)
 .ARM.attributes
                0x00000000000006bf       0x2d c:/st/stm32cubeide_1.4.0/stm32cubeide/plugins/com.st.stm32cube.ide.mcu.externaltools.gnu-tools-for-stm32.7-2018-q2-update.win32_1.4.0.202007081208/tools/bin/../lib/gcc/arm-none-eabi/7.3.1/../../../../arm-none-eabi/lib/thumb/v7-m\libc_nano.a(lib_a-memset.o)
 .ARM.attributes
                0x00000000000006ec       0x1d c:/st/stm32cubeide_1.4.0/stm32cubeide/plugins/com.st.stm32cube.ide.mcu.externaltools.gnu-tools-for-stm32.7-2018-q2-update.win32_1.4.0.202007081208/tools/bin/../lib/gcc/arm-none-eabi/7.3.1/thumb/v7-m/crtn.o
OUTPUT(Vector_Low.elf elf32-littlearm)

.debug_info     0x0000000000000000    0x23aea
 .debug_info    0x0000000000000000     0x134f Core/Src/adc.o
 .debug_info    0x000000000000134f      0xf24 Core/Src/crc.o
 .debug_info    0x0000000000002273     0x176b Core/Src/freertos.o
 .debug_info    0x00000000000039de      0xed1 Core/Src/gpio.o
 .debug_info    0x00000000000048af     0x141a Core/Src/i2c.o
 .debug_info    0x0000000000005cc9     0x1b7a Core/Src/main.o
 .debug_info    0x0000000000007843      0xe2e Core/Src/stm32f1xx_hal_msp.o
 .debug_info    0x0000000000008671      0x993 Core/Src/stm32f1xx_hal_timebase_tim.o
 .debug_info    0x0000000000009004     0x1266 Core/Src/stm32f1xx_it.o
 .debug_info    0x000000000000a26a      0x29a Core/Src/system_stm32f1xx.o
 .debug_info    0x000000000000a504     0x17e0 Core/Src/tim.o
 .debug_info    0x000000000000bce4     0x1303 Core/Src/usart.o
 .debug_info    0x000000000000cfe7       0x22 Core/Startup/startup_stm32f103c8tx.o
 .debug_info    0x000000000000d009      0x714 Drivers/STM32F1xx_HAL_Driver/Src/stm32f1xx_hal.o
 .debug_info    0x000000000000d71d      0xc6c Drivers/STM32F1xx_HAL_Driver/Src/stm32f1xx_hal_adc.o
 .debug_info    0x000000000000e389      0xb51 Drivers/STM32F1xx_HAL_Driver/Src/stm32f1xx_hal_cortex.o
 .debug_info    0x000000000000eeda      0x441 Drivers/STM32F1xx_HAL_Driver/Src/stm32f1xx_hal_crc.o
 .debug_info    0x000000000000f31b      0x69b Drivers/STM32F1xx_HAL_Driver/Src/stm32f1xx_hal_gpio.o
 .debug_info    0x000000000000f9b6     0x2555 Drivers/STM32F1xx_HAL_Driver/Src/stm32f1xx_hal_i2c.o
 .debug_info    0x0000000000011f0b      0x80f Drivers/STM32F1xx_HAL_Driver/Src/stm32f1xx_hal_rcc.o
 .debug_info    0x000000000001271a      0x444 Drivers/STM32F1xx_HAL_Driver/Src/stm32f1xx_hal_rcc_ex.o
 .debug_info    0x0000000000012b5e     0x27ef Drivers/STM32F1xx_HAL_Driver/Src/stm32f1xx_hal_tim.o
 .debug_info    0x000000000001534d     0x136f Drivers/STM32F1xx_HAL_Driver/Src/stm32f1xx_hal_tim_ex.o
 .debug_info    0x00000000000166bc     0x121b Drivers/STM32F1xx_HAL_Driver/Src/stm32f1xx_hal_uart.o
 .debug_info    0x00000000000178d7     0x403a Middlewares/Third_Party/FreeRTOS/Source/CMSIS_RTOS_V2/cmsis_os2.o
 .debug_info    0x000000000001b911      0xac5 Middlewares/Third_Party/FreeRTOS/Source/list.o
 .debug_info    0x000000000001c3d6     0x22e8 Middlewares/Third_Party/FreeRTOS/Source/queue.o
 .debug_info    0x000000000001e6be     0x294f Middlewares/Third_Party/FreeRTOS/Source/tasks.o
 .debug_info    0x000000000002100d     0x1a21 Middlewares/Third_Party/FreeRTOS/Source/timers.o
 .debug_info    0x0000000000022a2e      0x4d2 Middlewares/Third_Party/FreeRTOS/Source/portable/GCC/ARM_CM3/port.o
 .debug_info    0x0000000000022f00      0xbea Middlewares/Third_Party/FreeRTOS/Source/portable/MemMang/heap_4.o

.debug_abbrev   0x0000000000000000     0x429d
 .debug_abbrev  0x0000000000000000      0x22f Core/Src/adc.o
 .debug_abbrev  0x000000000000022f      0x224 Core/Src/crc.o
 .debug_abbrev  0x0000000000000453      0x22f Core/Src/freertos.o
 .debug_abbrev  0x0000000000000682      0x1f9 Core/Src/gpio.o
 .debug_abbrev  0x000000000000087b      0x22f Core/Src/i2c.o
 .debug_abbrev  0x0000000000000aaa      0x239 Core/Src/main.o
 .debug_abbrev  0x0000000000000ce3      0x1f9 Core/Src/stm32f1xx_hal_msp.o
 .debug_abbrev  0x0000000000000edc      0x19d Core/Src/stm32f1xx_hal_timebase_tim.o
 .debug_abbrev  0x0000000000001079      0x1ff Core/Src/stm32f1xx_it.o
 .debug_abbrev  0x0000000000001278      0x134 Core/Src/system_stm32f1xx.o
 .debug_abbrev  0x00000000000013ac      0x283 Core/Src/tim.o
 .debug_abbrev  0x000000000000162f      0x22f Core/Src/usart.o
 .debug_abbrev  0x000000000000185e       0x12 Core/Startup/startup_stm32f103c8tx.o
 .debug_abbrev  0x0000000000001870      0x1c7 Drivers/STM32F1xx_HAL_Driver/Src/stm32f1xx_hal.o
 .debug_abbrev  0x0000000000001a37      0x1d5 Drivers/STM32F1xx_HAL_Driver/Src/stm32f1xx_hal_adc.o
 .debug_abbrev  0x0000000000001c0c      0x2d5 Drivers/STM32F1xx_HAL_Driver/Src/stm32f1xx_hal_cortex.o
 .debug_abbrev  0x0000000000001ee1      0x1b7 Drivers/STM32F1xx_HAL_Driver/Src/stm32f1xx_hal_crc.o
 .debug_abbrev  0x0000000000002098      0x1c0 Drivers/STM32F1xx_HAL_Driver/Src/stm32f1xx_hal_gpio.o
 .debug_abbrev  0x0000000000002258      0x258 Drivers/STM32F1xx_HAL_Driver/Src/stm32f1xx_hal_i2c.o
 .debug_abbrev  0x00000000000024b0      0x243 Drivers/STM32F1xx_HAL_Driver/Src/stm32f1xx_hal_rcc.o
 .debug_abbrev  0x00000000000026f3      0x175 Drivers/STM32F1xx_HAL_Driver/Src/stm32f1xx_hal_rcc_ex.o
 .debug_abbrev  0x0000000000002868      0x230 Drivers/STM32F1xx_HAL_Driver/Src/stm32f1xx_hal_tim.o
 .debug_abbrev  0x0000000000002a98      0x236 Drivers/STM32F1xx_HAL_Driver/Src/stm32f1xx_hal_tim_ex.o
 .debug_abbrev  0x0000000000002cce      0x242 Drivers/STM32F1xx_HAL_Driver/Src/stm32f1xx_hal_uart.o
 .debug_abbrev  0x0000000000002f10      0x3a0 Middlewares/Third_Party/FreeRTOS/Source/CMSIS_RTOS_V2/cmsis_os2.o
 .debug_abbrev  0x00000000000032b0      0x1cf Middlewares/Third_Party/FreeRTOS/Source/list.o
 .debug_abbrev  0x000000000000347f      0x354 Middlewares/Third_Party/FreeRTOS/Source/queue.o
 .debug_abbrev  0x00000000000037d3      0x350 Middlewares/Third_Party/FreeRTOS/Source/tasks.o
 .debug_abbrev  0x0000000000003b23      0x2d7 Middlewares/Third_Party/FreeRTOS/Source/timers.o
 .debug_abbrev  0x0000000000003dfa      0x205 Middlewares/Third_Party/FreeRTOS/Source/portable/GCC/ARM_CM3/port.o
 .debug_abbrev  0x0000000000003fff      0x29e Middlewares/Third_Party/FreeRTOS/Source/portable/MemMang/heap_4.o

.debug_aranges  0x0000000000000000     0x1840
 .debug_aranges
                0x0000000000000000       0x30 Core/Src/adc.o
 .debug_aranges
                0x0000000000000030       0x30 Core/Src/crc.o
 .debug_aranges
                0x0000000000000060       0xa0 Core/Src/freertos.o
 .debug_aranges
                0x0000000000000100       0x20 Core/Src/gpio.o
 .debug_aranges
                0x0000000000000120       0x30 Core/Src/i2c.o
 .debug_aranges
                0x0000000000000150       0x38 Core/Src/main.o
 .debug_aranges
                0x0000000000000188       0x20 Core/Src/stm32f1xx_hal_msp.o
 .debug_aranges
                0x00000000000001a8       0x30 Core/Src/stm32f1xx_hal_timebase_tim.o
 .debug_aranges
                0x00000000000001d8       0x50 Core/Src/stm32f1xx_it.o
 .debug_aranges
                0x0000000000000228       0x28 Core/Src/system_stm32f1xx.o
 .debug_aranges
                0x0000000000000250       0x58 Core/Src/tim.o
 .debug_aranges
                0x00000000000002a8       0x30 Core/Src/usart.o
 .debug_aranges
                0x00000000000002d8       0x28 Core/Startup/startup_stm32f103c8tx.o
 .debug_aranges
                0x0000000000000300       0xe0 Drivers/STM32F1xx_HAL_Driver/Src/stm32f1xx_hal.o
 .debug_aranges
                0x00000000000003e0       0xf0 Drivers/STM32F1xx_HAL_Driver/Src/stm32f1xx_hal_adc.o
 .debug_aranges
                0x00000000000004d0      0x100 Drivers/STM32F1xx_HAL_Driver/Src/stm32f1xx_hal_cortex.o
 .debug_aranges
                0x00000000000005d0       0x50 Drivers/STM32F1xx_HAL_Driver/Src/stm32f1xx_hal_crc.o
 .debug_aranges
                0x0000000000000620       0x58 Drivers/STM32F1xx_HAL_Driver/Src/stm32f1xx_hal_gpio.o
 .debug_aranges
                0x0000000000000678      0x2a0 Drivers/STM32F1xx_HAL_Driver/Src/stm32f1xx_hal_i2c.o
 .debug_aranges
                0x0000000000000918       0x90 Drivers/STM32F1xx_HAL_Driver/Src/stm32f1xx_hal_rcc.o
 .debug_aranges
                0x00000000000009a8       0x30 Drivers/STM32F1xx_HAL_Driver/Src/stm32f1xx_hal_rcc_ex.o
 .debug_aranges
                0x00000000000009d8      0x3d0 Drivers/STM32F1xx_HAL_Driver/Src/stm32f1xx_hal_tim.o
 .debug_aranges
                0x0000000000000da8      0x168 Drivers/STM32F1xx_HAL_Driver/Src/stm32f1xx_hal_tim_ex.o
 .debug_aranges
                0x0000000000000f10      0x1d0 Drivers/STM32F1xx_HAL_Driver/Src/stm32f1xx_hal_uart.o
 .debug_aranges
                0x00000000000010e0      0x228 Middlewares/Third_Party/FreeRTOS/Source/CMSIS_RTOS_V2/cmsis_os2.o
 .debug_aranges
                0x0000000000001308       0x40 Middlewares/Third_Party/FreeRTOS/Source/list.o
 .debug_aranges
                0x0000000000001348      0x158 Middlewares/Third_Party/FreeRTOS/Source/queue.o
 .debug_aranges
                0x00000000000014a0      0x1f8 Middlewares/Third_Party/FreeRTOS/Source/tasks.o
 .debug_aranges
                0x0000000000001698       0xe0 Middlewares/Third_Party/FreeRTOS/Source/timers.o
 .debug_aranges
                0x0000000000001778       0x78 Middlewares/Third_Party/FreeRTOS/Source/portable/GCC/ARM_CM3/port.o
 .debug_aranges
                0x00000000000017f0       0x50 Middlewares/Third_Party/FreeRTOS/Source/portable/MemMang/heap_4.o

.debug_ranges   0x0000000000000000     0x1680
 .debug_ranges  0x0000000000000000       0x20 Core/Src/adc.o
 .debug_ranges  0x0000000000000020       0x20 Core/Src/crc.o
 .debug_ranges  0x0000000000000040       0x90 Core/Src/freertos.o
 .debug_ranges  0x00000000000000d0       0x10 Core/Src/gpio.o
 .debug_ranges  0x00000000000000e0       0x20 Core/Src/i2c.o
 .debug_ranges  0x0000000000000100       0x28 Core/Src/main.o
 .debug_ranges  0x0000000000000128       0x10 Core/Src/stm32f1xx_hal_msp.o
 .debug_ranges  0x0000000000000138       0x20 Core/Src/stm32f1xx_hal_timebase_tim.o
 .debug_ranges  0x0000000000000158       0x40 Core/Src/stm32f1xx_it.o
 .debug_ranges  0x0000000000000198       0x18 Core/Src/system_stm32f1xx.o
 .debug_ranges  0x00000000000001b0       0x48 Core/Src/tim.o
 .debug_ranges  0x00000000000001f8       0x20 Core/Src/usart.o
 .debug_ranges  0x0000000000000218       0x20 Core/Startup/startup_stm32f103c8tx.o
 .debug_ranges  0x0000000000000238       0xd0 Drivers/STM32F1xx_HAL_Driver/Src/stm32f1xx_hal.o
 .debug_ranges  0x0000000000000308       0xe0 Drivers/STM32F1xx_HAL_Driver/Src/stm32f1xx_hal_adc.o
 .debug_ranges  0x00000000000003e8       0xf0 Drivers/STM32F1xx_HAL_Driver/Src/stm32f1xx_hal_cortex.o
 .debug_ranges  0x00000000000004d8       0x40 Drivers/STM32F1xx_HAL_Driver/Src/stm32f1xx_hal_crc.o
 .debug_ranges  0x0000000000000518       0x48 Drivers/STM32F1xx_HAL_Driver/Src/stm32f1xx_hal_gpio.o
 .debug_ranges  0x0000000000000560      0x2b8 Drivers/STM32F1xx_HAL_Driver/Src/stm32f1xx_hal_i2c.o
 .debug_ranges  0x0000000000000818       0x80 Drivers/STM32F1xx_HAL_Driver/Src/stm32f1xx_hal_rcc.o
 .debug_ranges  0x0000000000000898       0x20 Drivers/STM32F1xx_HAL_Driver/Src/stm32f1xx_hal_rcc_ex.o
 .debug_ranges  0x00000000000008b8      0x3c0 Drivers/STM32F1xx_HAL_Driver/Src/stm32f1xx_hal_tim.o
 .debug_ranges  0x0000000000000c78      0x158 Drivers/STM32F1xx_HAL_Driver/Src/stm32f1xx_hal_tim_ex.o
 .debug_ranges  0x0000000000000dd0      0x1c0 Drivers/STM32F1xx_HAL_Driver/Src/stm32f1xx_hal_uart.o
 .debug_ranges  0x0000000000000f90      0x218 Middlewares/Third_Party/FreeRTOS/Source/CMSIS_RTOS_V2/cmsis_os2.o
 .debug_ranges  0x00000000000011a8       0x30 Middlewares/Third_Party/FreeRTOS/Source/list.o
 .debug_ranges  0x00000000000011d8      0x148 Middlewares/Third_Party/FreeRTOS/Source/queue.o
 .debug_ranges  0x0000000000001320      0x1e8 Middlewares/Third_Party/FreeRTOS/Source/tasks.o
 .debug_ranges  0x0000000000001508       0xd0 Middlewares/Third_Party/FreeRTOS/Source/timers.o
 .debug_ranges  0x00000000000015d8       0x68 Middlewares/Third_Party/FreeRTOS/Source/portable/GCC/ARM_CM3/port.o
 .debug_ranges  0x0000000000001640       0x40 Middlewares/Third_Party/FreeRTOS/Source/portable/MemMang/heap_4.o

.debug_macro    0x0000000000000000    0x1c0e6
 .debug_macro   0x0000000000000000      0x348 Core/Src/adc.o
 .debug_macro   0x0000000000000348      0xa5a Core/Src/adc.o
 .debug_macro   0x0000000000000da2      0x22d Core/Src/adc.o
 .debug_macro   0x0000000000000fcf       0x2e Core/Src/adc.o
 .debug_macro   0x0000000000000ffd       0x22 Core/Src/adc.o
 .debug_macro   0x000000000000101f       0x22 Core/Src/adc.o
 .debug_macro   0x0000000000001041       0x8e Core/Src/adc.o
 .debug_macro   0x00000000000010cf       0x51 Core/Src/adc.o
 .debug_macro   0x0000000000001120       0xef Core/Src/adc.o
 .debug_macro   0x000000000000120f       0x6a Core/Src/adc.o
 .debug_macro   0x0000000000001279      0x1df Core/Src/adc.o
 .debug_macro   0x0000000000001458       0x1c Core/Src/adc.o
 .debug_macro   0x0000000000001474       0x22 Core/Src/adc.o
 .debug_macro   0x0000000000001496       0xc3 Core/Src/adc.o
 .debug_macro   0x0000000000001559      0xd23 Core/Src/adc.o
 .debug_macro   0x000000000000227c     0xe097 Core/Src/adc.o
 .debug_macro   0x0000000000010313       0x43 Core/Src/adc.o
 .debug_macro   0x0000000000010356     0x3468 Core/Src/adc.o
 .debug_macro   0x00000000000137be      0x174 Core/Src/adc.o
 .debug_macro   0x0000000000013932       0x5c Core/Src/adc.o
 .debug_macro   0x000000000001398e      0x5be Core/Src/adc.o
 .debug_macro   0x0000000000013f4c      0x289 Core/Src/adc.o
 .debug_macro   0x00000000000141d5      0x1cb Core/Src/adc.o
 .debug_macro   0x00000000000143a0      0x114 Core/Src/adc.o
 .debug_macro   0x00000000000144b4      0x1b2 Core/Src/adc.o
 .debug_macro   0x0000000000014666       0x27 Core/Src/adc.o
 .debug_macro   0x000000000001468d      0x136 Core/Src/adc.o
 .debug_macro   0x00000000000147c3      0x1bc Core/Src/adc.o
 .debug_macro   0x000000000001497f       0x34 Core/Src/adc.o
 .debug_macro   0x00000000000149b3       0x3c Core/Src/adc.o
 .debug_macro   0x00000000000149ef       0x57 Core/Src/adc.o
 .debug_macro   0x0000000000014a46      0x46a Core/Src/adc.o
 .debug_macro   0x0000000000014eb0      0x1b5 Core/Src/adc.o
 .debug_macro   0x0000000000015065       0x22 Core/Src/adc.o
 .debug_macro   0x0000000000015087       0x88 Core/Src/adc.o
 .debug_macro   0x000000000001510f      0x241 Core/Src/adc.o
 .debug_macro   0x0000000000015350      0x287 Core/Src/adc.o
 .debug_macro   0x00000000000155d7      0x141 Core/Src/adc.o
 .debug_macro   0x0000000000015718      0x8d1 Core/Src/adc.o
 .debug_macro   0x0000000000015fe9      0x26b Core/Src/adc.o
 .debug_macro   0x0000000000016254       0x83 Core/Src/adc.o
 .debug_macro   0x00000000000162d7       0x46 Core/Src/adc.o
 .debug_macro   0x000000000001631d       0x18 Core/Src/adc.o
 .debug_macro   0x0000000000016335       0x3c Core/Src/adc.o
 .debug_macro   0x0000000000016371       0x34 Core/Src/adc.o
 .debug_macro   0x00000000000163a5       0x16 Core/Src/adc.o
 .debug_macro   0x00000000000163bb       0x35 Core/Src/adc.o
 .debug_macro   0x00000000000163f0      0x32a Core/Src/adc.o
 .debug_macro   0x000000000001671a       0x10 Core/Src/adc.o
 .debug_macro   0x000000000001672a       0x52 Core/Src/adc.o
 .debug_macro   0x000000000001677c       0x1f Core/Src/adc.o
 .debug_macro   0x000000000001679b       0x43 Core/Src/adc.o
 .debug_macro   0x00000000000167de       0x20 Core/Src/adc.o
 .debug_macro   0x00000000000167fe      0x1a3 Core/Src/adc.o
 .debug_macro   0x00000000000169a1       0x10 Core/Src/adc.o
 .debug_macro   0x00000000000169b1       0x1c Core/Src/adc.o
 .debug_macro   0x00000000000169cd       0x52 Core/Src/adc.o
 .debug_macro   0x0000000000016a1f       0x40 Core/Src/adc.o
 .debug_macro   0x0000000000016a5f       0x10 Core/Src/adc.o
 .debug_macro   0x0000000000016a6f       0x40 Core/Src/adc.o
 .debug_macro   0x0000000000016aaf       0xd7 Core/Src/adc.o
 .debug_macro   0x0000000000016b86       0x1c Core/Src/adc.o
 .debug_macro   0x0000000000016ba2       0x3d Core/Src/adc.o
 .debug_macro   0x0000000000016bdf       0x16 Core/Src/adc.o
 .debug_macro   0x0000000000016bf5      0x145 Core/Src/adc.o
 .debug_macro   0x0000000000016d3a       0xdc Core/Src/adc.o
 .debug_macro   0x0000000000016e16      0x348 Core/Src/crc.o
 .debug_macro   0x000000000001715e      0x3c8 Core/Src/freertos.o
 .debug_macro   0x0000000000017526      0x122 Core/Src/freertos.o
 .debug_macro   0x0000000000017648      0x15a Core/Src/freertos.o
 .debug_macro   0x00000000000177a2       0xc2 Core/Src/freertos.o
 .debug_macro   0x0000000000017864       0x10 Core/Src/freertos.o
 .debug_macro   0x0000000000017874       0x1f Core/Src/freertos.o
 .debug_macro   0x0000000000017893      0x47f Core/Src/freertos.o
 .debug_macro   0x0000000000017d12       0xb5 Core/Src/freertos.o
 .debug_macro   0x0000000000017dc7       0x8c Core/Src/freertos.o
 .debug_macro   0x0000000000017e53       0x5b Core/Src/freertos.o
 .debug_macro   0x0000000000017eae       0x74 Core/Src/freertos.o
 .debug_macro   0x0000000000017f22       0xdd Core/Src/freertos.o
 .debug_macro   0x0000000000017fff      0x348 Core/Src/gpio.o
 .debug_macro   0x0000000000018347      0x348 Core/Src/i2c.o
 .debug_macro   0x000000000001868f      0x3f1 Core/Src/main.o
 .debug_macro   0x0000000000018a80      0x122 Core/Src/main.o
 .debug_macro   0x0000000000018ba2      0x33e Core/Src/stm32f1xx_hal_msp.o
 .debug_macro   0x0000000000018ee0      0x1cb Core/Src/stm32f1xx_hal_timebase_tim.o
 .debug_macro   0x00000000000190ab      0x348 Core/Src/stm32f1xx_it.o
 .debug_macro   0x00000000000193f3      0x1cb Core/Src/system_stm32f1xx.o
 .debug_macro   0x00000000000195be      0x348 Core/Src/tim.o
 .debug_macro   0x0000000000019906      0x348 Core/Src/usart.o
 .debug_macro   0x0000000000019c4e      0x1ef Drivers/STM32F1xx_HAL_Driver/Src/stm32f1xx_hal.o
 .debug_macro   0x0000000000019e3d      0x1e8 Drivers/STM32F1xx_HAL_Driver/Src/stm32f1xx_hal_adc.o
 .debug_macro   0x000000000001a025      0x1cb Drivers/STM32F1xx_HAL_Driver/Src/stm32f1xx_hal_cortex.o
 .debug_macro   0x000000000001a1f0      0x1cb Drivers/STM32F1xx_HAL_Driver/Src/stm32f1xx_hal_crc.o
 .debug_macro   0x000000000001a3bb      0x236 Drivers/STM32F1xx_HAL_Driver/Src/stm32f1xx_hal_gpio.o
 .debug_macro   0x000000000001a5f1      0x212 Drivers/STM32F1xx_HAL_Driver/Src/stm32f1xx_hal_i2c.o
 .debug_macro   0x000000000001a803      0x1dd Drivers/STM32F1xx_HAL_Driver/Src/stm32f1xx_hal_rcc.o
 .debug_macro   0x000000000001a9e0      0x1cb Drivers/STM32F1xx_HAL_Driver/Src/stm32f1xx_hal_rcc_ex.o
 .debug_macro   0x000000000001abab      0x1cc Drivers/STM32F1xx_HAL_Driver/Src/stm32f1xx_hal_tim.o
 .debug_macro   0x000000000001ad77      0x1cb Drivers/STM32F1xx_HAL_Driver/Src/stm32f1xx_hal_tim_ex.o
 .debug_macro   0x000000000001af42      0x1cc Drivers/STM32F1xx_HAL_Driver/Src/stm32f1xx_hal_uart.o
 .debug_macro   0x000000000001b10e      0x23a Middlewares/Third_Party/FreeRTOS/Source/CMSIS_RTOS_V2/cmsis_os2.o
 .debug_macro   0x000000000001b348       0x10 Middlewares/Third_Party/FreeRTOS/Source/CMSIS_RTOS_V2/cmsis_os2.o
 .debug_macro   0x000000000001b358       0x20 Middlewares/Third_Party/FreeRTOS/Source/CMSIS_RTOS_V2/cmsis_os2.o
 .debug_macro   0x000000000001b378       0x10 Middlewares/Third_Party/FreeRTOS/Source/CMSIS_RTOS_V2/cmsis_os2.o
 .debug_macro   0x000000000001b388       0xb7 Middlewares/Third_Party/FreeRTOS/Source/CMSIS_RTOS_V2/cmsis_os2.o
 .debug_macro   0x000000000001b43f       0x91 Middlewares/Third_Party/FreeRTOS/Source/CMSIS_RTOS_V2/cmsis_os2.o
 .debug_macro   0x000000000001b4d0       0x8d Middlewares/Third_Party/FreeRTOS/Source/CMSIS_RTOS_V2/cmsis_os2.o
 .debug_macro   0x000000000001b55d       0x9a Middlewares/Third_Party/FreeRTOS/Source/CMSIS_RTOS_V2/cmsis_os2.o
 .debug_macro   0x000000000001b5f7      0x17a Middlewares/Third_Party/FreeRTOS/Source/list.o
 .debug_macro   0x000000000001b771      0x205 Middlewares/Third_Party/FreeRTOS/Source/queue.o
 .debug_macro   0x000000000001b976       0x16 Middlewares/Third_Party/FreeRTOS/Source/queue.o
 .debug_macro   0x000000000001b98c      0x27a Middlewares/Third_Party/FreeRTOS/Source/tasks.o
 .debug_macro   0x000000000001bc06       0x10 Middlewares/Third_Party/FreeRTOS/Source/tasks.o
 .debug_macro   0x000000000001bc16      0x1bd Middlewares/Third_Party/FreeRTOS/Source/timers.o
 .debug_macro   0x000000000001bdd3      0x172 Middlewares/Third_Party/FreeRTOS/Source/portable/GCC/ARM_CM3/port.o
 .debug_macro   0x000000000001bf45      0x1a1 Middlewares/Third_Party/FreeRTOS/Source/portable/MemMang/heap_4.o

.debug_line     0x0000000000000000    0x16f63
 .debug_line    0x0000000000000000      0x926 Core/Src/adc.o
 .debug_line    0x0000000000000926      0x913 Core/Src/crc.o
 .debug_line    0x0000000000001239      0xbc6 Core/Src/freertos.o
 .debug_line    0x0000000000001dff      0x909 Core/Src/gpio.o
 .debug_line    0x0000000000002708      0x925 Core/Src/i2c.o
 .debug_line    0x000000000000302d      0xac0 Core/Src/main.o
 .debug_line    0x0000000000003aed      0x8f5 Core/Src/stm32f1xx_hal_msp.o
 .debug_line    0x00000000000043e2      0x70a Core/Src/stm32f1xx_hal_timebase_tim.o
 .debug_line    0x0000000000004aec      0x977 Core/Src/stm32f1xx_it.o
 .debug_line    0x0000000000005463      0x6fe Core/Src/system_stm32f1xx.o
 .debug_line    0x0000000000005b61      0x9e1 Core/Src/tim.o
 .debug_line    0x0000000000006542      0x92a Core/Src/usart.o
 .debug_line    0x0000000000006e6c       0x84 Core/Startup/startup_stm32f103c8tx.o
 .debug_line    0x0000000000006ef0      0x8b1 Drivers/STM32F1xx_HAL_Driver/Src/stm32f1xx_hal.o
 .debug_line    0x00000000000077a1      0xc02 Drivers/STM32F1xx_HAL_Driver/Src/stm32f1xx_hal_adc.o
 .debug_line    0x00000000000083a3      0x988 Drivers/STM32F1xx_HAL_Driver/Src/stm32f1xx_hal_cortex.o
 .debug_line    0x0000000000008d2b      0x78a Drivers/STM32F1xx_HAL_Driver/Src/stm32f1xx_hal_crc.o
 .debug_line    0x00000000000094b5      0x8ad Drivers/STM32F1xx_HAL_Driver/Src/stm32f1xx_hal_gpio.o
 .debug_line    0x0000000000009d62     0x1c57 Drivers/STM32F1xx_HAL_Driver/Src/stm32f1xx_hal_i2c.o
 .debug_line    0x000000000000b9b9      0x971 Drivers/STM32F1xx_HAL_Driver/Src/stm32f1xx_hal_rcc.o
 .debug_line    0x000000000000c32a      0x78f Drivers/STM32F1xx_HAL_Driver/Src/stm32f1xx_hal_rcc_ex.o
 .debug_line    0x000000000000cab9     0x200a Drivers/STM32F1xx_HAL_Driver/Src/stm32f1xx_hal_tim.o
 .debug_line    0x000000000000eac3     0x1318 Drivers/STM32F1xx_HAL_Driver/Src/stm32f1xx_hal_tim_ex.o
 .debug_line    0x000000000000fddb      0xfef Drivers/STM32F1xx_HAL_Driver/Src/stm32f1xx_hal_uart.o
 .debug_line    0x0000000000010dca     0x1e26 Middlewares/Third_Party/FreeRTOS/Source/CMSIS_RTOS_V2/cmsis_os2.o
 .debug_line    0x0000000000012bf0      0x66b Middlewares/Third_Party/FreeRTOS/Source/list.o
 .debug_line    0x000000000001325b     0x10f6 Middlewares/Third_Party/FreeRTOS/Source/queue.o