core_cm3.h:1762:34:__NVIC_SystemReset	4	static,ignoring_inline_asm
usbd_dfu.c:278:17:USBD_DFU_Init	24	static
usbd_dfu.c:325:17:USBD_DFU_DeInit	24	static
usbd_dfu.c:357:17:USBD_DFU_Setup	32	static
usbd_dfu.c:490:18:USBD_DFU_GetCfgDesc	16	static
usbd_dfu.c:503:17:USBD_DFU_DataIn	16	static
usbd_dfu.c:516:17:USBD_DFU_EP0_RxReady	16	static
usbd_dfu.c:527:17:USBD_DFU_EP0_TxReady	32	static
usbd_dfu.c:621:17:USBD_DFU_SOF	16	static
usbd_dfu.c:633:17:USBD_DFU_IsoINIncomplete	16	static
usbd_dfu.c:645:17:USBD_DFU_IsoOutIncomplete	16	static
usbd_dfu.c:657:17:USBD_DFU_DataOut	16	static
usbd_dfu.c:670:18:USBD_DFU_GetDeviceQualifierDesc	16	static
usbd_dfu.c:685:17:USBD_DFU_GetUsrStringDesc	24	static
usbd_dfu.c:707:10:USBD_DFU_RegisterMedia	16	static
usbd_dfu.c:727:13:DFU_Detach	24	static
usbd_dfu.c:770:13:DFU_Download	24	static
usbd_dfu.c:828:13:DFU_Upload	32	static
usbd_dfu.c:922:13:DFU_GetStatus	24	static
usbd_dfu.c:999:13:DFU_ClearStatus	24	static
usbd_dfu.c:1034:13:DFU_GetState	24	static
usbd_dfu.c:1050:13:DFU_Abort	24	static
usbd_dfu.c:1079:13:DFU_Leave	24	static
