Archive member included to satisfy reference by file (symbol)

c:/st/stm32cubeide_1.4.0/stm32cubeide/plugins/com.st.stm32cube.ide.mcu.externaltools.gnu-tools-for-stm32.7-2018-q2-update.win32_1.4.0.202007081208/tools/bin/../lib/gcc/arm-none-eabi/7.3.1/../../../../arm-none-eabi/lib/thumb/v7-m\libc_nano.a(lib_a-errno.o)
                              Src/syscalls.o (__errno)
c:/st/stm32cubeide_1.4.0/stm32cubeide/plugins/com.st.stm32cube.ide.mcu.externaltools.gnu-tools-for-stm32.7-2018-q2-update.win32_1.4.0.202007081208/tools/bin/../lib/gcc/arm-none-eabi/7.3.1/../../../../arm-none-eabi/lib/thumb/v7-m\libc_nano.a(lib_a-exit.o)
                              c:/st/stm32cubeide_1.4.0/stm32cubeide/plugins/com.st.stm32cube.ide.mcu.externaltools.gnu-tools-for-stm32.7-2018-q2-update.win32_1.4.0.202007081208/tools/bin/../lib/gcc/arm-none-eabi/7.3.1/../../../../arm-none-eabi/lib/thumb/v7-m/crt0.o (exit)
c:/st/stm32cubeide_1.4.0/stm32cubeide/plugins/com.st.stm32cube.ide.mcu.externaltools.gnu-tools-for-stm32.7-2018-q2-update.win32_1.4.0.202007081208/tools/bin/../lib/gcc/arm-none-eabi/7.3.1/../../../../arm-none-eabi/lib/thumb/v7-m\libc_nano.a(lib_a-impure.o)
                              c:/st/stm32cubeide_1.4.0/stm32cubeide/plugins/com.st.stm32cube.ide.mcu.externaltools.gnu-tools-for-stm32.7-2018-q2-update.win32_1.4.0.202007081208/tools/bin/../lib/gcc/arm-none-eabi/7.3.1/../../../../arm-none-eabi/lib/thumb/v7-m\libc_nano.a(lib_a-exit.o) (_global_impure_ptr)
c:/st/stm32cubeide_1.4.0/stm32cubeide/plugins/com.st.stm32cube.ide.mcu.externaltools.gnu-tools-for-stm32.7-2018-q2-update.win32_1.4.0.202007081208/tools/bin/../lib/gcc/arm-none-eabi/7.3.1/../../../../arm-none-eabi/lib/thumb/v7-m\libc_nano.a(lib_a-init.o)
                              c:/st/stm32cubeide_1.4.0/stm32cubeide/plugins/com.st.stm32cube.ide.mcu.externaltools.gnu-tools-for-stm32.7-2018-q2-update.win32_1.4.0.202007081208/tools/bin/../lib/gcc/arm-none-eabi/7.3.1/../../../../arm-none-eabi/lib/thumb/v7-m/crt0.o (__libc_init_array)
c:/st/stm32cubeide_1.4.0/stm32cubeide/plugins/com.st.stm32cube.ide.mcu.externaltools.gnu-tools-for-stm32.7-2018-q2-update.win32_1.4.0.202007081208/tools/bin/../lib/gcc/arm-none-eabi/7.3.1/../../../../arm-none-eabi/lib/thumb/v7-m\libc_nano.a(lib_a-memcpy-stub.o)
                              Middlewares/Third_Party/FreeRTOS/Source/CMSIS_RTOS_V2/cmsis_os2.o (memcpy)
c:/st/stm32cubeide_1.4.0/stm32cubeide/plugins/com.st.stm32cube.ide.mcu.externaltools.gnu-tools-for-stm32.7-2018-q2-update.win32_1.4.0.202007081208/tools/bin/../lib/gcc/arm-none-eabi/7.3.1/../../../../arm-none-eabi/lib/thumb/v7-m\libc_nano.a(lib_a-memset.o)
                              c:/st/stm32cubeide_1.4.0/stm32cubeide/plugins/com.st.stm32cube.ide.mcu.externaltools.gnu-tools-for-stm32.7-2018-q2-update.win32_1.4.0.202007081208/tools/bin/../lib/gcc/arm-none-eabi/7.3.1/../../../../arm-none-eabi/lib/thumb/v7-m/crt0.o (memset)

Allocating common symbols
Common symbol       size              file

left_speedTaskHandle
                    0x4               Src/freertos.o
hUsbDeviceFS        0x2c4             Src/usb_device.o
defaultTaskHandle   0x4               Src/freertos.o
hspi2               0x58              Src/spi.o
pc_tx_dataQueueHandle
                    0x4               Src/freertos.o
htim4               0x40              Src/tim.o
right_direQueueHandle
                    0x4               Src/freertos.o
hadc2               0x30              Src/adc.o
hi2c1               0x54              Src/i2c.o
hiwdg               0xc               Src/iwdg.o
hcrc                0x8               Src/crc.o
hi2c2               0x54              Src/i2c.o
pc_tx_dataTaskHandle
                    0x4               Src/freertos.o
defaultMutexHandle  0x4               Src/freertos.o
right_direTaskHandle
                    0x4               Src/freertos.o
uwTick              0x4               Drivers/STM32F1xx_HAL_Driver/Src/stm32f1xx_hal.o
xQueueRegistry      0x40              Middlewares/Third_Party/FreeRTOS/Source/queue.o
PC_SerialPort       0x18              Middlewares/ST/STM32_USB_Device_Library/Class/DFU/Src/usbd_dfu.o
pFlash              0x20              Drivers/STM32F1xx_HAL_Driver/Src/stm32f1xx_hal_flash.o
defaultQueueHandle  0x4               Src/freertos.o
htim3               0x40              Src/tim.o
hdma_usart1_tx      0x44              Src/usart.o
hadc1               0x30              Src/adc.o
hdma_usart1_rx      0x44              Src/usart.o
huart1              0x40              Src/usart.o
led_powerQueueHandle
                    0x4               Src/freertos.o
Right_Wheel         0x10              Middlewares/ST/STM32_USB_Device_Library/Class/DFU/Src/usbd_dfu.o
led_powerTaskHandle
                    0x4               Src/freertos.o
hrtc                0x14              Src/rtc.o
left_direTaskHandle
                    0x4               Src/freertos.o
RxBuffer            0x100             Src/main.o
[...]
Memory Configuration

Name             Origin             Length             Attributes
RAM              0x0000000020000000 0x0000000000005000 xrw
FLASH            0x0000000008000000 0x0000000000010000 xr
*default*        0x0000000000000000 0xffffffffffffffff

Linker script and memory map

LOAD c:/st/stm32cubeide_1.4.0/stm32cubeide/plugins/com.st.stm32cube.ide.mcu.externaltools.gnu-tools-for-stm32.7-2018-q2-update.win32_1.4.0.202007081208/tools/bin/../lib/gcc/arm-none-eabi/7.3.1/thumb/v7-m/crti.o
LOAD c:/st/stm32cubeide_1.4.0/stm32cubeide/plugins/com.st.stm32cube.ide.mcu.externaltools.gnu-tools-for-stm32.7-2018-q2-update.win32_1.4.0.202007081208/tools/bin/../lib/gcc/arm-none-eabi/7.3.1/thumb/v7-m/crtbegin.o
LOAD c:/st/stm32cubeide_1.4.0/stm32cubeide/plugins/com.st.stm32cube.ide.mcu.externaltools.gnu-tools-for-stm32.7-2018-q2-update.win32_1.4.0.202007081208/tools/bin/../lib/gcc/arm-none-eabi/7.3.1/../../../../arm-none-eabi/lib/thumb/v7-m/crt0.o
LOAD Drivers/STM32F1xx_HAL_Driver/Src/stm32f1xx_hal.o
LOAD Drivers/STM32F1xx_HAL_Driver/Src/stm32f1xx_hal_adc.o
LOAD Drivers/STM32F1xx_HAL_Driver/Src/stm32f1xx_hal_adc_ex.o
LOAD Drivers/STM32F1xx_HAL_Driver/Src/stm32f1xx_hal_cortex.o
LOAD Drivers/STM32F1xx_HAL_Driver/Src/stm32f1xx_hal_crc.o
LOAD Drivers/STM32F1xx_HAL_Driver/Src/stm32f1xx_hal_dma.o
LOAD Drivers/STM32F1xx_HAL_Driver/Src/stm32f1xx_hal_exti.o
LOAD Drivers/STM32F1xx_HAL_Driver/Src/stm32f1xx_hal_flash.o
LOAD Drivers/STM32F1xx_HAL_Driver/Src/stm32f1xx_hal_flash_ex.o
LOAD Drivers/STM32F1xx_HAL_Driver/Src/stm32f1xx_hal_gpio.o
LOAD Drivers/STM32F1xx_HAL_Driver/Src/stm32f1xx_hal_gpio_ex.o
LOAD Drivers/STM32F1xx_HAL_Driver/Src/stm32f1xx_hal_i2c.o
LOAD Drivers/STM32F1xx_HAL_Driver/Src/stm32f1xx_hal_iwdg.o
LOAD Drivers/STM32F1xx_HAL_Driver/Src/stm32f1xx_hal_pcd.o
LOAD Drivers/STM32F1xx_HAL_Driver/Src/stm32f1xx_hal_pcd_ex.o
LOAD Drivers/STM32F1xx_HAL_Driver/Src/stm32f1xx_hal_pwr.o
LOAD Drivers/STM32F1xx_HAL_Driver/Src/stm32f1xx_hal_rcc.o
LOAD Drivers/STM32F1xx_HAL_Driver/Src/stm32f1xx_hal_rcc_ex.o
LOAD Drivers/STM32F1xx_HAL_Driver/Src/stm32f1xx_hal_rtc.o
LOAD Drivers/STM32F1xx_HAL_Driver/Src/stm32f1xx_hal_rtc_ex.o
LOAD Drivers/STM32F1xx_HAL_Driver/Src/stm32f1xx_hal_spi.o
LOAD Drivers/STM32F1xx_HAL_Driver/Src/stm32f1xx_hal_tim.o
LOAD Drivers/STM32F1xx_HAL_Driver/Src/stm32f1xx_hal_tim_ex.o
LOAD Drivers/STM32F1xx_HAL_Driver/Src/stm32f1xx_hal_uart.o
LOAD Drivers/STM32F1xx_HAL_Driver/Src/stm32f1xx_hal_wwdg.o
LOAD Drivers/STM32F1xx_HAL_Driver/Src/stm32f1xx_ll_usb.o
LOAD Middlewares/ST/STM32_USB_Device_Library/Class/DFU/Src/usbd_dfu.o
LOAD Middlewares/ST/STM32_USB_Device_Library/Core/Src/usbd_core.o
LOAD Middlewares/ST/STM32_USB_Device_Library/Core/Src/usbd_ctlreq.o
LOAD Middlewares/ST/STM32_USB_Device_Library/Core/Src/usbd_ioreq.o
LOAD Middlewares/Third_Party/FreeRTOS/Source/CMSIS_RTOS_V2/cmsis_os2.o
LOAD Middlewares/Third_Party/FreeRTOS/Source/croutine.o
LOAD Middlewares/Third_Party/FreeRTOS/Source/event_groups.o
LOAD Middlewares/Third_Party/FreeRTOS/Source/list.o
LOAD Middlewares/Third_Party/FreeRTOS/Source/queue.o
LOAD Middlewares/Third_Party/FreeRTOS/Source/stream_buffer.o
LOAD Middlewares/Third_Party/FreeRTOS/Source/tasks.o
LOAD Middlewares/Third_Party/FreeRTOS/Source/timers.o
LOAD Middlewares/Third_Party/FreeRTOS/Source/portable/GCC/ARM_CM3/port.o
LOAD Middlewares/Third_Party/FreeRTOS/Source/portable/MemMang/heap_4.o
LOAD MyCode/Src/board.o
LOAD Src/adc.o
LOAD Src/crc.o
LOAD Src/dma.o
LOAD Src/freertos.o
LOAD Src/gpio.o
LOAD Src/i2c.o
LOAD Src/iwdg.o
LOAD Src/main.o
LOAD Src/rtc.o
LOAD Src/spi.o
LOAD Src/stm32f1xx_hal_msp.o
LOAD Src/stm32f1xx_hal_timebase_tim.o
LOAD Src/stm32f1xx_it.o
LOAD Src/syscalls.o
LOAD Src/sysmem.o
LOAD Src/system_stm32f1xx.o
LOAD Src/tim.o
LOAD Src/usart.o
LOAD Src/usb_device.o
LOAD Src/usbd_conf.o
LOAD Src/usbd_desc.o
LOAD Src/usbd_dfu_if.o
LOAD Src/wwdg.o
LOAD Startup/startup_stm32f103c8tx.o
START GROUP
LOAD c:/st/stm32cubeide_1.4.0/stm32cubeide/plugins/com.st.stm32cube.ide.mcu.externaltools.gnu-tools-for-stm32.7-2018-q2-update.win32_1.4.0.202007081208/tools/bin/../lib/gcc/arm-none-eabi/7.3.1/../../../../arm-none-eabi/lib/thumb/v7-m\libc_nano.a
LOAD c:/st/stm32cubeide_1.4.0/stm32cubeide/plugins/com.st.stm32cube.ide.mcu.externaltools.gnu-tools-for-stm32.7-2018-q2-update.win32_1.4.0.202007081208/tools/bin/../lib/gcc/arm-none-eabi/7.3.1/../../../../arm-none-eabi/lib/thumb/v7-m\libm.a
END GROUP
START GROUP
LOAD c:/st/stm32cubeide_1.4.0/stm32cubeide/plugins/com.st.stm32cube.ide.mcu.externaltools.gnu-tools-for-stm32.7-2018-q2-update.win32_1.4.0.202007081208/tools/bin/../lib/gcc/arm-none-eabi/7.3.1/thumb/v7-m\libgcc.a
LOAD c:/st/stm32cubeide_1.4.0/stm32cubeide/plugins/com.st.stm32cube.ide.mcu.externaltools.gnu-tools-for-stm32.7-2018-q2-update.win32_1.4.0.202007081208/tools/bin/../lib/gcc/arm-none-eabi/7.3.1/../../../../arm-none-eabi/lib/thumb/v7-m\libc_nano.a
END GROUP
START GROUP
LOAD c:/st/stm32cubeide_1.4.0/stm32cubeide/plugins/com.st.stm32cube.ide.mcu.externaltools.gnu-tools-for-stm32.7-2018-q2-update.win32_1.4.0.202007081208/tools/bin/../lib/gcc/arm-none-eabi/7.3.1/thumb/v7-m\libgcc.a
LOAD c:/st/stm32cubeide_1.4.0/stm32cubeide/plugins/com.st.stm32cube.ide.mcu.externaltools.gnu-tools-for-stm32.7-2018-q2-update.win32_1.4.0.202007081208/tools/bin/../lib/gcc/arm-none-eabi/7.3.1/../../../../arm-none-eabi/lib/thumb/v7-m\libc_nano.a
LOAD c:/st/stm32cubeide_1.4.0/stm32cubeide/plugins/com.st.stm32cube.ide.mcu.externaltools.gnu-tools-for-stm32.7-2018-q2-update.win32_1.4.0.202007081208/tools/bin/../lib/gcc/arm-none-eabi/7.3.1/../../../../arm-none-eabi/lib/thumb/v7-m\libnosys.a
END GROUP
START GROUP
LOAD c:/st/stm32cubeide_1.4.0/stm32cubeide/plugins/com.st.stm32cube.ide.mcu.externaltools.gnu-tools-for-stm32.7-2018-q2-update.win32_1.4.0.202007081208/tools/bin/../lib/gcc/arm-none-eabi/7.3.1/thumb/v7-m\libgcc.a
LOAD c:/st/stm32cubeide_1.4.0/stm32cubeide/plugins/com.st.stm32cube.ide.mcu.externaltools.gnu-tools-for-stm32.7-2018-q2-update.win32_1.4.0.202007081208/tools/bin/../lib/gcc/arm-none-eabi/7.3.1/../../../../arm-none-eabi/lib/thumb/v7-m\libc_nano.a
LOAD c:/st/stm32cubeide_1.4.0/stm32cubeide/plugins/com.st.stm32cube.ide.mcu.externaltools.gnu-tools-for-stm32.7-2018-q2-update.win32_1.4.0.202007081208/tools/bin/../lib/gcc/arm-none-eabi/7.3.1/../../../../arm-none-eabi/lib/thumb/v7-m\libnosys.a
END GROUP
LOAD c:/st/stm32cubeide_1.4.0/stm32cubeide/plugins/com.st.stm32cube.ide.mcu.externaltools.gnu-tools-for-stm32.7-2018-q2-update.win32_1.4.0.202007081208/tools/bin/../lib/gcc/arm-none-eabi/7.3.1/thumb/v7-m/crtend.o
LOAD c:/st/stm32cubeide_1.4.0/stm32cubeide/plugins/com.st.stm32cube.ide.mcu.externaltools.gnu-tools-for-stm32.7-2018-q2-update.win32_1.4.0.202007081208/tools/bin/../lib/gcc/arm-none-eabi/7.3.1/thumb/v7-m/crtn.o
                0x0000000020005000                _estack = (ORIGIN (RAM) + LENGTH (RAM))
                0x0000000000000200                _Min_Heap_Size = 0x200
                0x0000000000000400                _Min_Stack_Size = 0x400

.isr_vector     0x0000000008000000      0x10c
                0x0000000008000000                . = ALIGN (0x4)
 *(.isr_vector)
 .isr_vector    0x0000000008000000      0x10c Startup/startup_stm32f103c8tx.o
                0x0000000008000000                g_pfnVectors
                0x000000000800010c                . = ALIGN (0x4)

.text           0x0000000008000110     0xcea0
                0x0000000008000110                . = ALIGN (0x4)
 *(.text)
 .text          0x0000000008000110       0x40 c:/st/stm32cubeide_1.4.0/stm32cubeide/plugins/com.st.stm32cube.ide.mcu.externaltools.gnu-tools-for-stm32.7-2018-q2-update.win32_1.4.0.202007081208/tools/bin/../lib/gcc/arm-none-eabi/7.3.1/thumb/v7-m/crtbegin.o
 *(.text*)
 .text.HAL_Init
                0x0000000008000150       0x2c Drivers/STM32F1xx_HAL_Driver/Src/stm32f1xx_hal.o
                0x0000000008000150                HAL_Init
 .text.HAL_IncTick
                0x000000000800017c       0x24 Drivers/STM32F1xx_HAL_Driver/Src/stm32f1xx_hal.o
                0x000000000800017c                HAL_IncTick
 .text.HAL_GetTick
                0x00000000080001a0       0x14 Drivers/STM32F1xx_HAL_Driver/Src/stm32f1xx_hal.o
                0x00000000080001a0                HAL_GetTick
 .text.HAL_Delay
                0x00000000080001b4       0x44 Drivers/STM32F1xx_HAL_Driver/Src/stm32f1xx_hal.o
                0x00000000080001b4                HAL_Delay
 .text.HAL_ADC_Init
                0x00000000080001f8      0x1b0 Drivers/STM32F1xx_HAL_Driver/Src/stm32f1xx_hal_adc.o
                0x00000000080001f8                HAL_ADC_Init
 .text.HAL_ADC_ConfigChannel
                0x00000000080003a8      0x1f0 Drivers/STM32F1xx_HAL_Driver/Src/stm32f1xx_hal_adc.o
                0x00000000080003a8                HAL_ADC_ConfigChannel
 .text.ADC_ConversionStop_Disable
                0x0000000008000598       0x74 Drivers/STM32F1xx_HAL_Driver/Src/stm32f1xx_hal_adc.o
                0x0000000008000598                ADC_ConversionStop_Disable
 .text.__NVIC_SetPriorityGrouping
                0x000000000800060c       0x48 Drivers/STM32F1xx_HAL_Driver/Src/stm32f1xx_hal_cortex.o
 .text.__NVIC_GetPriorityGrouping
                0x0000000008000654       0x1c Drivers/STM32F1xx_HAL_Driver/Src/stm32f1xx_hal_cortex.o
 .text.__NVIC_EnableIRQ
                0x0000000008000670       0x38 Drivers/STM32F1xx_HAL_Driver/Src/stm32f1xx_hal_cortex.o
 .text.__NVIC_SetPriority
                0x00000000080006a8       0x54 Drivers/STM32F1xx_HAL_Driver/Src/stm32f1xx_hal_cortex.o
 .text.NVIC_EncodePriority
                0x00000000080006fc       0x64 Drivers/STM32F1xx_HAL_Driver/Src/stm32f1xx_hal_cortex.o
 .text.HAL_NVIC_SetPriorityGrouping
                0x0000000008000760       0x16 Drivers/STM32F1xx_HAL_Driver/Src/stm32f1xx_hal_cortex.o
                0x0000000008000760                HAL_NVIC_SetPriorityGrouping
 .text.HAL_NVIC_SetPriority
                0x0000000008000776       0x38 Drivers/STM32F1xx_HAL_Driver/Src/stm32f1xx_hal_cortex.o
                0x0000000008000776                HAL_NVIC_SetPriority
 .text.HAL_NVIC_EnableIRQ
                0x00000000080007ae       0x1c Drivers/STM32F1xx_HAL_Driver/Src/stm32f1xx_hal_cortex.o
                0x00000000080007ae                HAL_NVIC_EnableIRQ
 .text.HAL_CRC_Init
                0x00000000080007ca       0x38 Drivers/STM32F1xx_HAL_Driver/Src/stm32f1xx_hal_crc.o
                0x00000000080007ca                HAL_CRC_Init
 *fill*         0x0000000008000802        0x2 
 .text.HAL_DMA_Init
                0x0000000008000804       0xb4 Drivers/STM32F1xx_HAL_Driver/Src/stm32f1xx_hal_dma.o
                0x0000000008000804                HAL_DMA_Init
 .text.HAL_DMA_Start_IT
                0x00000000080008b8       0xbe Drivers/STM32F1xx_HAL_Driver/Src/stm32f1xx_hal_dma.o
                0x00000000080008b8                HAL_DMA_Start_IT
 *fill*         0x0000000008000976        0x2 
 .text.HAL_DMA_Abort_IT
                0x0000000008000978       0xec Drivers/STM32F1xx_HAL_Driver/Src/stm32f1xx_hal_dma.o
                0x0000000008000978                HAL_DMA_Abort_IT
 .text.HAL_DMA_IRQHandler
                0x0000000008000a64      0x20c Drivers/STM32F1xx_HAL_Driver/Src/stm32f1xx_hal_dma.o
                0x0000000008000a64                HAL_DMA_IRQHandler
 .text.DMA_SetConfig
                0x0000000008000c70       0x5a Drivers/STM32F1xx_HAL_Driver/Src/stm32f1xx_hal_dma.o
 *fill*         0x0000000008000cca        0x2 
 .text.HAL_GPIO_Init
                0x0000000008000ccc      0x2b4 Drivers/STM32F1xx_HAL_Driver/Src/stm32f1xx_hal_gpio.o
                0x0000000008000ccc                HAL_GPIO_Init
 .text.HAL_GPIO_WritePin
                0x0000000008000f80       0x30 Drivers/STM32F1xx_HAL_Driver/Src/stm32f1xx_hal_gpio.o
                0x0000000008000f80                HAL_GPIO_WritePin
 .text.HAL_I2C_Init
                0x0000000008000fb0      0x250 Drivers/STM32F1xx_HAL_Driver/Src/stm32f1xx_hal_i2c.o
                0x0000000008000fb0                HAL_I2C_Init
 .text.HAL_IWDG_Init
                0x0000000008001200       0x72 Drivers/STM32F1xx_HAL_Driver/Src/stm32f1xx_hal_iwdg.o
                0x0000000008001200                HAL_IWDG_Init
 .text.HAL_PCD_Init
                0x0000000008001272      0x1c2 Drivers/STM32F1xx_HAL_Driver/Src/stm32f1xx_hal_pcd.o
                0x0000000008001272                HAL_PCD_Init
 .text.HAL_PCD_Start
                0x0000000008001434       0x4c Drivers/STM32F1xx_HAL_Driver/Src/stm32f1xx_hal_pcd.o
                0x0000000008001434                HAL_PCD_Start
 .text.HAL_PCD_Stop
                0x0000000008001480       0x60 Drivers/STM32F1xx_HAL_Driver/Src/stm32f1xx_hal_pcd.o
                0x0000000008001480                HAL_PCD_Stop
 .text.HAL_PCD_IRQHandler
                0x00000000080014e0      0x21c Drivers/STM32F1xx_HAL_Driver/Src/stm32f1xx_hal_pcd.o
                0x00000000080014e0                HAL_PCD_IRQHandler
 .text.HAL_PCD_SetAddress
                0x00000000080016fc       0x4a Drivers/STM32F1xx_HAL_Driver/Src/stm32f1xx_hal_pcd.o
                0x00000000080016fc                HAL_PCD_SetAddress
 .text.HAL_PCD_EP_Open
                0x0000000008001746       0xc0 Drivers/STM32F1xx_HAL_Driver/Src/stm32f1xx_hal_pcd.o
                0x0000000008001746                HAL_PCD_EP_Open
 .text.HAL_PCD_EP_Receive
                0x0000000008001806       0x74 Drivers/STM32F1xx_HAL_Driver/Src/stm32f1xx_hal_pcd.o
                0x0000000008001806                HAL_PCD_EP_Receive
 .text.HAL_PCD_EP_Transmit
                0x000000000800187a       0x72 Drivers/STM32F1xx_HAL_Driver/Src/stm32f1xx_hal_pcd.o
                0x000000000800187a                HAL_PCD_EP_Transmit
 .text.HAL_PCD_EP_SetStall
                0x00000000080018ec       0xb4 Drivers/STM32F1xx_HAL_Driver/Src/stm32f1xx_hal_pcd.o
                0x00000000080018ec                HAL_PCD_EP_SetStall
 .text.HAL_PCD_EP_ClrStall
                0x00000000080019a0       0x9c Drivers/STM32F1xx_HAL_Driver/Src/stm32f1xx_hal_pcd.o
                0x00000000080019a0                HAL_PCD_EP_ClrStall
 .text.PCD_EP_ISR_Handler
                0x0000000008001a3c      0x534 Drivers/STM32F1xx_HAL_Driver/Src/stm32f1xx_hal_pcd.o
 .text.HAL_PCDEx_PMAConfig
                0x0000000008001f70       0x78 Drivers/STM32F1xx_HAL_Driver/Src/stm32f1xx_hal_pcd_ex.o
                0x0000000008001f70                HAL_PCDEx_PMAConfig
 .text.HAL_PWR_EnableBkUpAccess
                0x0000000008001fe8       0x18 Drivers/STM32F1xx_HAL_Driver/Src/stm32f1xx_hal_pwr.o
                0x0000000008001fe8                HAL_PWR_EnableBkUpAccess
 .text.HAL_RCC_OscConfig
                0x0000000008002000      0x500 Drivers/STM32F1xx_HAL_Driver/Src/stm32f1xx_hal_rcc.o
                0x0000000008002000                HAL_RCC_OscConfig
 .text.HAL_RCC_ClockConfig
                0x0000000008002500      0x1d4 Drivers/STM32F1xx_HAL_Driver/Src/stm32f1xx_hal_rcc.o
                0x0000000008002500                HAL_RCC_ClockConfig
 .text.HAL_RCC_EnableCSS
                0x00000000080026d4       0x18 Drivers/STM32F1xx_HAL_Driver/Src/stm32f1xx_hal_rcc.o
                0x00000000080026d4                HAL_RCC_EnableCSS
 .text.HAL_RCC_GetSysClockFreq
                0x00000000080026ec       0xc4 Drivers/STM32F1xx_HAL_Driver/Src/stm32f1xx_hal_rcc.o
                0x00000000080026ec                HAL_RCC_GetSysClockFreq
 .text.HAL_RCC_GetHCLKFreq
                0x00000000080027b0       0x14 Drivers/STM32F1xx_HAL_Driver/Src/stm32f1xx_hal_rcc.o
                0x00000000080027b0                HAL_RCC_GetHCLKFreq
 .text.HAL_RCC_GetPCLK1Freq
                0x00000000080027c4       0x28 Drivers/STM32F1xx_HAL_Driver/Src/stm32f1xx_hal_rcc.o
                0x00000000080027c4                HAL_RCC_GetPCLK1Freq
 .text.HAL_RCC_GetPCLK2Freq
                0x00000000080027ec       0x28 Drivers/STM32F1xx_HAL_Driver/Src/stm32f1xx_hal_rcc.o
                0x00000000080027ec                HAL_RCC_GetPCLK2Freq
 .text.HAL_RCC_GetClockConfig
                0x0000000008002814       0x60 Drivers/STM32F1xx_HAL_Driver/Src/stm32f1xx_hal_rcc.o
                0x0000000008002814                HAL_RCC_GetClockConfig
 .text.HAL_RCC_NMI_IRQHandler
                0x0000000008002874       0x28 Drivers/STM32F1xx_HAL_Driver/Src/stm32f1xx_hal_rcc.o
                0x0000000008002874                HAL_RCC_NMI_IRQHandler
 .text.RCC_Delay
                0x000000000800289c       0x3c Drivers/STM32F1xx_HAL_Driver/Src/stm32f1xx_hal_rcc.o
 .text.HAL_RCC_CSSCallback
                0x00000000080028d8        0xc Drivers/STM32F1xx_HAL_Driver/Src/stm32f1xx_hal_rcc.o
                0x00000000080028d8                HAL_RCC_CSSCallback
 .text.HAL_RCCEx_PeriphCLKConfig
                0x00000000080028e4      0x16c Drivers/STM32F1xx_HAL_Driver/Src/stm32f1xx_hal_rcc_ex.o
                0x00000000080028e4                HAL_RCCEx_PeriphCLKConfig
 .text.HAL_RCCEx_GetPeriphCLKFreq
                0x0000000008002a50      0x178 Drivers/STM32F1xx_HAL_Driver/Src/stm32f1xx_hal_rcc_ex.o
                0x0000000008002a50                HAL_RCCEx_GetPeriphCLKFreq
 .text.HAL_RTC_Init
                0x0000000008002bc8      0x12c Drivers/STM32F1xx_HAL_Driver/Src/stm32f1xx_hal_rtc.o
                0x0000000008002bc8                HAL_RTC_Init
 .text.HAL_RTC_SetTime
                0x0000000008002cf4      0x12e Drivers/STM32F1xx_HAL_Driver/Src/stm32f1xx_hal_rtc.o
                0x0000000008002cf4                HAL_RTC_SetTime
 *fill*         0x0000000008002e22        0x2 
 .text.HAL_RTC_SetDate
                0x0000000008002e24      0x16c Drivers/STM32F1xx_HAL_Driver/Src/stm32f1xx_hal_rtc.o
                0x0000000008002e24                HAL_RTC_SetDate
 .text.HAL_RTC_WaitForSynchro
                0x0000000008002f90       0x5a Drivers/STM32F1xx_HAL_Driver/Src/stm32f1xx_hal_rtc.o
                0x0000000008002f90                HAL_RTC_WaitForSynchro
 .text.RTC_ReadTimeCounter
                0x0000000008002fea       0x60 Drivers/STM32F1xx_HAL_Driver/Src/stm32f1xx_hal_rtc.o
 .text.RTC_WriteTimeCounter
                0x000000000800304a       0x4e Drivers/STM32F1xx_HAL_Driver/Src/stm32f1xx_hal_rtc.o
 .text.RTC_ReadAlarmCounter
                0x0000000008003098       0x32 Drivers/STM32F1xx_HAL_Driver/Src/stm32f1xx_hal_rtc.o
 .text.RTC_WriteAlarmCounter
                0x00000000080030ca       0x4e Drivers/STM32F1xx_HAL_Driver/Src/stm32f1xx_hal_rtc.o
 .text.RTC_EnterInitMode
                0x0000000008003118       0x50 Drivers/STM32F1xx_HAL_Driver/Src/stm32f1xx_hal_rtc.o
 .text.RTC_ExitInitMode
                0x0000000008003168       0x50 Drivers/STM32F1xx_HAL_Driver/Src/stm32f1xx_hal_rtc.o
 .text.RTC_Bcd2ToByte
                0x00000000080031b8       0x3a Drivers/STM32F1xx_HAL_Driver/Src/stm32f1xx_hal_rtc.o
 *fill*         0x00000000080031f2        0x2 
 .text.RTC_WeekDayNum
                0x00000000080031f4       0xf0 Drivers/STM32F1xx_HAL_Driver/Src/stm32f1xx_hal_rtc.o
 .text.HAL_SPI_Init
                0x00000000080032e4       0xc2 Drivers/STM32F1xx_HAL_Driver/Src/stm32f1xx_hal_spi.o
                0x00000000080032e4                HAL_SPI_Init
 .text.HAL_TIM_Base_Init
                0x00000000080033a6       0x56 Drivers/STM32F1xx_HAL_Driver/Src/stm32f1xx_hal_tim.o
                0x00000000080033a6                HAL_TIM_Base_Init
 .text.HAL_TIM_Base_Start_IT
                0x00000000080033fc       0x46 Drivers/STM32F1xx_HAL_Driver/Src/stm32f1xx_hal_tim.o
                0x00000000080033fc                HAL_TIM_Base_Start_IT
 .text.HAL_TIM_PWM_Init
                0x0000000008003442       0x56 Drivers/STM32F1xx_HAL_Driver/Src/stm32f1xx_hal_tim.o
                0x0000000008003442                HAL_TIM_PWM_Init
 .text.HAL_TIM_PWM_MspInit
                0x0000000008003498       0x12 Drivers/STM32F1xx_HAL_Driver/Src/stm32f1xx_hal_tim.o
                0x0000000008003498                HAL_TIM_PWM_MspInit
 *fill*         0x00000000080034aa        0x2 
 .text.HAL_TIM_PWM_Start
                0x00000000080034ac       0x64 Drivers/STM32F1xx_HAL_Driver/Src/stm32f1xx_hal_tim.o
                0x00000000080034ac                HAL_TIM_PWM_Start
 .text.HAL_TIM_Encoder_Init
                0x0000000008003510      0x11c Drivers/STM32F1xx_HAL_Driver/Src/stm32f1xx_hal_tim.o
                0x0000000008003510                HAL_TIM_Encoder_Init
 .text.HAL_TIM_IRQHandler
                0x000000000800362c      0x210 Drivers/STM32F1xx_HAL_Driver/Src/stm32f1xx_hal_tim.o
                0x000000000800362c                HAL_TIM_IRQHandler
 .text.HAL_TIM_PWM_ConfigChannel
                0x000000000800383c      0x18c Drivers/STM32F1xx_HAL_Driver/Src/stm32f1xx_hal_tim.o
                0x000000000800383c                HAL_TIM_PWM_ConfigChannel
 .text.HAL_TIM_ConfigClockSource
                0x00000000080039c8      0x16e Drivers/STM32F1xx_HAL_Driver/Src/stm32f1xx_hal_tim.o
                0x00000000080039c8                HAL_TIM_ConfigClockSource
 .text.HAL_TIM_OC_DelayElapsedCallback
                0x0000000008003b36       0x12 Drivers/STM32F1xx_HAL_Driver/Src/stm32f1xx_hal_tim.o
                0x0000000008003b36                HAL_TIM_OC_DelayElapsedCallback
 .text.HAL_TIM_IC_CaptureCallback
                0x0000000008003b48       0x12 Drivers/STM32F1xx_HAL_Driver/Src/stm32f1xx_hal_tim.o
                0x0000000008003b48                HAL_TIM_IC_CaptureCallback
 .text.HAL_TIM_PWM_PulseFinishedCallback
                0x0000000008003b5a       0x12 Drivers/STM32F1xx_HAL_Driver/Src/stm32f1xx_hal_tim.o
                0x0000000008003b5a                HAL_TIM_PWM_PulseFinishedCallback
 .text.HAL_TIM_TriggerCallback
                0x0000000008003b6c       0x12 Drivers/STM32F1xx_HAL_Driver/Src/stm32f1xx_hal_tim.o
                0x0000000008003b6c                HAL_TIM_TriggerCallback
 *fill*         0x0000000008003b7e        0x2 
 .text.TIM_Base_SetConfig
                0x0000000008003b80       0xc4 Drivers/STM32F1xx_HAL_Driver/Src/stm32f1xx_hal_tim.o
                0x0000000008003b80                TIM_Base_SetConfig
 .text.TIM_OC1_SetConfig
                0x0000000008003c44       0xcc Drivers/STM32F1xx_HAL_Driver/Src/stm32f1xx_hal_tim.o
 .text.TIM_OC2_SetConfig
                0x0000000008003d10       0xd4 Drivers/STM32F1xx_HAL_Driver/Src/stm32f1xx_hal_tim.o
                0x0000000008003d10                TIM_OC2_SetConfig
 .text.TIM_OC3_SetConfig
                0x0000000008003de4       0xd4 Drivers/STM32F1xx_HAL_Driver/Src/stm32f1xx_hal_tim.o
 .text.TIM_OC4_SetConfig
                0x0000000008003eb8       0x9c Drivers/STM32F1xx_HAL_Driver/Src/stm32f1xx_hal_tim.o
 .text.TIM_TI1_ConfigInputStage
                0x0000000008003f54       0x5c Drivers/STM32F1xx_HAL_Driver/Src/stm32f1xx_hal_tim.o
 .text.TIM_TI2_ConfigInputStage
                0x0000000008003fb0       0x5e Drivers/STM32F1xx_HAL_Driver/Src/stm32f1xx_hal_tim.o
 .text.TIM_ITRx_SetConfig
                0x000000000800400e       0x34 Drivers/STM32F1xx_HAL_Driver/Src/stm32f1xx_hal_tim.o
 .text.TIM_ETR_SetConfig
                0x0000000008004042       0x3e Drivers/STM32F1xx_HAL_Driver/Src/stm32f1xx_hal_tim.o
                0x0000000008004042                TIM_ETR_SetConfig
 .text.TIM_CCxChannelCmd
                0x0000000008004080       0x48 Drivers/STM32F1xx_HAL_Driver/Src/stm32f1xx_hal_tim.o
                0x0000000008004080                TIM_CCxChannelCmd
 .text.HAL_TIMEx_MasterConfigSynchronization
                0x00000000080040c8       0x88 Drivers/STM32F1xx_HAL_Driver/Src/stm32f1xx_hal_tim_ex.o
                0x00000000080040c8                HAL_TIMEx_MasterConfigSynchronization
 .text.HAL_TIMEx_CommutCallback
                0x0000000008004150       0x12 Drivers/STM32F1xx_HAL_Driver/Src/stm32f1xx_hal_tim_ex.o
                0x0000000008004150                HAL_TIMEx_CommutCallback
 .text.HAL_TIMEx_BreakCallback
                0x0000000008004162       0x12 Drivers/STM32F1xx_HAL_Driver/Src/stm32f1xx_hal_tim_ex.o
                0x0000000008004162                HAL_TIMEx_BreakCallback
 .text.HAL_UART_Init
                0x0000000008004174       0x9a Drivers/STM32F1xx_HAL_Driver/Src/stm32f1xx_hal_uart.o
                0x0000000008004174                HAL_UART_Init
 *fill*         0x000000000800420e        0x2 
 .text.HAL_UART_Transmit_DMA
                0x0000000008004210       0xd8 Drivers/STM32F1xx_HAL_Driver/Src/stm32f1xx_hal_uart.o
                0x0000000008004210                HAL_UART_Transmit_DMA
 .text.HAL_UART_Receive_DMA
                0x00000000080042e8      0x100 Drivers/STM32F1xx_HAL_Driver/Src/stm32f1xx_hal_uart.o
                0x00000000080042e8                HAL_UART_Receive_DMA
 .text.HAL_UART_IRQHandler
                0x00000000080043e8      0x1f8 Drivers/STM32F1xx_HAL_Driver/Src/stm32f1xx_hal_uart.o
                0x00000000080043e8                HAL_UART_IRQHandler
 .text.HAL_UART_TxHalfCpltCallback
                0x00000000080045e0       0x12 Drivers/STM32F1xx_HAL_Driver/Src/stm32f1xx_hal_uart.o
                0x00000000080045e0                HAL_UART_TxHalfCpltCallback
 .text.HAL_UART_RxHalfCpltCallback
                0x00000000080045f2       0x12 Drivers/STM32F1xx_HAL_Driver/Src/stm32f1xx_hal_uart.o
                0x00000000080045f2                HAL_UART_RxHalfCpltCallback
 .text.HAL_UART_ErrorCallback
                0x0000000008004604       0x12 Drivers/STM32F1xx_HAL_Driver/Src/stm32f1xx_hal_uart.o
                0x0000000008004604                HAL_UART_ErrorCallback
 .text.UART_DMATransmitCplt
                0x0000000008004616       0x52 Drivers/STM32F1xx_HAL_Driver/Src/stm32f1xx_hal_uart.o
 .text.UART_DMATxHalfCplt
                0x0000000008004668       0x1c Drivers/STM32F1xx_HAL_Driver/Src/stm32f1xx_hal_uart.o
 .text.UART_DMAReceiveCplt
                0x0000000008004684       0x68 Drivers/STM32F1xx_HAL_Driver/Src/stm32f1xx_hal_uart.o
 .text.UART_DMARxHalfCplt
                0x00000000080046ec       0x1c Drivers/STM32F1xx_HAL_Driver/Src/stm32f1xx_hal_uart.o
 .text.UART_DMAError
                0x0000000008004708       0x94 Drivers/STM32F1xx_HAL_Driver/Src/stm32f1xx_hal_uart.o
 .text.UART_EndTxTransfer
                0x000000000800479c       0x2a Drivers/STM32F1xx_HAL_Driver/Src/stm32f1xx_hal_uart.o
 .text.UART_EndRxTransfer
                0x00000000080047c6       0x3a Drivers/STM32F1xx_HAL_Driver/Src/stm32f1xx_hal_uart.o
 .text.UART_DMAAbortOnError
                0x0000000008004800       0x28 Drivers/STM32F1xx_HAL_Driver/Src/stm32f1xx_hal_uart.o
 .text.UART_Transmit_IT
                0x0000000008004828       0xaa Drivers/STM32F1xx_HAL_Driver/Src/stm32f1xx_hal_uart.o
 .text.UART_EndTransmit_IT
                0x00000000080048d2       0x30 Drivers/STM32F1xx_HAL_Driver/Src/stm32f1xx_hal_uart.o
 .text.UART_Receive_IT
                0x0000000008004902      0x102 Drivers/STM32F1xx_HAL_Driver/Src/stm32f1xx_hal_uart.o
 .text.UART_SetConfig
                0x0000000008004a04      0x1b4 Drivers/STM32F1xx_HAL_Driver/Src/stm32f1xx_hal_uart.o
 .text.HAL_WWDG_Init
                0x0000000008004bb8       0x48 Drivers/STM32F1xx_HAL_Driver/Src/stm32f1xx_hal_wwdg.o
                0x0000000008004bb8                HAL_WWDG_Init
 .text.USB_CoreInit
                0x0000000008004c00       0x20 Drivers/STM32F1xx_HAL_Driver/Src/stm32f1xx_ll_usb.o
                0x0000000008004c00                USB_CoreInit
 .text.USB_EnableGlobalInt
                0x0000000008004c20       0x2e Drivers/STM32F1xx_HAL_Driver/Src/stm32f1xx_ll_usb.o
                0x0000000008004c20                USB_EnableGlobalInt
 .text.USB_DisableGlobalInt
                0x0000000008004c4e       0x38 Drivers/STM32F1xx_HAL_Driver/Src/stm32f1xx_ll_usb.o
                0x0000000008004c4e                USB_DisableGlobalInt
 .text.USB_SetCurrentMode
                0x0000000008004c86       0x18 Drivers/STM32F1xx_HAL_Driver/Src/stm32f1xx_ll_usb.o
                0x0000000008004c86                USB_SetCurrentMode
 .text.USB_DevInit
                0x0000000008004c9e       0x48 Drivers/STM32F1xx_HAL_Driver/Src/stm32f1xx_ll_usb.o
                0x0000000008004c9e                USB_DevInit
 *fill*         0x0000000008004ce6        0x2 
 .text.USB_ActivateEndpoint
                0x0000000008004ce8      0x5dc Drivers/STM32F1xx_HAL_Driver/Src/stm32f1xx_ll_usb.o
                0x0000000008004ce8                USB_ActivateEndpoint
 .text.USB_EPStartXfer
                0x00000000080052c4      0x570 Drivers/STM32F1xx_HAL_Driver/Src/stm32f1xx_ll_usb.o
                0x00000000080052c4                USB_EPStartXfer
 .text.USB_EPSetStall
                0x0000000008005834       0x84 Drivers/STM32F1xx_HAL_Driver/Src/stm32f1xx_ll_usb.o
                0x0000000008005834                USB_EPSetStall
 .text.USB_EPClearStall
                0x00000000080058b8      0x128 Drivers/STM32F1xx_HAL_Driver/Src/stm32f1xx_ll_usb.o
                0x00000000080058b8                USB_EPClearStall
 .text.USB_StopDevice
                0x00000000080059e0       0x2c Drivers/STM32F1xx_HAL_Driver/Src/stm32f1xx_ll_usb.o
                0x00000000080059e0                USB_StopDevice
 .text.USB_SetDevAddress
                0x0000000008005a0c       0x26 Drivers/STM32F1xx_HAL_Driver/Src/stm32f1xx_ll_usb.o
                0x0000000008005a0c                USB_SetDevAddress
 .text.USB_DevConnect
                0x0000000008005a32       0x14 Drivers/STM32F1xx_HAL_Driver/Src/stm32f1xx_ll_usb.o
                0x0000000008005a32                USB_DevConnect
 .text.USB_DevDisconnect
                0x0000000008005a46       0x14 Drivers/STM32F1xx_HAL_Driver/Src/stm32f1xx_ll_usb.o
                0x0000000008005a46                USB_DevDisconnect
 .text.USB_ReadInterrupts
                0x0000000008005a5a       0x1e Drivers/STM32F1xx_HAL_Driver/Src/stm32f1xx_ll_usb.o
                0x0000000008005a5a                USB_ReadInterrupts
 .text.USB_EP0_OutStart
                0x0000000008005a78       0x16 Drivers/STM32F1xx_HAL_Driver/Src/stm32f1xx_ll_usb.o
                0x0000000008005a78                USB_EP0_OutStart
 .text.USB_WritePMA
                0x0000000008005a8e       0x88 Drivers/STM32F1xx_HAL_Driver/Src/stm32f1xx_ll_usb.o
                0x0000000008005a8e                USB_WritePMA
 .text.USB_ReadPMA
                0x0000000008005b16       0x9e Drivers/STM32F1xx_HAL_Driver/Src/stm32f1xx_ll_usb.o
                0x0000000008005b16                USB_ReadPMA
 .text.__NVIC_SystemReset
                0x0000000008005bb4       0x28 Middlewares/ST/STM32_USB_Device_Library/Class/DFU/Src/usbd_dfu.o
 .text.USBD_DFU_Init
                0x0000000008005bdc       0xb2 Middlewares/ST/STM32_USB_Device_Library/Class/DFU/Src/usbd_dfu.o
 .text.USBD_DFU_DeInit
                0x0000000008005c8e       0x6e Middlewares/ST/STM32_USB_Device_Library/Class/DFU/Src/usbd_dfu.o
 .text.USBD_DFU_Setup
                0x0000000008005cfc      0x1d4 Middlewares/ST/STM32_USB_Device_Library/Class/DFU/Src/usbd_dfu.o
 .text.USBD_DFU_GetCfgDesc
                0x0000000008005ed0       0x20 Middlewares/ST/STM32_USB_Device_Library/Class/DFU/Src/usbd_dfu.o
 .text.USBD_DFU_DataIn
                0x0000000008005ef0       0x18 Middlewares/ST/STM32_USB_Device_Library/Class/DFU/Src/usbd_dfu.o
 .text.USBD_DFU_EP0_RxReady
                0x0000000008005f08       0x14 Middlewares/ST/STM32_USB_Device_Library/Class/DFU/Src/usbd_dfu.o
 .text.USBD_DFU_EP0_TxReady
                0x0000000008005f1c      0x1d0 Middlewares/ST/STM32_USB_Device_Library/Class/DFU/Src/usbd_dfu.o
 .text.USBD_DFU_SOF
                0x00000000080060ec       0x14 Middlewares/ST/STM32_USB_Device_Library/Class/DFU/Src/usbd_dfu.o
 .text.USBD_DFU_IsoINIncomplete
                0x0000000008006100       0x18 Middlewares/ST/STM32_USB_Device_Library/Class/DFU/Src/usbd_dfu.o
 .text.USBD_DFU_IsoOutIncomplete
                0x0000000008006118       0x18 Middlewares/ST/STM32_USB_Device_Library/Class/DFU/Src/usbd_dfu.o
 .text.USBD_DFU_DataOut
                0x0000000008006130       0x18 Middlewares/ST/STM32_USB_Device_Library/Class/DFU/Src/usbd_dfu.o
 .text.USBD_DFU_GetDeviceQualifierDesc
                0x0000000008006148       0x20 Middlewares/ST/STM32_USB_Device_Library/Class/DFU/Src/usbd_dfu.o
 .text.USBD_DFU_GetUsrStringDesc
                0x0000000008006168       0x38 Middlewares/ST/STM32_USB_Device_Library/Class/DFU/Src/usbd_dfu.o
 .text.USBD_DFU_RegisterMedia
                0x00000000080061a0       0x24 Middlewares/ST/STM32_USB_Device_Library/Class/DFU/Src/usbd_dfu.o
                0x00000000080061a0                USBD_DFU_RegisterMedia
 .text.DFU_Detach
                0x00000000080061c4       0xc0 Middlewares/ST/STM32_USB_Device_Library/Class/DFU/Src/usbd_dfu.o
 .text.DFU_Download
                0x0000000008006284       0xd4 Middlewares/ST/STM32_USB_Device_Library/Class/DFU/Src/usbd_dfu.o
 .text.DFU_Upload
                0x0000000008006358      0x1b8 Middlewares/ST/STM32_USB_Device_Library/Class/DFU/Src/usbd_dfu.o
 .text.DFU_GetStatus
                0x0000000008006510      0x164 Middlewares/ST/STM32_USB_Device_Library/Class/DFU/Src/usbd_dfu.o
 .text.DFU_ClearStatus
                0x0000000008006674       0x9e Middlewares/ST/STM32_USB_Device_Library/Class/DFU/Src/usbd_dfu.o
 .text.DFU_GetState
                0x0000000008006712       0x28 Middlewares/ST/STM32_USB_Device_Library/Class/DFU/Src/usbd_dfu.o
 .text.DFU_Abort
                0x000000000800673a       0x98 Middlewares/ST/STM32_USB_Device_Library/Class/DFU/Src/usbd_dfu.o
 *fill*         0x00000000080067d2        0x2 
 .text.DFU_Leave
                0x00000000080067d4       0x9c Middlewares/ST/STM32_USB_Device_Library/Class/DFU/Src/usbd_dfu.o
 .text.USBD_Init
                0x0000000008006870       0x56 Middlewares/ST/STM32_USB_Device_Library/Core/Src/usbd_core.o
                0x0000000008006870                USBD_Init
 .text.USBD_RegisterClass
                0x00000000080068c6       0x32 Middlewares/ST/STM32_USB_Device_Library/Core/Src/usbd_core.o
                0x00000000080068c6                USBD_RegisterClass
 .text.USBD_Start
                0x00000000080068f8       0x18 Middlewares/ST/STM32_USB_Device_Library/Core/Src/usbd_core.o
                0x00000000080068f8                USBD_Start
 .text.USBD_Stop
                0x0000000008006910       0x2c Middlewares/ST/STM32_USB_Device_Library/Core/Src/usbd_core.o
                0x0000000008006910                USBD_Stop
 .text.USBD_RunTestMode
                0x000000000800693c       0x14 Middlewares/ST/STM32_USB_Device_Library/Core/Src/usbd_core.o
                0x000000000800693c                USBD_RunTestMode
 .text.USBD_SetClassConfig
                0x0000000008006950       0x3e Middlewares/ST/STM32_USB_Device_Library/Core/Src/usbd_core.o
                0x0000000008006950                USBD_SetClassConfig
 .text.USBD_ClrClassConfig
                0x000000000800698e       0x26 Middlewares/ST/STM32_USB_Device_Library/Core/Src/usbd_core.o
                0x000000000800698e                USBD_ClrClassConfig
 .text.USBD_LL_SetupStage
                0x00000000080069b4       0x96 Middlewares/ST/STM32_USB_Device_Library/Core/Src/usbd_core.o
                0x00000000080069b4                USBD_LL_SetupStage
 .text.USBD_LL_DataOutStage
                0x0000000008006a4a       0xe2 Middlewares/ST/STM32_USB_Device_Library/Core/Src/usbd_core.o
                0x0000000008006a4a                USBD_LL_DataOutStage
 .text.USBD_LL_DataInStage
                0x0000000008006b2c      0x14a Middlewares/ST/STM32_USB_Device_Library/Core/Src/usbd_core.o
                0x0000000008006b2c                USBD_LL_DataInStage
 .text.USBD_LL_Reset
                0x0000000008006c76       0x82 Middlewares/ST/STM32_USB_Device_Library/Core/Src/usbd_core.o
                0x0000000008006c76                USBD_LL_Reset
 .text.USBD_LL_SetSpeed
                0x0000000008006cf8       0x1e Middlewares/ST/STM32_USB_Device_Library/Core/Src/usbd_core.o
                0x0000000008006cf8                USBD_LL_SetSpeed
 .text.USBD_LL_Suspend
                0x0000000008006d16       0x28 Middlewares/ST/STM32_USB_Device_Library/Core/Src/usbd_core.o
                0x0000000008006d16                USBD_LL_Suspend
 .text.USBD_LL_Resume
                0x0000000008006d3e       0x2a Middlewares/ST/STM32_USB_Device_Library/Core/Src/usbd_core.o
                0x0000000008006d3e                USBD_LL_Resume
 .text.USBD_LL_SOF
                0x0000000008006d68       0x34 Middlewares/ST/STM32_USB_Device_Library/Core/Src/usbd_core.o
                0x0000000008006d68                USBD_LL_SOF
 .text.USBD_StdDevReq
                0x0000000008006d9c       0xd4 Middlewares/ST/STM32_USB_Device_Library/Core/Src/usbd_ctlreq.o
                0x0000000008006d9c                USBD_StdDevReq
 .text.USBD_StdItfReq
                0x0000000008006e70       0x8c Middlewares/ST/STM32_USB_Device_Library/Core/Src/usbd_ctlreq.o
                0x0000000008006e70                USBD_StdItfReq
 .text.USBD_StdEPReq
                0x0000000008006efc      0x2ba Middlewares/ST/STM32_USB_Device_Library/Core/Src/usbd_ctlreq.o
                0x0000000008006efc                USBD_StdEPReq
 *fill*         0x00000000080071b6        0x2 
 .text.USBD_GetDescriptor
                0x00000000080071b8      0x2f4 Middlewares/ST/STM32_USB_Device_Library/Core/Src/usbd_ctlreq.o
 .text.USBD_SetAddress
                0x00000000080074ac       0x84 Middlewares/ST/STM32_USB_Device_Library/Core/Src/usbd_ctlreq.o
 .text.USBD_SetConfig
                0x0000000008007530      0x11c Middlewares/ST/STM32_USB_Device_Library/Core/Src/usbd_ctlreq.o
 .text.USBD_GetConfig
                0x000000000800764c       0x68 Middlewares/ST/STM32_USB_Device_Library/Core/Src/usbd_ctlreq.o
 .text.USBD_GetStatus
                0x00000000080076b4       0x66 Middlewares/ST/STM32_USB_Device_Library/Core/Src/usbd_ctlreq.o
 .text.USBD_SetFeature
                0x000000000800771a       0x28 Middlewares/ST/STM32_USB_Device_Library/Core/Src/usbd_ctlreq.o
 .text.USBD_ClrFeature
                0x0000000008007742       0x42 Middlewares/ST/STM32_USB_Device_Library/Core/Src/usbd_ctlreq.o
 .text.USBD_ParseSetupRequest
                0x0000000008007784       0x78 Middlewares/ST/STM32_USB_Device_Library/Core/Src/usbd_ctlreq.o
                0x0000000008007784                USBD_ParseSetupRequest
 .text.USBD_CtlError
                0x00000000080077fc       0x22 Middlewares/ST/STM32_USB_Device_Library/Core/Src/usbd_ctlreq.o
                0x00000000080077fc                USBD_CtlError
 .text.USBD_GetString
                0x000000000800781e       0x84 Middlewares/ST/STM32_USB_Device_Library/Core/Src/usbd_ctlreq.o
                0x000000000800781e                USBD_GetString
 .text.USBD_GetLen
                0x00000000080078a2       0x2e Middlewares/ST/STM32_USB_Device_Library/Core/Src/usbd_ctlreq.o
 .text.USBD_CtlSendData
                0x00000000080078d0       0x38 Middlewares/ST/STM32_USB_Device_Library/Core/Src/usbd_ioreq.o
                0x00000000080078d0                USBD_CtlSendData
 .text.USBD_CtlContinueSendData
                0x0000000008007908       0x24 Middlewares/ST/STM32_USB_Device_Library/Core/Src/usbd_ioreq.o
                0x0000000008007908                USBD_CtlContinueSendData
 .text.USBD_CtlPrepareRx
                0x000000000800792c       0x3c Middlewares/ST/STM32_USB_Device_Library/Core/Src/usbd_ioreq.o
                0x000000000800792c                USBD_CtlPrepareRx
 .text.USBD_CtlContinueRx
                0x0000000008007968       0x24 Middlewares/ST/STM32_USB_Device_Library/Core/Src/usbd_ioreq.o
                0x0000000008007968                USBD_CtlContinueRx
 .text.USBD_CtlSendStatus
                0x000000000800798c       0x26 Middlewares/ST/STM32_USB_Device_Library/Core/Src/usbd_ioreq.o
                0x000000000800798c                USBD_CtlSendStatus
 .text.USBD_CtlReceiveStatus
                0x00000000080079b2       0x26 Middlewares/ST/STM32_USB_Device_Library/Core/Src/usbd_ioreq.o
                0x00000000080079b2                USBD_CtlReceiveStatus
 .text.osKernelInitialize
                0x00000000080079d8       0x64 Middlewares/Third_Party/FreeRTOS/Source/CMSIS_RTOS_V2/cmsis_os2.o
                0x00000000080079d8                osKernelInitialize
 .text.osKernelStart
                0x0000000008007a3c       0x68 Middlewares/Third_Party/FreeRTOS/Source/CMSIS_RTOS_V2/cmsis_os2.o
                0x0000000008007a3c                osKernelStart
 .text.osThreadNew
                0x0000000008007aa4      0x154 Middlewares/Third_Party/FreeRTOS/Source/CMSIS_RTOS_V2/cmsis_os2.o
                0x0000000008007aa4                osThreadNew
 .text.osDelay  0x0000000008007bf8       0x5c Middlewares/Third_Party/FreeRTOS/Source/CMSIS_RTOS_V2/cmsis_os2.o
                0x0000000008007bf8                osDelay
 .text.osMutexNew
                0x0000000008007c54      0x134 Middlewares/Third_Party/FreeRTOS/Source/CMSIS_RTOS_V2/cmsis_os2.o
                0x0000000008007c54                osMutexNew
 .text.osMutexAcquire
                0x0000000008007d88       0xbc Middlewares/Third_Party/FreeRTOS/Source/CMSIS_RTOS_V2/cmsis_os2.o
                0x0000000008007d88                osMutexAcquire
 .text.osMutexRelease
                0x0000000008007e44       0xa0 Middlewares/Third_Party/FreeRTOS/Source/CMSIS_RTOS_V2/cmsis_os2.o
                0x0000000008007e44                osMutexRelease
 .text.osMessageQueueNew
                0x0000000008007ee4      0x10c Middlewares/Third_Party/FreeRTOS/Source/CMSIS_RTOS_V2/cmsis_os2.o
                0x0000000008007ee4                osMessageQueueNew
 .text.osMessageQueuePut
                0x0000000008007ff0       0xe8 Middlewares/Third_Party/FreeRTOS/Source/CMSIS_RTOS_V2/cmsis_os2.o
                0x0000000008007ff0                osMessageQueuePut
 .text.osMessageQueueGet
                0x00000000080080d8       0xe4 Middlewares/Third_Party/FreeRTOS/Source/CMSIS_RTOS_V2/cmsis_os2.o
                0x00000000080080d8                osMessageQueueGet
 .text.vApplicationGetIdleTaskMemory
                0x00000000080081bc       0x30 Middlewares/Third_Party/FreeRTOS/Source/CMSIS_RTOS_V2/cmsis_os2.o
                0x00000000080081bc                vApplicationGetIdleTaskMemory
 .text.vApplicationGetTimerTaskMemory
                0x00000000080081ec       0x34 Middlewares/Third_Party/FreeRTOS/Source/CMSIS_RTOS_V2/cmsis_os2.o
                0x00000000080081ec                vApplicationGetTimerTaskMemory
 .text.vListInitialise
                0x0000000008008220       0x3e Middlewares/Third_Party/FreeRTOS/Source/list.o
                0x0000000008008220                vListInitialise
 .text.vListInitialiseItem
                0x000000000800825e       0x18 Middlewares/Third_Party/FreeRTOS/Source/list.o
                0x000000000800825e                vListInitialiseItem
 .text.vListInsertEnd
                0x0000000008008276       0x46 Middlewares/Third_Party/FreeRTOS/Source/list.o
                0x0000000008008276                vListInsertEnd
 .text.vListInsert
                0x00000000080082bc       0x70 Middlewares/Third_Party/FreeRTOS/Source/list.o
                0x00000000080082bc                vListInsert
 .text.uxListRemove
                0x000000000800832c       0x52 Middlewares/Third_Party/FreeRTOS/Source/list.o
                0x000000000800832c                uxListRemove
 *fill*         0x000000000800837e        0x2 
 .text.xQueueGenericReset
                0x0000000008008380       0xd0 Middlewares/Third_Party/FreeRTOS/Source/queue.o
                0x0000000008008380                xQueueGenericReset
 .text.xQueueGenericCreateStatic
                0x0000000008008450       0xe4 Middlewares/Third_Party/FreeRTOS/Source/queue.o
                0x0000000008008450                xQueueGenericCreateStatic
 .text.xQueueGenericCreate
                0x0000000008008534       0x7a Middlewares/Third_Party/FreeRTOS/Source/queue.o
                0x0000000008008534                xQueueGenericCreate
 .text.prvInitialiseNewQueue
                0x00000000080085ae       0x46 Middlewares/Third_Party/FreeRTOS/Source/queue.o
 .text.prvInitialiseMutex
                0x00000000080085f4       0x34 Middlewares/Third_Party/FreeRTOS/Source/queue.o
 .text.xQueueCreateMutex
                0x0000000008008628       0x30 Middlewares/Third_Party/FreeRTOS/Source/queue.o
                0x0000000008008628                xQueueCreateMutex
 .text.xQueueCreateMutexStatic
                0x0000000008008658       0x36 Middlewares/Third_Party/FreeRTOS/Source/queue.o
                0x0000000008008658                xQueueCreateMutexStatic
 .text.xQueueGiveMutexRecursive
                0x000000000800868e       0x66 Middlewares/Third_Party/FreeRTOS/Source/queue.o
                0x000000000800868e                xQueueGiveMutexRecursive
 .text.xQueueTakeMutexRecursive
                0x00000000080086f4       0x6a Middlewares/Third_Party/FreeRTOS/Source/queue.o
                0x00000000080086f4                xQueueTakeMutexRecursive
 *fill*         0x000000000800875e        0x2 
 .text.xQueueGenericSend
                0x0000000008008760      0x1f4 Middlewares/Third_Party/FreeRTOS/Source/queue.o
                0x0000000008008760                xQueueGenericSend
 .text.xQueueGenericSendFromISR
                0x0000000008008954      0x128 Middlewares/Third_Party/FreeRTOS/Source/queue.o
                0x0000000008008954                xQueueGenericSendFromISR
 .text.xQueueReceive
                0x0000000008008a7c      0x1b8 Middlewares/Third_Party/FreeRTOS/Source/queue.o
                0x0000000008008a7c                xQueueReceive
 .text.xQueueSemaphoreTake
                0x0000000008008c34      0x210 Middlewares/Third_Party/FreeRTOS/Source/queue.o
                0x0000000008008c34                xQueueSemaphoreTake
 .text.xQueueReceiveFromISR
                0x0000000008008e44       0xfa Middlewares/Third_Party/FreeRTOS/Source/queue.o
                0x0000000008008e44                xQueueReceiveFromISR
 .text.prvGetDisinheritPriorityAfterTimeout
                0x0000000008008f3e       0x2e Middlewares/Third_Party/FreeRTOS/Source/queue.o
 .text.prvCopyDataToQueue
                0x0000000008008f6c       0xd4 Middlewares/Third_Party/FreeRTOS/Source/queue.o
 .text.prvCopyDataFromQueue
                0x0000000008009040       0x4c Middlewares/Third_Party/FreeRTOS/Source/queue.o
 .text.prvUnlockQueue
                0x000000000800908c       0xa4 Middlewares/Third_Party/FreeRTOS/Source/queue.o
 .text.prvIsQueueEmpty
                0x0000000008009130       0x2c Middlewares/Third_Party/FreeRTOS/Source/queue.o
 .text.prvIsQueueFull
                0x000000000800915c       0x30 Middlewares/Third_Party/FreeRTOS/Source/queue.o
 .text.vQueueAddToRegistry
                0x000000000800918c       0x50 Middlewares/Third_Party/FreeRTOS/Source/queue.o
                0x000000000800918c                vQueueAddToRegistry
 .text.vQueueWaitForMessageRestricted
                0x00000000080091dc       0x68 Middlewares/Third_Party/FreeRTOS/Source/queue.o
                0x00000000080091dc                vQueueWaitForMessageRestricted
 .text.xTaskCreateStatic
                0x0000000008009244       0xb2 Middlewares/Third_Party/FreeRTOS/Source/tasks.o
                0x0000000008009244                xTaskCreateStatic
 .text.xTaskCreate
                0x00000000080092f6       0x8a Middlewares/Third_Party/FreeRTOS/Source/tasks.o
                0x00000000080092f6                xTaskCreate
 .text.prvInitialiseNewTask
                0x0000000008009380      0x10c Middlewares/Third_Party/FreeRTOS/Source/tasks.o
 .text.prvAddNewTaskToReadyList
                0x000000000800948c       0xe0 Middlewares/Third_Party/FreeRTOS/Source/tasks.o
 .text.vTaskDelay
                0x000000000800956c       0x68 Middlewares/Third_Party/FreeRTOS/Source/tasks.o
                0x000000000800956c                vTaskDelay
 .text.vTaskStartScheduler
                0x00000000080095d4       0xc8 Middlewares/Third_Party/FreeRTOS/Source/tasks.o
                0x00000000080095d4                vTaskStartScheduler
 .text.vTaskSuspendAll
                0x000000000800969c       0x1c Middlewares/Third_Party/FreeRTOS/Source/tasks.o
                0x000000000800969c                vTaskSuspendAll
 .text.xTaskResumeAll
                0x00000000080096b8      0x138 Middlewares/Third_Party/FreeRTOS/Source/tasks.o
                0x00000000080096b8                xTaskResumeAll
 .text.xTaskGetTickCount
                0x00000000080097f0       0x1c Middlewares/Third_Party/FreeRTOS/Source/tasks.o
                0x00000000080097f0                xTaskGetTickCount
 .text.xTaskIncrementTick
                0x000000000800980c      0x17c Middlewares/Third_Party/FreeRTOS/Source/tasks.o
                0x000000000800980c                xTaskIncrementTick
 .text.vTaskSwitchContext
                0x0000000008009988       0xb8 Middlewares/Third_Party/FreeRTOS/Source/tasks.o
                0x0000000008009988                vTaskSwitchContext
 .text.vTaskPlaceOnEventList
                0x0000000008009a40       0x48 Middlewares/Third_Party/FreeRTOS/Source/tasks.o
                0x0000000008009a40                vTaskPlaceOnEventList
 .text.vTaskPlaceOnEventListRestricted
                0x0000000008009a88       0x54 Middlewares/Third_Party/FreeRTOS/Source/tasks.o
                0x0000000008009a88                vTaskPlaceOnEventListRestricted
 .text.xTaskRemoveFromEventList
                0x0000000008009adc       0xc4 Middlewares/Third_Party/FreeRTOS/Source/tasks.o
                0x0000000008009adc                xTaskRemoveFromEventList
 .text.vTaskInternalSetTimeOutState
                0x0000000008009ba0       0x2c Middlewares/Third_Party/FreeRTOS/Source/tasks.o
                0x0000000008009ba0                vTaskInternalSetTimeOutState
 .text.xTaskCheckForTimeOut
                0x0000000008009bcc       0xc0 Middlewares/Third_Party/FreeRTOS/Source/tasks.o
                0x0000000008009bcc                xTaskCheckForTimeOut
 .text.vTaskMissedYield
                0x0000000008009c8c       0x18 Middlewares/Third_Party/FreeRTOS/Source/tasks.o
                0x0000000008009c8c                vTaskMissedYield
 .text.prvIdleTask
                0x0000000008009ca4       0x30 Middlewares/Third_Party/FreeRTOS/Source/tasks.o
 .text.prvInitialiseTaskLists
                0x0000000008009cd4       0x80 Middlewares/Third_Party/FreeRTOS/Source/tasks.o
 .text.prvCheckTasksWaitingTermination
                0x0000000008009d54       0x58 Middlewares/Third_Party/FreeRTOS/Source/tasks.o
 .text.prvDeleteTCB
                0x0000000008009dac       0x5c Middlewares/Third_Party/FreeRTOS/Source/tasks.o
 .text.prvResetNextTaskUnblockTime
                0x0000000008009e08       0x48 Middlewares/Third_Party/FreeRTOS/Source/tasks.o
 .text.xTaskGetCurrentTaskHandle
                0x0000000008009e50       0x1c Middlewares/Third_Party/FreeRTOS/Source/tasks.o
                0x0000000008009e50                xTaskGetCurrentTaskHandle
 .text.xTaskGetSchedulerState
                0x0000000008009e6c       0x3c Middlewares/Third_Party/FreeRTOS/Source/tasks.o
                0x0000000008009e6c                xTaskGetSchedulerState
 .text.xTaskPriorityInherit
                0x0000000008009ea8       0xdc Middlewares/Third_Party/FreeRTOS/Source/tasks.o
                0x0000000008009ea8                xTaskPriorityInherit
 .text.xTaskPriorityDisinherit
                0x0000000008009f84       0xd8 Middlewares/Third_Party/FreeRTOS/Source/tasks.o
                0x0000000008009f84                xTaskPriorityDisinherit
 .text.vTaskPriorityDisinheritAfterTimeout
                0x000000000800a05c      0x108 Middlewares/Third_Party/FreeRTOS/Source/tasks.o
                0x000000000800a05c                vTaskPriorityDisinheritAfterTimeout
 .text.pvTaskIncrementMutexHeldCount
                0x000000000800a164       0x28 Middlewares/Third_Party/FreeRTOS/Source/tasks.o
                0x000000000800a164                pvTaskIncrementMutexHeldCount
 .text.prvAddCurrentTaskToDelayedList
                0x000000000800a18c       0xa8 Middlewares/Third_Party/FreeRTOS/Source/tasks.o
 .text.xTimerCreateTimerTask
                0x000000000800a234       0x90 Middlewares/Third_Party/FreeRTOS/Source/timers.o
                0x000000000800a234                xTimerCreateTimerTask
 .text.xTimerGenericCommand
                0x000000000800a2c4       0x98 Middlewares/Third_Party/FreeRTOS/Source/timers.o
                0x000000000800a2c4                xTimerGenericCommand
 .text.prvProcessExpiredTimer
                0x000000000800a35c       0x80 Middlewares/Third_Party/FreeRTOS/Source/timers.o
 .text.prvTimerTask
                0x000000000800a3dc       0x24 Middlewares/Third_Party/FreeRTOS/Source/timers.o
 .text.prvProcessTimerOrBlockTask
                0x000000000800a400       0x9c Middlewares/Third_Party/FreeRTOS/Source/timers.o
 .text.prvGetNextExpireTime
                0x000000000800a49c       0x48 Middlewares/Third_Party/FreeRTOS/Source/timers.o
 .text.prvSampleTimeNow
                0x000000000800a4e4       0x40 Middlewares/Third_Party/FreeRTOS/Source/timers.o
 .text.prvInsertTimerInActiveList
                0x000000000800a524       0x84 Middlewares/Third_Party/FreeRTOS/Source/timers.o
 .text.prvProcessReceivedCommands
                0x000000000800a5a8      0x160 Middlewares/Third_Party/FreeRTOS/Source/timers.o
 .text.prvSwitchTimerLists
                0x000000000800a708       0xc0 Middlewares/Third_Party/FreeRTOS/Source/timers.o
 .text.prvCheckForValidListAndQueue
                0x000000000800a7c8       0x80 Middlewares/Third_Party/FreeRTOS/Source/timers.o
 .text.pxPortInitialiseStack
                0x000000000800a848       0x58 Middlewares/Third_Party/FreeRTOS/Source/portable/GCC/ARM_CM3/port.o
                0x000000000800a848                pxPortInitialiseStack
 .text.prvTaskExitError
                0x000000000800a8a0       0x50 Middlewares/Third_Party/FreeRTOS/Source/portable/GCC/ARM_CM3/port.o
 .text.SVC_Handler
                0x000000000800a8f0       0x28 Middlewares/Third_Party/FreeRTOS/Source/portable/GCC/ARM_CM3/port.o
                0x000000000800a8f0                SVC_Handler
 .text.prvPortStartFirstTask
                0x000000000800a918       0x20 Middlewares/Third_Party/FreeRTOS/Source/portable/GCC/ARM_CM3/port.o
 .text.xPortStartScheduler
                0x000000000800a938       0xe0 Middlewares/Third_Party/FreeRTOS/Source/portable/GCC/ARM_CM3/port.o
                0x000000000800a938                xPortStartScheduler
 .text.vPortEnterCritical
                0x000000000800aa18       0x5c Middlewares/Third_Party/FreeRTOS/Source/portable/GCC/ARM_CM3/port.o
                0x000000000800aa18                vPortEnterCritical
 .text.vPortExitCritical
                0x000000000800aa74       0x4c Middlewares/Third_Party/FreeRTOS/Source/portable/GCC/ARM_CM3/port.o
                0x000000000800aa74                vPortExitCritical
 .text.PendSV_Handler
                0x000000000800aac0       0x48 Middlewares/Third_Party/FreeRTOS/Source/portable/GCC/ARM_CM3/port.o
                0x000000000800aac0                PendSV_Handler
 .text.SysTick_Handler
                0x000000000800ab08       0x40 Middlewares/Third_Party/FreeRTOS/Source/portable/GCC/ARM_CM3/port.o
                0x000000000800ab08                SysTick_Handler
 .text.vPortSetupTimerInterrupt
                0x000000000800ab48       0x44 Middlewares/Third_Party/FreeRTOS/Source/portable/GCC/ARM_CM3/port.o
                0x000000000800ab48                vPortSetupTimerInterrupt
 .text.vPortValidateInterruptPriority
                0x000000000800ab8c       0x78 Middlewares/Third_Party/FreeRTOS/Source/portable/GCC/ARM_CM3/port.o
                0x000000000800ab8c                vPortValidateInterruptPriority
 .text.pvPortMalloc
                0x000000000800ac04      0x184 Middlewares/Third_Party/FreeRTOS/Source/portable/MemMang/heap_4.o
                0x000000000800ac04                pvPortMalloc
 .text.vPortFree
                0x000000000800ad88       0xb0 Middlewares/Third_Party/FreeRTOS/Source/portable/MemMang/heap_4.o
                0x000000000800ad88                vPortFree
 .text.prvHeapInit
                0x000000000800ae38       0xc4 Middlewares/Third_Party/FreeRTOS/Source/portable/MemMang/heap_4.o
 .text.prvInsertBlockIntoFreeList
                0x000000000800aefc       0xb0 Middlewares/Third_Party/FreeRTOS/Source/portable/MemMang/heap_4.o
 .text.Board_Init
                0x000000000800afac       0x20 MyCode/Src/board.o
                0x000000000800afac                Board_Init
 .text.Led_Init
                0x000000000800afcc       0x14 MyCode/Src/board.o
                0x000000000800afcc                Led_Init
 .text.Wheel_Init
                0x000000000800afe0       0x30 MyCode/Src/board.o
                0x000000000800afe0                Wheel_Init
 .text.SerialPort_Init
                0x000000000800b010       0x1c MyCode/Src/board.o
                0x000000000800b010                SerialPort_Init
 .text.MX_ADC1_Init
                0x000000000800b02c       0x7c Src/adc.o
                0x000000000800b02c                MX_ADC1_Init
 .text.MX_ADC2_Init
                0x000000000800b0a8       0x7c Src/adc.o
                0x000000000800b0a8                MX_ADC2_Init
 .text.HAL_ADC_MspInit
                0x000000000800b124       0xcc Src/adc.o
                0x000000000800b124                HAL_ADC_MspInit
 .text.MX_CRC_Init
                0x000000000800b1f0       0x28 Src/crc.o
                0x000000000800b1f0                MX_CRC_Init
 .text.HAL_CRC_MspInit
                0x000000000800b218       0x3c Src/crc.o
                0x000000000800b218                HAL_CRC_MspInit
 .text.MX_DMA_Init
                0x000000000800b254       0x4c Src/dma.o
                0x000000000800b254                MX_DMA_Init
 .text.MX_FREERTOS_Init
                0x000000000800b2a0      0x18c Src/freertos.o
                0x000000000800b2a0                MX_FREERTOS_Init
 .text.StartDefaultTask
                0x000000000800b42c       0x4c Src/freertos.o
                0x000000000800b42c                StartDefaultTask
 .text.StartLedPowerTask
                0x000000000800b478       0x60 Src/freertos.o
                0x000000000800b478                StartLedPowerTask
 .text.StartPcTxDataTask
                0x000000000800b4d8       0x64 Src/freertos.o
                0x000000000800b4d8                StartPcTxDataTask
 .text.MX_GPIO_Init
                0x000000000800b53c      0x10c Src/gpio.o
                0x000000000800b53c                MX_GPIO_Init
 .text.Board_GPIO_Init
                0x000000000800b648       0x4c Src/gpio.o
                0x000000000800b648                Board_GPIO_Init
 .text.Led_Set_Power
                0x000000000800b694       0x40 Src/gpio.o
                0x000000000800b694                Led_Set_Power
 .text.Left_Wheel_Set_Dire
                0x000000000800b6d4       0x5c Src/gpio.o
                0x000000000800b6d4                Left_Wheel_Set_Dire
 .text.Right_Wheel_Set_Dire
                0x000000000800b730       0x50 Src/gpio.o
                0x000000000800b730                Right_Wheel_Set_Dire
 .text.MX_I2C1_Init
                0x000000000800b780       0x5c Src/i2c.o
                0x000000000800b780                MX_I2C1_Init
 .text.MX_I2C2_Init
                0x000000000800b7dc       0x5c Src/i2c.o
                0x000000000800b7dc                MX_I2C2_Init
 .text.HAL_I2C_MspInit
                0x000000000800b838       0xf8 Src/i2c.o
                0x000000000800b838                HAL_I2C_MspInit
 .text.MX_IWDG_Init
                0x000000000800b930       0x34 Src/iwdg.o
                0x000000000800b930                MX_IWDG_Init
 .text.main     0x000000000800b964      0x104 Src/main.o
                0x000000000800b964                main
 .text.SystemClock_Config
                0x000000000800ba68       0xc8 Src/main.o
                0x000000000800ba68                SystemClock_Config
 .text.HAL_TIM_PeriodElapsedCallback
                0x000000000800bb30       0x24 Src/main.o
                0x000000000800bb30                HAL_TIM_PeriodElapsedCallback
 .text.Error_Handler
                0x000000000800bb54        0xc Src/main.o
                0x000000000800bb54                Error_Handler
 .text.MX_RTC_Init
                0x000000000800bb60       0x94 Src/rtc.o
                0x000000000800bb60                MX_RTC_Init
 .text.HAL_RTC_MspInit
                0x000000000800bbf4       0x48 Src/rtc.o
                0x000000000800bbf4                HAL_RTC_MspInit
 .text.MX_SPI2_Init
                0x000000000800bc3c       0x6c Src/spi.o
                0x000000000800bc3c                MX_SPI2_Init
 .text.HAL_SPI_MspInit
                0x000000000800bca8       0x98 Src/spi.o
                0x000000000800bca8                HAL_SPI_MspInit
 .text.HAL_MspInit
                0x000000000800bd40       0x64 Src/stm32f1xx_hal_msp.o
                0x000000000800bd40                HAL_MspInit
 .text.HAL_InitTick
                0x000000000800bda4       0xac Src/stm32f1xx_hal_timebase_tim.o
                0x000000000800bda4                HAL_InitTick
 .text.NMI_Handler
                0x000000000800be50        0xc Src/stm32f1xx_it.o
                0x000000000800be50                NMI_Handler
 .text.HardFault_Handler
                0x000000000800be5c        0x6 Src/stm32f1xx_it.o
                0x000000000800be5c                HardFault_Handler
 .text.MemManage_Handler
                0x000000000800be62        0x6 Src/stm32f1xx_it.o
                0x000000000800be62                MemManage_Handler
 .text.BusFault_Handler
                0x000000000800be68        0x6 Src/stm32f1xx_it.o
                0x000000000800be68                BusFault_Handler
 .text.UsageFault_Handler
                0x000000000800be6e        0x6 Src/stm32f1xx_it.o
                0x000000000800be6e                UsageFault_Handler
 .text.DebugMon_Handler
                0x000000000800be74        0xc Src/stm32f1xx_it.o
                0x000000000800be74                DebugMon_Handler
 .text.DMA1_Channel4_IRQHandler
                0x000000000800be80       0x14 Src/stm32f1xx_it.o
                0x000000000800be80                DMA1_Channel4_IRQHandler
 .text.DMA1_Channel5_IRQHandler
                0x000000000800be94       0x14 Src/stm32f1xx_it.o
                0x000000000800be94                DMA1_Channel5_IRQHandler
 .text.USB_LP_CAN1_RX0_IRQHandler
                0x000000000800bea8       0x14 Src/stm32f1xx_it.o
                0x000000000800bea8                USB_LP_CAN1_RX0_IRQHandler
 .text.TIM1_UP_IRQHandler
                0x000000000800bebc       0x14 Src/stm32f1xx_it.o
                0x000000000800bebc                TIM1_UP_IRQHandler
 .text.USART1_IRQHandler
                0x000000000800bed0       0x14 Src/stm32f1xx_it.o
                0x000000000800bed0                USART1_IRQHandler
 .text.SystemInit
                0x000000000800bee4       0x68 Src/system_stm32f1xx.o
                0x000000000800bee4                SystemInit
 .text.MX_TIM2_Init
                0x000000000800bf4c      0x130 Src/tim.o
                0x000000000800bf4c                MX_TIM2_Init
 .text.MX_TIM3_Init
                0x000000000800c07c       0xa8 Src/tim.o
                0x000000000800c07c                MX_TIM3_Init
 .text.MX_TIM4_Init
                0x000000000800c124       0xa8 Src/tim.o
                0x000000000800c124                MX_TIM4_Init
 .text.HAL_TIM_Base_MspInit
                0x000000000800c1cc       0x38 Src/tim.o
                0x000000000800c1cc                HAL_TIM_Base_MspInit
 .text.HAL_TIM_Encoder_MspInit
                0x000000000800c204       0xd8 Src/tim.o
                0x000000000800c204                HAL_TIM_Encoder_MspInit
 .text.HAL_TIM_MspPostInit
                0x000000000800c2dc       0xc0 Src/tim.o
                0x000000000800c2dc                HAL_TIM_MspPostInit
 .text.Board_PWM_Init
                0x000000000800c39c       0x74 Src/tim.o
                0x000000000800c39c                Board_PWM_Init
 .text.Left_Wheel_Set_Speed
                0x000000000800c410       0x20 Src/tim.o
                0x000000000800c410                Left_Wheel_Set_Speed
 .text.Right_Wheel_Set_Speed
                0x000000000800c430       0x20 Src/tim.o
                0x000000000800c430                Right_Wheel_Set_Speed
 .text.MX_USART1_UART_Init
                0x000000000800c450       0x54 Src/usart.o
                0x000000000800c450                MX_USART1_UART_Init
 .text.HAL_UART_MspInit
                0x000000000800c4a4      0x154 Src/usart.o
                0x000000000800c4a4                HAL_UART_MspInit
 .text.Board_USART_Init
                0x000000000800c5f8        0xc Src/usart.o
                0x000000000800c5f8                Board_USART_Init
 .text.PC_SerialPort_Transmit_Data
                0x000000000800c604       0x30 Src/usart.o
                0x000000000800c604                PC_SerialPort_Transmit_Data
 .text.PC_SerialPort_Receive_Data
                0x000000000800c634       0x30 Src/usart.o
                0x000000000800c634                PC_SerialPort_Receive_Data
 .text.HAL_UART_TxCpltCallback
                0x000000000800c664       0x12 Src/usart.o
                0x000000000800c664                HAL_UART_TxCpltCallback
 .text.HAL_UART_RxCpltCallback
                0x000000000800c676       0x12 Src/usart.o
                0x000000000800c676                HAL_UART_RxCpltCallback
 .text.MX_USB_DEVICE_Init
                0x000000000800c688       0x60 Src/usb_device.o
                0x000000000800c688                MX_USB_DEVICE_Init
 .text.HAL_PCD_MspInit
                0x000000000800c6e8       0x4c Src/usbd_conf.o
                0x000000000800c6e8                HAL_PCD_MspInit
 .text.HAL_PCD_SetupStageCallback
                0x000000000800c734       0x24 Src/usbd_conf.o
                0x000000000800c734                HAL_PCD_SetupStageCallback
 .text.HAL_PCD_DataOutStageCallback
                0x000000000800c758       0x30 Src/usbd_conf.o
                0x000000000800c758                HAL_PCD_DataOutStageCallback
 .text.HAL_PCD_DataInStageCallback
                0x000000000800c788       0x2e Src/usbd_conf.o
                0x000000000800c788                HAL_PCD_DataInStageCallback
 .text.HAL_PCD_SOFCallback
                0x000000000800c7b6       0x1c Src/usbd_conf.o
                0x000000000800c7b6                HAL_PCD_SOFCallback
 .text.HAL_PCD_ResetCallback
                0x000000000800c7d2       0x3c Src/usbd_conf.o
                0x000000000800c7d2                HAL_PCD_ResetCallback
 *fill*         0x000000000800c80e        0x2 
 .text.HAL_PCD_SuspendCallback
                0x000000000800c810       0x34 Src/usbd_conf.o
                0x000000000800c810                HAL_PCD_SuspendCallback
 .text.HAL_PCD_ResumeCallback
                0x000000000800c844       0x1c Src/usbd_conf.o
                0x000000000800c844                HAL_PCD_ResumeCallback
 .text.USBD_LL_Init
                0x000000000800c860       0x80 Src/usbd_conf.o
                0x000000000800c860                USBD_LL_Init
 .text.USBD_LL_Start
                0x000000000800c8e0       0x36 Src/usbd_conf.o
                0x000000000800c8e0                USBD_LL_Start
 .text.USBD_LL_Stop
                0x000000000800c916       0x36 Src/usbd_conf.o
                0x000000000800c916                USBD_LL_Stop
 .text.USBD_LL_OpenEP
                0x000000000800c94c       0x4c Src/usbd_conf.o
                0x000000000800c94c                USBD_LL_OpenEP
 .text.USBD_LL_StallEP
                0x000000000800c998       0x3e Src/usbd_conf.o
                0x000000000800c998                USBD_LL_StallEP
 .text.USBD_LL_ClearStallEP
                0x000000000800c9d6       0x3e Src/usbd_conf.o
                0x000000000800c9d6                USBD_LL_ClearStallEP
 .text.USBD_LL_IsStallEP
                0x000000000800ca14       0x4a Src/usbd_conf.o
                0x000000000800ca14                USBD_LL_IsStallEP
 .text.USBD_LL_SetUSBAddress
                0x000000000800ca5e       0x3e Src/usbd_conf.o
                0x000000000800ca5e                USBD_LL_SetUSBAddress
 .text.USBD_LL_Transmit
                0x000000000800ca9c       0x46 Src/usbd_conf.o
                0x000000000800ca9c                USBD_LL_Transmit
 .text.USBD_LL_PrepareReceive
                0x000000000800cae2       0x46 Src/usbd_conf.o
                0x000000000800cae2                USBD_LL_PrepareReceive
 .text.USBD_static_malloc
                0x000000000800cb28       0x18 Src/usbd_conf.o
                0x000000000800cb28                USBD_static_malloc
 .text.USBD_static_free
                0x000000000800cb40       0x12 Src/usbd_conf.o
                0x000000000800cb40                USBD_static_free
 .text.HAL_PCDEx_SetConnectionState
                0x000000000800cb52       0x16 Src/usbd_conf.o
                0x000000000800cb52                HAL_PCDEx_SetConnectionState
 .text.USBD_Get_USB_Status
                0x000000000800cb68       0x58 Src/usbd_conf.o
 .text.USBD_FS_DeviceDescriptor
                0x000000000800cbc0       0x24 Src/usbd_desc.o
                0x000000000800cbc0                USBD_FS_DeviceDescriptor
 .text.USBD_FS_LangIDStrDescriptor
                0x000000000800cbe4       0x24 Src/usbd_desc.o
                0x000000000800cbe4                USBD_FS_LangIDStrDescriptor
 .text.USBD_FS_ProductStrDescriptor
                0x000000000800cc08       0x3c Src/usbd_desc.o
                0x000000000800cc08                USBD_FS_ProductStrDescriptor
 .text.USBD_FS_ManufacturerStrDescriptor
                0x000000000800cc44       0x28 Src/usbd_desc.o
                0x000000000800cc44                USBD_FS_ManufacturerStrDescriptor
 .text.USBD_FS_SerialStrDescriptor
                0x000000000800cc6c       0x24 Src/usbd_desc.o
                0x000000000800cc6c                USBD_FS_SerialStrDescriptor
 .text.USBD_FS_ConfigStrDescriptor
                0x000000000800cc90       0x3c Src/usbd_desc.o
                0x000000000800cc90                USBD_FS_ConfigStrDescriptor
 .text.USBD_FS_InterfaceStrDescriptor
                0x000000000800cccc       0x3c Src/usbd_desc.o
                0x000000000800cccc                USBD_FS_InterfaceStrDescriptor
 .text.Get_SerialNum
                0x000000000800cd08       0x58 Src/usbd_desc.o
 .text.IntToUnicode
                0x000000000800cd60       0x7a Src/usbd_desc.o
 .text.MEM_If_Init_FS
                0x000000000800cdda        0xe Src/usbd_dfu_if.o
 .text.MEM_If_DeInit_FS
                0x000000000800cde8        0xe Src/usbd_dfu_if.o
 .text.MEM_If_Erase_FS
                0x000000000800cdf6       0x14 Src/usbd_dfu_if.o
 .text.MEM_If_Write_FS
                0x000000000800ce0a       0x18 Src/usbd_dfu_if.o
 .text.MEM_If_Read_FS
                0x000000000800ce22       0x18 Src/usbd_dfu_if.o
 .text.MEM_If_GetStatus_FS
                0x000000000800ce3a       0x24 Src/usbd_dfu_if.o
 *fill*         0x000000000800ce5e        0x2 
 .text.MX_WWDG_Init
                0x000000000800ce60       0x40 Src/wwdg.o
                0x000000000800ce60                MX_WWDG_Init
 .text.HAL_WWDG_MspInit
                0x000000000800cea0       0x3c Src/wwdg.o
                0x000000000800cea0                HAL_WWDG_MspInit
 .text.Reset_Handler
                0x000000000800cedc       0x48 Startup/startup_stm32f103c8tx.o
                0x000000000800cedc                Reset_Handler
 .text.Default_Handler
                0x000000000800cf24        0x2 Startup/startup_stm32f103c8tx.o
                0x000000000800cf24                RTC_Alarm_IRQHandler
                0x000000000800cf24                EXTI2_IRQHandler
                0x000000000800cf24                TIM1_CC_IRQHandler
                0x000000000800cf24                PVD_IRQHandler
                0x000000000800cf24                EXTI3_IRQHandler
                0x000000000800cf24                EXTI0_IRQHandler
                0x000000000800cf24                I2C2_EV_IRQHandler
                0x000000000800cf24                ADC1_2_IRQHandler
                0x000000000800cf24                SPI1_IRQHandler
                0x000000000800cf24                TAMPER_IRQHandler
                0x000000000800cf24                USART3_IRQHandler
                0x000000000800cf24                RTC_IRQHandler
                0x000000000800cf24                DMA1_Channel7_IRQHandler
                0x000000000800cf24                CAN1_RX1_IRQHandler
                0x000000000800cf24                TIM4_IRQHandler
                0x000000000800cf24                I2C1_EV_IRQHandler
                0x000000000800cf24                DMA1_Channel6_IRQHandler
                0x000000000800cf24                TIM3_IRQHandler
                0x000000000800cf24                RCC_IRQHandler
                0x000000000800cf24                TIM1_TRG_COM_IRQHandler
                0x000000000800cf24                DMA1_Channel1_IRQHandler
                0x000000000800cf24                Default_Handler
                0x000000000800cf24                EXTI15_10_IRQHandler
                0x000000000800cf24                EXTI9_5_IRQHandler
                0x000000000800cf24                SPI2_IRQHandler
                0x000000000800cf24                EXTI4_IRQHandler
                0x000000000800cf24                USB_HP_CAN1_TX_IRQHandler
                0x000000000800cf24                DMA1_Channel3_IRQHandler
                0x000000000800cf24                WWDG_IRQHandler
                0x000000000800cf24                TIM2_IRQHandler
                0x000000000800cf24                TIM1_BRK_IRQHandler
                0x000000000800cf24                EXTI1_IRQHandler
                0x000000000800cf24                USART2_IRQHandler
                0x000000000800cf24                I2C2_ER_IRQHandler
                0x000000000800cf24                DMA1_Channel2_IRQHandler
                0x000000000800cf24                CAN1_SCE_IRQHandler
                0x000000000800cf24                FLASH_IRQHandler
                0x000000000800cf24                I2C1_ER_IRQHandler
                0x000000000800cf24                USBWakeUp_IRQHandler
 *fill*         0x000000000800cf26        0x2 
 .text.__libc_init_array
                0x000000000800cf28       0x48 c:/st/stm32cubeide_1.4.0/stm32cubeide/plugins/com.st.stm32cube.ide.mcu.externaltools.gnu-tools-for-stm32.7-2018-q2-update.win32_1.4.0.202007081208/tools/bin/../lib/gcc/arm-none-eabi/7.3.1/../../../../arm-none-eabi/lib/thumb/v7-m\libc_nano.a(lib_a-init.o)
                0x000000000800cf28                __libc_init_array
 .text.memcpy   0x000000000800cf70       0x16 c:/st/stm32cubeide_1.4.0/stm32cubeide/plugins/com.st.stm32cube.ide.mcu.externaltools.gnu-tools-for-stm32.7-2018-q2-update.win32_1.4.0.202007081208/tools/bin/../lib/gcc/arm-none-eabi/7.3.1/../../../../arm-none-eabi/lib/thumb/v7-m\libc_nano.a(lib_a-memcpy-stub.o)
                0x000000000800cf70                memcpy
 .text.memset   0x000000000800cf86       0x10 c:/st/stm32cubeide_1.4.0/stm32cubeide/plugins/com.st.stm32cube.ide.mcu.externaltools.gnu-tools-for-stm32.7-2018-q2-update.win32_1.4.0.202007081208/tools/bin/../lib/gcc/arm-none-eabi/7.3.1/../../../../arm-none-eabi/lib/thumb/v7-m\libc_nano.a(lib_a-memset.o)
                0x000000000800cf86                memset
 *(.glue_7)
 .glue_7        0x000000000800cf96        0x0 linker stubs
 *(.glue_7t)
 .glue_7t       0x000000000800cf96        0x0 linker stubs
 *(.eh_frame)
 *fill*         0x000000000800cf96        0x2 
 .eh_frame      0x000000000800cf98        0x0 c:/st/stm32cubeide_1.4.0/stm32cubeide/plugins/com.st.stm32cube.ide.mcu.externaltools.gnu-tools-for-stm32.7-2018-q2-update.win32_1.4.0.202007081208/tools/bin/../lib/gcc/arm-none-eabi/7.3.1/thumb/v7-m/crtbegin.o
 *(.init)
 .init          0x000000000800cf98        0x4 c:/st/stm32cubeide_1.4.0/stm32cubeide/plugins/com.st.stm32cube.ide.mcu.externaltools.gnu-tools-for-stm32.7-2018-q2-update.win32_1.4.0.202007081208/tools/bin/../lib/gcc/arm-none-eabi/7.3.1/thumb/v7-m/crti.o
                0x000000000800cf98                _init
 .init          0x000000000800cf9c        0x8 c:/st/stm32cubeide_1.4.0/stm32cubeide/plugins/com.st.stm32cube.ide.mcu.externaltools.gnu-tools-for-stm32.7-2018-q2-update.win32_1.4.0.202007081208/tools/bin/../lib/gcc/arm-none-eabi/7.3.1/thumb/v7-m/crtn.o
 *(.fini)
 .fini          0x000000000800cfa4        0x4 c:/st/stm32cubeide_1.4.0/stm32cubeide/plugins/com.st.stm32cube.ide.mcu.externaltools.gnu-tools-for-stm32.7-2018-q2-update.win32_1.4.0.202007081208/tools/bin/../lib/gcc/arm-none-eabi/7.3.1/thumb/v7-m/crti.o
                0x000000000800cfa4                _fini
 .fini          0x000000000800cfa8        0x8 c:/st/stm32cubeide_1.4.0/stm32cubeide/plugins/com.st.stm32cube.ide.mcu.externaltools.gnu-tools-for-stm32.7-2018-q2-update.win32_1.4.0.202007081208/tools/bin/../lib/gcc/arm-none-eabi/7.3.1/thumb/v7-m/crtn.o
                0x000000000800cfb0                . = ALIGN (0x4)
                0x000000000800cfb0                _etext = .

.vfp11_veneer   0x000000000800cfb0        0x0
 .vfp11_veneer  0x000000000800cfb0        0x0 linker stubs

.v4_bx          0x000000000800cfb0        0x0
 .v4_bx         0x000000000800cfb0        0x0 linker stubs

.iplt           0x000000000800cfb0        0x0
 .iplt          0x000000000800cfb0        0x0 c:/st/stm32cubeide_1.4.0/stm32cubeide/plugins/com.st.stm32cube.ide.mcu.externaltools.gnu-tools-for-stm32.7-2018-q2-update.win32_1.4.0.202007081208/tools/bin/../lib/gcc/arm-none-eabi/7.3.1/thumb/v7-m/crtbegin.o

.rodata         0x000000000800cfb0      0x3cc
                0x000000000800cfb0                . = ALIGN (0x4)
 *(.rodata)
 .rodata        0x000000000800cfb0       0x12 Drivers/STM32F1xx_HAL_Driver/Src/stm32f1xx_hal_rcc.o
 *fill*         0x000000000800cfc2        0x2 
 .rodata        0x000000000800cfc4       0x12 Drivers/STM32F1xx_HAL_Driver/Src/stm32f1xx_hal_rcc_ex.o
 *fill*         0x000000000800cfd6        0x2 
 .rodata        0x000000000800cfd8        0x5 Middlewares/Third_Party/FreeRTOS/Source/tasks.o
 *fill*         0x000000000800cfdd        0x3 
 .rodata        0x000000000800cfe0        0xd Middlewares/Third_Party/FreeRTOS/Source/timers.o
 *fill*         0x000000000800cfed        0x3 
 .rodata        0x000000000800cff0       0xfd Src/freertos.o
 *fill*         0x000000000800d0ed        0x3 
 .rodata        0x000000000800d0f0       0x4e Src/usbd_desc.o
 *fill*         0x000000000800d13e        0x2 
 .rodata        0x000000000800d140       0x5d Src/usbd_dfu_if.o
 *(.rodata*)
 *fill*         0x000000000800d19d        0x3 
 .rodata.led_powerTask_attributes
                0x000000000800d1a0       0x24 Src/freertos.o
                0x000000000800d1a0                led_powerTask_attributes
 .rodata.left_direTask_attributes
                0x000000000800d1c4       0x24 Src/freertos.o
                0x000000000800d1c4                left_direTask_attributes
 .rodata.left_speedTask_attributes
                0x000000000800d1e8       0x24 Src/freertos.o
                0x000000000800d1e8                left_speedTask_attributes
 .rodata.right_direTask_attributes
                0x000000000800d20c       0x24 Src/freertos.o
                0x000000000800d20c                right_direTask_attributes
 .rodata.right_speedTask_attributes
                0x000000000800d230       0x24 Src/freertos.o
                0x000000000800d230                right_speedTask_attributes
 .rodata.pc_tx_dataTask_attributes
                0x000000000800d254       0x24 Src/freertos.o
                0x000000000800d254                pc_tx_dataTask_attributes
 .rodata.led_powerQueue_attributes
                0x000000000800d278       0x18 Src/freertos.o
                0x000000000800d278                led_powerQueue_attributes
 .rodata.left_direQueue_attributes
                0x000000000800d290       0x18 Src/freertos.o
                0x000000000800d290                left_direQueue_attributes
 .rodata.left_speedQueue_attributes
                0x000000000800d2a8       0x18 Src/freertos.o
                0x000000000800d2a8                left_speedQueue_attributes
 .rodata.right_direQueue_attributes
                0x000000000800d2c0       0x18 Src/freertos.o
                0x000000000800d2c0                right_direQueue_attributes
 .rodata.right_speedQueue_attributes
                0x000000000800d2d8       0x18 Src/freertos.o
                0x000000000800d2d8                right_speedQueue_attributes
 .rodata.pc_tx_dataQueue_attributes
                0x000000000800d2f0       0x18 Src/freertos.o
                0x000000000800d2f0                pc_tx_dataQueue_attributes
 .rodata.pc_tx_dataMutex_attributes
                0x000000000800d308       0x10 Src/freertos.o
                0x000000000800d308                pc_tx_dataMutex_attributes
 .rodata.defaultTask_attributes
                0x000000000800d318       0x24 Src/freertos.o
                0x000000000800d318                defaultTask_attributes
 .rodata.defaultQueue_attributes
                0x000000000800d33c       0x18 Src/freertos.o
                0x000000000800d33c                defaultQueue_attributes
 .rodata.defaultMutex_attributes
                0x000000000800d354       0x10 Src/freertos.o
                0x000000000800d354                defaultMutex_attributes
 .rodata.AHBPrescTable
                0x000000000800d364       0x10 Src/system_stm32f1xx.o
                0x000000000800d364                AHBPrescTable
 .rodata.APBPrescTable
                0x000000000800d374        0x8 Src/system_stm32f1xx.o
                0x000000000800d374                APBPrescTable
                0x000000000800d37c                . = ALIGN (0x4)

.rel.dyn        0x000000000800d37c        0x0
 .rel.iplt      0x000000000800d37c        0x0 c:/st/stm32cubeide_1.4.0/stm32cubeide/plugins/com.st.stm32cube.ide.mcu.externaltools.gnu-tools-for-stm32.7-2018-q2-update.win32_1.4.0.202007081208/tools/bin/../lib/gcc/arm-none-eabi/7.3.1/thumb/v7-m/crtbegin.o

.ARM.extab      0x000000000800d37c        0x0
                0x000000000800d37c                . = ALIGN (0x4)
 *(.ARM.extab* .gnu.linkonce.armextab.*)
                0x000000000800d37c                . = ALIGN (0x4)

.ARM            0x000000000800d37c        0x0
                0x000000000800d37c                . = ALIGN (0x4)
                0x000000000800d37c                __exidx_start = .
 *(.ARM.exidx*)
                0x000000000800d37c                __exidx_end = .
                0x000000000800d37c                . = ALIGN (0x4)

.preinit_array  0x000000000800d37c        0x0
                0x000000000800d37c                . = ALIGN (0x4)
                0x000000000800d37c                PROVIDE (__preinit_array_start = .)
 *(.preinit_array*)
                0x000000000800d37c                PROVIDE (__preinit_array_end = .)
                0x000000000800d37c                . = ALIGN (0x4)

.init_array     0x000000000800d37c        0x4
                0x000000000800d37c                . = ALIGN (0x4)
                0x000000000800d37c                PROVIDE (__init_array_start = .)
 *(SORT_BY_NAME(.init_array.*))
 *(.init_array*)
 .init_array    0x000000000800d37c        0x4 c:/st/stm32cubeide_1.4.0/stm32cubeide/plugins/com.st.stm32cube.ide.mcu.externaltools.gnu-tools-for-stm32.7-2018-q2-update.win32_1.4.0.202007081208/tools/bin/../lib/gcc/arm-none-eabi/7.3.1/thumb/v7-m/crtbegin.o
                0x000000000800d380                PROVIDE (__init_array_end = .)
                0x000000000800d380                . = ALIGN (0x4)

.fini_array     0x000000000800d380        0x4
                0x000000000800d380                . = ALIGN (0x4)
                [!provide]                        PROVIDE (__fini_array_start = .)
 *(SORT_BY_NAME(.fini_array.*))
 *(.fini_array*)
 .fini_array    0x000000000800d380        0x4 c:/st/stm32cubeide_1.4.0/stm32cubeide/plugins/com.st.stm32cube.ide.mcu.externaltools.gnu-tools-for-stm32.7-2018-q2-update.win32_1.4.0.202007081208/tools/bin/../lib/gcc/arm-none-eabi/7.3.1/thumb/v7-m/crtbegin.o
                [!provide]                        PROVIDE (__fini_array_end = .)
                0x000000000800d384                . = ALIGN (0x4)
                0x000000000800d384                _sidata = LOADADDR (.data)

.data           0x0000000020000000       0xe0 load address 0x000000000800d384
                0x0000000020000000                . = ALIGN (0x4)
                0x0000000020000000                _sdata = .
 *(.data)
 *(.data*)
 .data.uwTickPrio
                0x0000000020000000        0x4 Drivers/STM32F1xx_HAL_Driver/Src/stm32f1xx_hal.o
                0x0000000020000000                uwTickPrio
 .data.uwTickFreq
                0x0000000020000004        0x1 Drivers/STM32F1xx_HAL_Driver/Src/stm32f1xx_hal.o
                0x0000000020000004                uwTickFreq
 *fill*         0x0000000020000005        0x3 
 .data.USBD_DFU
                0x0000000020000008       0x3c Middlewares/ST/STM32_USB_Device_Library/Class/DFU/Src/usbd_dfu.o
                0x0000000020000008                USBD_DFU
 .data.USBD_DFU_CfgDesc
                0x0000000020000044       0x1b Middlewares/ST/STM32_USB_Device_Library/Class/DFU/Src/usbd_dfu.o
 *fill*         0x000000002000005f        0x1 
 .data.USBD_DFU_DeviceQualifierDesc
                0x0000000020000060        0xa Middlewares/ST/STM32_USB_Device_Library/Class/DFU/Src/usbd_dfu.o
 *fill*         0x000000002000006a        0x2 
 .data.uxCriticalNesting
                0x000000002000006c        0x4 Middlewares/Third_Party/FreeRTOS/Source/portable/GCC/ARM_CM3/port.o
 .data.SystemCoreClock
                0x0000000020000070        0x4 Src/system_stm32f1xx.o
                0x0000000020000070                SystemCoreClock
 .data.FS_Desc  0x0000000020000074       0x1c Src/usbd_desc.o
                0x0000000020000074                FS_Desc
 .data.USBD_FS_DeviceDesc
                0x0000000020000090       0x12 Src/usbd_desc.o
                0x0000000020000090                USBD_FS_DeviceDesc
 *fill*         0x00000000200000a2        0x2 
 .data.USBD_LangIDDesc
                0x00000000200000a4        0x4 Src/usbd_desc.o
                0x00000000200000a4                USBD_LangIDDesc
 .data.USBD_StringSerial
                0x00000000200000a8       0x1a Src/usbd_desc.o
                0x00000000200000a8                USBD_StringSerial
 *fill*         0x00000000200000c2        0x2 
 .data.USBD_DFU_fops_FS
                0x00000000200000c4       0x1c Src/usbd_dfu_if.o
                0x00000000200000c4                USBD_DFU_fops_FS
                0x00000000200000e0                . = ALIGN (0x4)
                0x00000000200000e0                _edata = .

.igot.plt       0x00000000200000e0        0x0 load address 0x000000000800d464
 .igot.plt      0x00000000200000e0        0x0 c:/st/stm32cubeide_1.4.0/stm32cubeide/plugins/com.st.stm32cube.ide.mcu.externaltools.gnu-tools-for-stm32.7-2018-q2-update.win32_1.4.0.202007081208/tools/bin/../lib/gcc/arm-none-eabi/7.3.1/thumb/v7-m/crtbegin.o
                0x00000000200000e0                . = ALIGN (0x4)

.bss            0x00000000200000e0     0x2ba8 load address 0x000000000800d464
                0x00000000200000e0                _sbss = .
                0x00000000200000e0                __bss_start__ = _sbss
 *(.bss)
 .bss           0x00000000200000e0       0x1c c:/st/stm32cubeide_1.4.0/stm32cubeide/plugins/com.st.stm32cube.ide.mcu.externaltools.gnu-tools-for-stm32.7-2018-q2-update.win32_1.4.0.202007081208/tools/bin/../lib/gcc/arm-none-eabi/7.3.1/thumb/v7-m/crtbegin.o
 *(.bss*)
 .bss.USBD_StrDesc.9068
                0x00000000200000fc       0xff Middlewares/ST/STM32_USB_Device_Library/Class/DFU/Src/usbd_dfu.o
 .bss.cfgidx.9001
                0x00000000200001fb        0x1 Middlewares/ST/STM32_USB_Device_Library/Core/Src/usbd_ctlreq.o
 .bss.KernelState
                0x00000000200001fc        0x4 Middlewares/Third_Party/FreeRTOS/Source/CMSIS_RTOS_V2/cmsis_os2.o
 .bss.Idle_TCB  0x0000000020000200       0x5c Middlewares/Third_Party/FreeRTOS/Source/CMSIS_RTOS_V2/cmsis_os2.o
 .bss.Idle_Stack
                0x000000002000025c      0x200 Middlewares/Third_Party/FreeRTOS/Source/CMSIS_RTOS_V2/cmsis_os2.o
 .bss.Timer_TCB
                0x000000002000045c       0x5c Middlewares/Third_Party/FreeRTOS/Source/CMSIS_RTOS_V2/cmsis_os2.o
 .bss.Timer_Stack
                0x00000000200004b8      0x400 Middlewares/Third_Party/FreeRTOS/Source/CMSIS_RTOS_V2/cmsis_os2.o
 .bss.pxCurrentTCB
                0x00000000200008b8        0x4 Middlewares/Third_Party/FreeRTOS/Source/tasks.o
                0x00000000200008b8                pxCurrentTCB
 .bss.pxReadyTasksLists
                0x00000000200008bc      0x460 Middlewares/Third_Party/FreeRTOS/Source/tasks.o
 .bss.xDelayedTaskList1
                0x0000000020000d1c       0x14 Middlewares/Third_Party/FreeRTOS/Source/tasks.o
 .bss.xDelayedTaskList2
                0x0000000020000d30       0x14 Middlewares/Third_Party/FreeRTOS/Source/tasks.o
 .bss.pxDelayedTaskList
                0x0000000020000d44        0x4 Middlewares/Third_Party/FreeRTOS/Source/tasks.o
 .bss.pxOverflowDelayedTaskList
                0x0000000020000d48        0x4 Middlewares/Third_Party/FreeRTOS/Source/tasks.o
 .bss.xPendingReadyList
                0x0000000020000d4c       0x14 Middlewares/Third_Party/FreeRTOS/Source/tasks.o
 .bss.xTasksWaitingTermination
                0x0000000020000d60       0x14 Middlewares/Third_Party/FreeRTOS/Source/tasks.o
 .bss.uxDeletedTasksWaitingCleanUp
                0x0000000020000d74        0x4 Middlewares/Third_Party/FreeRTOS/Source/tasks.o
 .bss.xSuspendedTaskList
                0x0000000020000d78       0x14 Middlewares/Third_Party/FreeRTOS/Source/tasks.o
 .bss.uxCurrentNumberOfTasks
                0x0000000020000d8c        0x4 Middlewares/Third_Party/FreeRTOS/Source/tasks.o
 .bss.xTickCount
                0x0000000020000d90        0x4 Middlewares/Third_Party/FreeRTOS/Source/tasks.o
 .bss.uxTopReadyPriority
                0x0000000020000d94        0x4 Middlewares/Third_Party/FreeRTOS/Source/tasks.o
 .bss.xSchedulerRunning
                0x0000000020000d98        0x4 Middlewares/Third_Party/FreeRTOS/Source/tasks.o
 .bss.uxPendedTicks
                0x0000000020000d9c        0x4 Middlewares/Third_Party/FreeRTOS/Source/tasks.o
 .bss.xYieldPending
                0x0000000020000da0        0x4 Middlewares/Third_Party/FreeRTOS/Source/tasks.o
 .bss.xNumOfOverflows
                0x0000000020000da4        0x4 Middlewares/Third_Party/FreeRTOS/Source/tasks.o
 .bss.uxTaskNumber
                0x0000000020000da8        0x4 Middlewares/Third_Party/FreeRTOS/Source/tasks.o
 .bss.xNextTaskUnblockTime
                0x0000000020000dac        0x4 Middlewares/Third_Party/FreeRTOS/Source/tasks.o
 .bss.xIdleTaskHandle
                0x0000000020000db0        0x4 Middlewares/Third_Party/FreeRTOS/Source/tasks.o
 .bss.uxSchedulerSuspended
                0x0000000020000db4        0x4 Middlewares/Third_Party/FreeRTOS/Source/tasks.o
 .bss.xActiveTimerList1
                0x0000000020000db8       0x14 Middlewares/Third_Party/FreeRTOS/Source/timers.o
 .bss.xActiveTimerList2
                0x0000000020000dcc       0x14 Middlewares/Third_Party/FreeRTOS/Source/timers.o
 .bss.pxCurrentTimerList
                0x0000000020000de0        0x4 Middlewares/Third_Party/FreeRTOS/Source/timers.o
 .bss.pxOverflowTimerList
                0x0000000020000de4        0x4 Middlewares/Third_Party/FreeRTOS/Source/timers.o
 .bss.xTimerQueue
                0x0000000020000de8        0x4 Middlewares/Third_Party/FreeRTOS/Source/timers.o
 .bss.xTimerTaskHandle
                0x0000000020000dec        0x4 Middlewares/Third_Party/FreeRTOS/Source/timers.o
 .bss.xLastTime.5452
                0x0000000020000df0        0x4 Middlewares/Third_Party/FreeRTOS/Source/timers.o
 .bss.ucStaticTimerQueueStorage.5503
                0x0000000020000df4       0xa0 Middlewares/Third_Party/FreeRTOS/Source/timers.o
 .bss.xStaticTimerQueue.5502
                0x0000000020000e94       0x50 Middlewares/Third_Party/FreeRTOS/Source/timers.o
 .bss.ucMaxSysCallPriority
                0x0000000020000ee4        0x1 Middlewares/Third_Party/FreeRTOS/Source/portable/GCC/ARM_CM3/port.o
 *fill*         0x0000000020000ee5        0x3 
 .bss.ulMaxPRIGROUPValue
                0x0000000020000ee8        0x4 Middlewares/Third_Party/FreeRTOS/Source/portable/GCC/ARM_CM3/port.o
 .bss.ucHeap    0x0000000020000eec      0xc00 Middlewares/Third_Party/FreeRTOS/Source/portable/MemMang/heap_4.o
 .bss.xStart    0x0000000020001aec        0x8 Middlewares/Third_Party/FreeRTOS/Source/portable/MemMang/heap_4.o
 .bss.pxEnd     0x0000000020001af4        0x4 Middlewares/Third_Party/FreeRTOS/Source/portable/MemMang/heap_4.o
 .bss.xFreeBytesRemaining
                0x0000000020001af8        0x4 Middlewares/Third_Party/FreeRTOS/Source/portable/MemMang/heap_4.o
 .bss.xMinimumEverFreeBytesRemaining
                0x0000000020001afc        0x4 Middlewares/Third_Party/FreeRTOS/Source/portable/MemMang/heap_4.o
 .bss.xBlockAllocatedBit
                0x0000000020001b00        0x4 Middlewares/Third_Party/FreeRTOS/Source/portable/MemMang/heap_4.o
 .bss.mem.9074  0x0000000020001b04      0x420 Src/usbd_conf.o
 *(COMMON)
 COMMON         0x0000000020001f24        0x4 Drivers/STM32F1xx_HAL_Driver/Src/stm32f1xx_hal.o
                0x0000000020001f24                uwTick
 COMMON         0x0000000020001f28       0x4c Middlewares/ST/STM32_USB_Device_Library/Class/DFU/Src/usbd_dfu.o
                0x0000000020001f28                PC_SerialPort
                0x0000000020001f40                Right_Wheel
                0x0000000020001f50                Left_Wheel
                0x0000000020001f60                Board
                0x0000000020001f6c                Led
 COMMON         0x0000000020001f74       0x40 Middlewares/Third_Party/FreeRTOS/Source/queue.o
                0x0000000020001f74                xQueueRegistry
 COMMON         0x0000000020001fb4       0x60 Src/adc.o
                0x0000000020001fb4                hadc2
                0x0000000020001fe4                hadc1
 COMMON         0x0000000020002014        0x8 Src/crc.o
                0x0000000020002014                hcrc